<?xml version="1.0" encoding="ISO-8859-1" ?>
<link_info>
   <banner>TMS320C2000 Linker PC v18.12.4.LTS</banner>
   <copyright>Copyright (c) 1996-2018 Texas Instruments Incorporated</copyright>
   <link_time>0x5e4f6193</link_time>
   <link_errors>0x0</link_errors>
   <output_file>myProject2.cof</output_file>
   <entry_point>
      <name>_c_int00</name>
      <address>0x83a3</address>
   </entry_point>
   <input_file_list>
      <input_file id="fl-2">
         <path>.\</path>
         <kind>object</kind>
         <file>main.obj</file>
         <name>main.obj</name>
      </input_file>
      <input_file id="fl-3">
         <path>.\Application\</path>
         <kind>object</kind>
         <file>app.obj</file>
         <name>app.obj</name>
      </input_file>
      <input_file id="fl-4">
         <path>.\Application\</path>
         <kind>object</kind>
         <file>isr.obj</file>
         <name>isr.obj</name>
      </input_file>
      <input_file id="fl-5">
         <path>.\F2802x_Component\</path>
         <kind>object</kind>
         <file>F2802x_Device.obj</file>
         <name>F2802x_Device.obj</name>
      </input_file>
      <input_file id="fl-6">
         <path>.\F2802x_Component\source\</path>
         <kind>object</kind>
         <file>F2802x_CodeStartBranch.obj</file>
         <name>F2802x_CodeStartBranch.obj</name>
      </input_file>
      <input_file id="fl-7">
         <path>.\F2802x_Component\source\</path>
         <kind>object</kind>
         <file>adc.obj</file>
         <name>adc.obj</name>
      </input_file>
      <input_file id="fl-8">
         <path>.\F2802x_Component\source\</path>
         <kind>object</kind>
         <file>cap.obj</file>
         <name>cap.obj</name>
      </input_file>
      <input_file id="fl-9">
         <path>.\F2802x_Component\source\</path>
         <kind>object</kind>
         <file>clk.obj</file>
         <name>clk.obj</name>
      </input_file>
      <input_file id="fl-a">
         <path>.\F2802x_Component\source\</path>
         <kind>object</kind>
         <file>comp.obj</file>
         <name>comp.obj</name>
      </input_file>
      <input_file id="fl-b">
         <path>.\F2802x_Component\source\</path>
         <kind>object</kind>
         <file>cpu.obj</file>
         <name>cpu.obj</name>
      </input_file>
      <input_file id="fl-c">
         <path>.\F2802x_Component\source\</path>
         <kind>object</kind>
         <file>flash.obj</file>
         <name>flash.obj</name>
      </input_file>
      <input_file id="fl-d">
         <path>.\F2802x_Component\source\</path>
         <kind>object</kind>
         <file>gpio.obj</file>
         <name>gpio.obj</name>
      </input_file>
      <input_file id="fl-e">
         <path>.\F2802x_Component\source\</path>
         <kind>object</kind>
         <file>osc.obj</file>
         <name>osc.obj</name>
      </input_file>
      <input_file id="fl-f">
         <path>.\F2802x_Component\source\</path>
         <kind>object</kind>
         <file>pie.obj</file>
         <name>pie.obj</name>
      </input_file>
      <input_file id="fl-10">
         <path>.\F2802x_Component\source\</path>
         <kind>object</kind>
         <file>pll.obj</file>
         <name>pll.obj</name>
      </input_file>
      <input_file id="fl-11">
         <path>.\F2802x_Component\source\</path>
         <kind>object</kind>
         <file>pwm.obj</file>
         <name>pwm.obj</name>
      </input_file>
      <input_file id="fl-12">
         <path>.\F2802x_Component\source\</path>
         <kind>object</kind>
         <file>pwr.obj</file>
         <name>pwr.obj</name>
      </input_file>
      <input_file id="fl-13">
         <path>.\F2802x_Component\source\</path>
         <kind>object</kind>
         <file>sci.obj</file>
         <name>sci.obj</name>
      </input_file>
      <input_file id="fl-14">
         <path>.\F2802x_Component\source\</path>
         <kind>object</kind>
         <file>sci_io.obj</file>
         <name>sci_io.obj</name>
      </input_file>
      <input_file id="fl-15">
         <path>.\F2802x_Component\source\</path>
         <kind>object</kind>
         <file>spi.obj</file>
         <name>spi.obj</name>
      </input_file>
      <input_file id="fl-16">
         <path>.\F2802x_Component\source\</path>
         <kind>object</kind>
         <file>timer.obj</file>
         <name>timer.obj</name>
      </input_file>
      <input_file id="fl-17">
         <path>.\F2802x_Component\source\</path>
         <kind>object</kind>
         <file>wdog.obj</file>
         <name>wdog.obj</name>
      </input_file>
      <input_file id="fl-18">
         <path>.\User_Component\Button_GPIO\</path>
         <kind>object</kind>
         <file>Button_GPIO.obj</file>
         <name>Button_GPIO.obj</name>
      </input_file>
      <input_file id="fl-19">
         <path>.\User_Component\Delay\</path>
         <kind>object</kind>
         <file>Delay.obj</file>
         <name>Delay.obj</name>
      </input_file>
      <input_file id="fl-1a">
         <path>.\User_Component\Example\</path>
         <kind>object</kind>
         <file>example.obj</file>
         <name>example.obj</name>
      </input_file>
      <input_file id="fl-1b">
         <path>.\User_Component\LED_GPIO\</path>
         <kind>object</kind>
         <file>LED_GPIO.obj</file>
         <name>LED_GPIO.obj</name>
      </input_file>
      <input_file id="fl-1c">
         <path>.\User_Component\User_System\</path>
         <kind>object</kind>
         <file>User_System.obj</file>
         <name>User_System.obj</name>
      </input_file>
      <input_file id="fl-24">
         <kind>object</kind>
         <file>&lt;internal&gt;</file>
         <name>&lt;internal&gt;</name>
      </input_file>
      <input_file id="fl-30">
         <path>C:\ti\ccs930\ccs\tools\compiler\ti-cgt-c2000_18.12.4.LTS\lib\</path>
         <kind>archive</kind>
         <file>rts2800_ml.lib</file>
         <name>boot28.asm.obj</name>
      </input_file>
      <input_file id="fl-31">
         <path>C:\ti\ccs930\ccs\tools\compiler\ti-cgt-c2000_18.12.4.LTS\lib\</path>
         <kind>archive</kind>
         <file>rts2800_ml.lib</file>
         <name>cpy_tbl.c.obj</name>
      </input_file>
      <input_file id="fl-32">
         <path>C:\ti\ccs930\ccs\tools\compiler\ti-cgt-c2000_18.12.4.LTS\lib\</path>
         <kind>archive</kind>
         <file>rts2800_ml.lib</file>
         <name>memcpy.c.obj</name>
      </input_file>
      <input_file id="fl-33">
         <path>C:\ti\ccs930\ccs\tools\compiler\ti-cgt-c2000_18.12.4.LTS\lib\</path>
         <kind>archive</kind>
         <file>rts2800_ml.lib</file>
         <name>pre_init.c.obj</name>
      </input_file>
      <input_file id="fl-34">
         <path>C:\ti\ccs930\ccs\tools\compiler\ti-cgt-c2000_18.12.4.LTS\lib\</path>
         <kind>archive</kind>
         <file>rts2800_ml.lib</file>
         <name>startup.c.obj</name>
      </input_file>
      <input_file id="fl-35">
         <path>C:\ti\ccs930\ccs\tools\compiler\ti-cgt-c2000_18.12.4.LTS\lib\</path>
         <kind>archive</kind>
         <file>rts2800_ml.lib</file>
         <name>exit.c.obj</name>
      </input_file>
      <input_file id="fl-36">
         <path>C:\ti\ccs930\ccs\tools\compiler\ti-cgt-c2000_18.12.4.LTS\lib\</path>
         <kind>archive</kind>
         <file>rts2800_ml.lib</file>
         <name>_lock.c.obj</name>
      </input_file>
      <input_file id="fl-37">
         <path>C:\ti\ccs930\ccs\tools\compiler\ti-cgt-c2000_18.12.4.LTS\lib\</path>
         <kind>archive</kind>
         <file>rts2800_ml.lib</file>
         <name>args_main.c.obj</name>
      </input_file>
   </input_file_list>
   <object_component_list>
      <object_component id="oc-24">
         <name>codestart</name>
         <load_address>0x0</load_address>
         <run_address>0x0</run_address>
         <size>0x2</size>
         <input_file_ref idref="fl-6"/>
      </object_component>
      <object_component id="oc-d5">
         <name>.text</name>
         <load_address>0x8000</load_address>
         <run_address>0x8000</run_address>
         <size>0x128</size>
         <input_file_ref idref="fl-9"/>
      </object_component>
      <object_component id="oc-d8">
         <name>.text</name>
         <load_address>0x8128</load_address>
         <run_address>0x8128</run_address>
         <size>0x113</size>
         <input_file_ref idref="fl-d"/>
      </object_component>
      <object_component id="oc-d7">
         <name>.text</name>
         <load_address>0x823b</load_address>
         <run_address>0x823b</run_address>
         <size>0xf8</size>
         <input_file_ref idref="fl-f"/>
      </object_component>
      <object_component id="oc-d6">
         <name>.text</name>
         <load_address>0x8333</load_address>
         <run_address>0x8333</run_address>
         <size>0x70</size>
         <input_file_ref idref="fl-10"/>
      </object_component>
      <object_component id="oc-10">
         <name>.text</name>
         <load_address>0x83a3</load_address>
         <run_address>0x83a3</run_address>
         <size>0x54</size>
         <input_file_ref idref="fl-30"/>
      </object_component>
      <object_component id="oc-d3">
         <name>.text</name>
         <load_address>0x83f7</load_address>
         <run_address>0x83f7</run_address>
         <size>0x46</size>
         <input_file_ref idref="fl-17"/>
      </object_component>
      <object_component id="oc-cc">
         <name>.text</name>
         <load_address>0x843d</load_address>
         <run_address>0x843d</run_address>
         <size>0x3c</size>
         <input_file_ref idref="fl-1c"/>
      </object_component>
      <object_component id="oc-d2">
         <name>.text</name>
         <load_address>0x8479</load_address>
         <run_address>0x8479</run_address>
         <size>0x32</size>
         <input_file_ref idref="fl-5"/>
      </object_component>
      <object_component id="oc-cd">
         <name>.text</name>
         <load_address>0x84ab</load_address>
         <run_address>0x84ab</run_address>
         <size>0x2b</size>
         <input_file_ref idref="fl-1b"/>
      </object_component>
      <object_component id="oc-c7">
         <name>.text</name>
         <load_address>0x84d6</load_address>
         <run_address>0x84d6</run_address>
         <size>0x29</size>
         <input_file_ref idref="fl-35"/>
      </object_component>
      <object_component id="oc-d4">
         <name>.text</name>
         <load_address>0x84ff</load_address>
         <run_address>0x84ff</run_address>
         <size>0x25</size>
         <input_file_ref idref="fl-b"/>
      </object_component>
      <object_component id="oc-ce">
         <name>.text</name>
         <load_address>0x8524</load_address>
         <run_address>0x8524</run_address>
         <size>0x24</size>
         <input_file_ref idref="fl-18"/>
      </object_component>
      <object_component id="oc-c4">
         <name>.text</name>
         <load_address>0x8548</load_address>
         <run_address>0x8548</run_address>
         <size>0x24</size>
         <input_file_ref idref="fl-31"/>
      </object_component>
      <object_component id="oc-cf">
         <name>.text</name>
         <load_address>0x856c</load_address>
         <run_address>0x856c</run_address>
         <size>0x21</size>
         <input_file_ref idref="fl-3"/>
      </object_component>
      <object_component id="oc-c8">
         <name>.text</name>
         <load_address>0x858d</load_address>
         <run_address>0x858d</run_address>
         <size>0x1d</size>
         <input_file_ref idref="fl-32"/>
      </object_component>
      <object_component id="oc-c6">
         <name>.text</name>
         <load_address>0x85aa</load_address>
         <run_address>0x85aa</run_address>
         <size>0x19</size>
         <input_file_ref idref="fl-37"/>
      </object_component>
      <object_component id="oc-c9">
         <name>.text</name>
         <load_address>0x85c3</load_address>
         <run_address>0x85c3</run_address>
         <size>0x15</size>
         <input_file_ref idref="fl-2"/>
      </object_component>
      <object_component id="oc-d0">
         <name>.text</name>
         <load_address>0x85d8</load_address>
         <run_address>0x85d8</run_address>
         <size>0x9</size>
         <input_file_ref idref="fl-36"/>
      </object_component>
      <object_component id="oc-23">
         <name>.text</name>
         <load_address>0x85e1</load_address>
         <run_address>0x85e1</run_address>
         <size>0x8</size>
         <input_file_ref idref="fl-6"/>
      </object_component>
      <object_component id="oc-d9">
         <name>.text</name>
         <load_address>0x85e9</load_address>
         <run_address>0x85e9</run_address>
         <size>0x5</size>
         <input_file_ref idref="fl-19"/>
      </object_component>
      <object_component id="oc-53">
         <name>.text:retain</name>
         <load_address>0x85ee</load_address>
         <run_address>0x85ee</run_address>
         <size>0x5</size>
         <input_file_ref idref="fl-f"/>
      </object_component>
      <object_component id="oc-c3">
         <name>.text</name>
         <load_address>0x85f3</load_address>
         <run_address>0x85f3</run_address>
         <size>0x2</size>
         <input_file_ref idref="fl-33"/>
      </object_component>
      <object_component id="oc-c5">
         <name>.text</name>
         <load_address>0x85f5</load_address>
         <run_address>0x85f5</run_address>
         <size>0x1</size>
         <input_file_ref idref="fl-34"/>
      </object_component>
      <object_component id="oc-b3">
         <name>.cinit</name>
         <load_address>0x50</load_address>
         <run_address>0x50</run_address>
         <size>0xe</size>
         <input_file_ref idref="fl-35"/>
      </object_component>
      <object_component id="oc-cb">
         <name>.cinit:__lock</name>
         <load_address>0x5e</load_address>
         <run_address>0x5e</run_address>
         <size>0x5</size>
         <input_file_ref idref="fl-36"/>
      </object_component>
      <object_component id="oc-d1">
         <name>.cinit:__unlock</name>
         <load_address>0x63</load_address>
         <run_address>0x63</run_address>
         <size>0x5</size>
         <input_file_ref idref="fl-36"/>
      </object_component>
      <object_component id="oc-6d">
         <name>.cinit</name>
         <load_address>0x68</load_address>
         <run_address>0x68</run_address>
         <size>0x4</size>
         <input_file_ref idref="fl-14"/>
      </object_component>
      <object_component id="oc-99">
         <name>.reset</name>
         <load_address>0x3fffc0</load_address>
         <run_address>0x3fffc0</run_address>
         <size>0x2</size>
         <input_file_ref idref="fl-30"/>
      </object_component>
      <object_component id="oc-98">
         <name>.stack</name>
         <uninitialized>true</uninitialized>
         <run_address>0x400</run_address>
         <size>0x0</size>
         <input_file_ref idref="fl-30"/>
      </object_component>
      <object_component id="oc-f4">
         <name>.stack</name>
         <uninitialized>true</uninitialized>
         <run_address>0x400</run_address>
         <size>0x0</size>
      </object_component>
      <object_component id="oc-12">
         <name>.ebss</name>
         <uninitialized>true</uninitialized>
         <run_address>0x8900</run_address>
         <size>0xc</size>
         <input_file_ref idref="fl-2"/>
      </object_component>
      <object_component id="oc-3e">
         <name>.ebss</name>
         <uninitialized>true</uninitialized>
         <run_address>0x891a</run_address>
         <size>0x1</size>
         <input_file_ref idref="fl-b"/>
      </object_component>
      <object_component id="oc-6e">
         <name>.ebss</name>
         <uninitialized>true</uninitialized>
         <run_address>0x8912</run_address>
         <size>0x4</size>
         <input_file_ref idref="fl-14"/>
      </object_component>
      <object_component id="oc-b4">
         <name>.ebss</name>
         <uninitialized>true</uninitialized>
         <run_address>0x890c</run_address>
         <size>0x6</size>
         <input_file_ref idref="fl-35"/>
      </object_component>
      <object_component id="oc-ca">
         <name>.ebss:__lock</name>
         <uninitialized>true</uninitialized>
         <run_address>0x8916</run_address>
         <size>0x2</size>
         <input_file_ref idref="fl-36"/>
      </object_component>
      <object_component id="oc-da">
         <name>.ebss:__unlock</name>
         <uninitialized>true</uninitialized>
         <run_address>0x8918</run_address>
         <size>0x2</size>
         <input_file_ref idref="fl-36"/>
      </object_component>
      <object_component id="oc-11">
         <name>.debug_info</name>
         <load_address>0x0</load_address>
         <run_address>0x0</run_address>
         <size>0x76a</size>
         <input_file_ref idref="fl-2"/>
      </object_component>
      <object_component id="oc-17">
         <name>.debug_info</name>
         <load_address>0x76a</load_address>
         <run_address>0x76a</run_address>
         <size>0x786</size>
         <input_file_ref idref="fl-3"/>
      </object_component>
      <object_component id="oc-1c">
         <name>.debug_info</name>
         <load_address>0xef0</load_address>
         <run_address>0xef0</run_address>
         <size>0x18a</size>
         <input_file_ref idref="fl-4"/>
      </object_component>
      <object_component id="oc-1e">
         <name>.debug_info</name>
         <load_address>0x107a</load_address>
         <run_address>0x107a</run_address>
         <size>0x611</size>
         <input_file_ref idref="fl-5"/>
      </object_component>
      <object_component id="oc-26">
         <name>.debug_info</name>
         <load_address>0x168b</load_address>
         <run_address>0x168b</run_address>
         <size>0x16b</size>
         <input_file_ref idref="fl-6"/>
      </object_component>
      <object_component id="oc-29">
         <name>.debug_info</name>
         <load_address>0x17f6</load_address>
         <run_address>0x17f6</run_address>
         <size>0x1ba0</size>
         <input_file_ref idref="fl-7"/>
      </object_component>
      <object_component id="oc-2e">
         <name>.debug_info</name>
         <load_address>0x3396</load_address>
         <run_address>0x3396</run_address>
         <size>0x77d</size>
         <input_file_ref idref="fl-8"/>
      </object_component>
      <object_component id="oc-33">
         <name>.debug_info</name>
         <load_address>0x3b13</load_address>
         <run_address>0x3b13</run_address>
         <size>0x2ad1</size>
         <input_file_ref idref="fl-9"/>
      </object_component>
      <object_component id="oc-38">
         <name>.debug_info</name>
         <load_address>0x65e4</load_address>
         <run_address>0x65e4</run_address>
         <size>0x556</size>
         <input_file_ref idref="fl-a"/>
      </object_component>
      <object_component id="oc-3d">
         <name>.debug_info</name>
         <load_address>0x6b3a</load_address>
         <run_address>0x6b3a</run_address>
         <size>0xc11</size>
         <input_file_ref idref="fl-b"/>
      </object_component>
      <object_component id="oc-43">
         <name>.debug_info</name>
         <load_address>0x774b</load_address>
         <run_address>0x774b</run_address>
         <size>0xb6f</size>
         <input_file_ref idref="fl-c"/>
      </object_component>
      <object_component id="oc-48">
         <name>.debug_info</name>
         <load_address>0x82ba</load_address>
         <run_address>0x82ba</run_address>
         <size>0x225b</size>
         <input_file_ref idref="fl-d"/>
      </object_component>
      <object_component id="oc-4d">
         <name>.debug_info</name>
         <load_address>0xa515</load_address>
         <run_address>0xa515</run_address>
         <size>0x44f</size>
         <input_file_ref idref="fl-e"/>
      </object_component>
      <object_component id="oc-52">
         <name>.debug_info</name>
         <load_address>0xa964</load_address>
         <run_address>0xa964</run_address>
         <size>0x3599</size>
         <input_file_ref idref="fl-f"/>
      </object_component>
      <object_component id="oc-58">
         <name>.debug_info</name>
         <load_address>0xdefd</load_address>
         <run_address>0xdefd</run_address>
         <size>0x14ca</size>
         <input_file_ref idref="fl-10"/>
      </object_component>
      <object_component id="oc-5d">
         <name>.debug_info</name>
         <load_address>0xf3c7</load_address>
         <run_address>0xf3c7</run_address>
         <size>0x23ed</size>
         <input_file_ref idref="fl-11"/>
      </object_component>
      <object_component id="oc-62">
         <name>.debug_info</name>
         <load_address>0x117b4</load_address>
         <run_address>0x117b4</run_address>
         <size>0xad1</size>
         <input_file_ref idref="fl-12"/>
      </object_component>
      <object_component id="oc-67">
         <name>.debug_info</name>
         <load_address>0x12285</load_address>
         <run_address>0x12285</run_address>
         <size>0x929</size>
         <input_file_ref idref="fl-13"/>
      </object_component>
      <object_component id="oc-6c">
         <name>.debug_info</name>
         <load_address>0x12bae</load_address>
         <run_address>0x12bae</run_address>
         <size>0x5e1</size>
         <input_file_ref idref="fl-14"/>
      </object_component>
      <object_component id="oc-73">
         <name>.debug_info</name>
         <load_address>0x1318f</load_address>
         <run_address>0x1318f</run_address>
         <size>0xa6b</size>
         <input_file_ref idref="fl-15"/>
      </object_component>
      <object_component id="oc-78">
         <name>.debug_info</name>
         <load_address>0x13bfa</load_address>
         <run_address>0x13bfa</run_address>
         <size>0x4cf</size>
         <input_file_ref idref="fl-16"/>
      </object_component>
      <object_component id="oc-7d">
         <name>.debug_info</name>
         <load_address>0x140c9</load_address>
         <run_address>0x140c9</run_address>
         <size>0xe58</size>
         <input_file_ref idref="fl-17"/>
      </object_component>
      <object_component id="oc-82">
         <name>.debug_info</name>
         <load_address>0x14f21</load_address>
         <run_address>0x14f21</run_address>
         <size>0x1207</size>
         <input_file_ref idref="fl-18"/>
      </object_component>
      <object_component id="oc-87">
         <name>.debug_info</name>
         <load_address>0x16128</load_address>
         <run_address>0x16128</run_address>
         <size>0x374</size>
         <input_file_ref idref="fl-19"/>
      </object_component>
      <object_component id="oc-8c">
         <name>.debug_info</name>
         <load_address>0x1649c</load_address>
         <run_address>0x1649c</run_address>
         <size>0x199</size>
         <input_file_ref idref="fl-1a"/>
      </object_component>
      <object_component id="oc-8e">
         <name>.debug_info</name>
         <load_address>0x16635</load_address>
         <run_address>0x16635</run_address>
         <size>0x1431</size>
         <input_file_ref idref="fl-1b"/>
      </object_component>
      <object_component id="oc-93">
         <name>.debug_info</name>
         <load_address>0x17a66</load_address>
         <run_address>0x17a66</run_address>
         <size>0xb42</size>
         <input_file_ref idref="fl-1c"/>
      </object_component>
      <object_component id="oc-9a">
         <name>.debug_info</name>
         <load_address>0x185a8</load_address>
         <run_address>0x185a8</run_address>
         <size>0x172</size>
         <input_file_ref idref="fl-30"/>
      </object_component>
      <object_component id="oc-9e">
         <name>.debug_info</name>
         <load_address>0x1871a</load_address>
         <run_address>0x1871a</run_address>
         <size>0x4f9</size>
         <input_file_ref idref="fl-31"/>
      </object_component>
      <object_component id="oc-a3">
         <name>.debug_info</name>
         <load_address>0x18c13</load_address>
         <run_address>0x18c13</run_address>
         <size>0x3d2</size>
         <input_file_ref idref="fl-32"/>
      </object_component>
      <object_component id="oc-a8">
         <name>.debug_info</name>
         <load_address>0x18fe5</load_address>
         <run_address>0x18fe5</run_address>
         <size>0x345</size>
         <input_file_ref idref="fl-33"/>
      </object_component>
      <object_component id="oc-ad">
         <name>.debug_info</name>
         <load_address>0x1932a</load_address>
         <run_address>0x1932a</run_address>
         <size>0x342</size>
         <input_file_ref idref="fl-34"/>
      </object_component>
      <object_component id="oc-b2">
         <name>.debug_info</name>
         <load_address>0x1966c</load_address>
         <run_address>0x1966c</run_address>
         <size>0x4dc</size>
         <input_file_ref idref="fl-35"/>
      </object_component>
      <object_component id="oc-b9">
         <name>.debug_info</name>
         <load_address>0x19b48</load_address>
         <run_address>0x19b48</run_address>
         <size>0x464</size>
         <input_file_ref idref="fl-36"/>
      </object_component>
      <object_component id="oc-be">
         <name>.debug_info</name>
         <load_address>0x19fac</load_address>
         <run_address>0x19fac</run_address>
         <size>0x3ff</size>
         <input_file_ref idref="fl-37"/>
      </object_component>
      <object_component id="oc-f5">
         <name>.debug_info</name>
         <load_address>0x1a3ab</load_address>
         <run_address>0x1a3ab</run_address>
         <size>0xab</size>
      </object_component>
      <object_component id="oc-13">
         <name>.debug_frame</name>
         <load_address>0x0</load_address>
         <run_address>0x0</run_address>
         <size>0x38</size>
         <input_file_ref idref="fl-2"/>
      </object_component>
      <object_component id="oc-18">
         <name>.debug_frame</name>
         <load_address>0x38</load_address>
         <run_address>0x38</run_address>
         <size>0x54</size>
         <input_file_ref idref="fl-3"/>
      </object_component>
      <object_component id="oc-1f">
         <name>.debug_frame</name>
         <load_address>0x8c</load_address>
         <run_address>0x8c</run_address>
         <size>0x38</size>
         <input_file_ref idref="fl-5"/>
      </object_component>
      <object_component id="oc-2a">
         <name>.debug_frame</name>
         <load_address>0xc4</load_address>
         <run_address>0xc4</run_address>
         <size>0x20</size>
         <input_file_ref idref="fl-7"/>
      </object_component>
      <object_component id="oc-2f">
         <name>.debug_frame</name>
         <load_address>0xe4</load_address>
         <run_address>0xe4</run_address>
         <size>0x20</size>
         <input_file_ref idref="fl-8"/>
      </object_component>
      <object_component id="oc-34">
         <name>.debug_frame</name>
         <load_address>0x104</load_address>
         <run_address>0x104</run_address>
         <size>0x440</size>
         <input_file_ref idref="fl-9"/>
      </object_component>
      <object_component id="oc-39">
         <name>.debug_frame</name>
         <load_address>0x544</load_address>
         <run_address>0x544</run_address>
         <size>0x20</size>
         <input_file_ref idref="fl-a"/>
      </object_component>
      <object_component id="oc-3f">
         <name>.debug_frame</name>
         <load_address>0x564</load_address>
         <run_address>0x564</run_address>
         <size>0x128</size>
         <input_file_ref idref="fl-b"/>
      </object_component>
      <object_component id="oc-44">
         <name>.debug_frame</name>
         <load_address>0x68c</load_address>
         <run_address>0x68c</run_address>
         <size>0x20</size>
         <input_file_ref idref="fl-c"/>
      </object_component>
      <object_component id="oc-49">
         <name>.debug_frame</name>
         <load_address>0x6ac</load_address>
         <run_address>0x6ac</run_address>
         <size>0x174</size>
         <input_file_ref idref="fl-d"/>
      </object_component>
      <object_component id="oc-4e">
         <name>.debug_frame</name>
         <load_address>0x820</load_address>
         <run_address>0x820</run_address>
         <size>0x20</size>
         <input_file_ref idref="fl-e"/>
      </object_component>
      <object_component id="oc-54">
         <name>.debug_frame</name>
         <load_address>0x840</load_address>
         <run_address>0x840</run_address>
         <size>0x2a8</size>
         <input_file_ref idref="fl-f"/>
      </object_component>
      <object_component id="oc-59">
         <name>.debug_frame</name>
         <load_address>0xae8</load_address>
         <run_address>0xae8</run_address>
         <size>0x1d0</size>
         <input_file_ref idref="fl-10"/>
      </object_component>
      <object_component id="oc-5e">
         <name>.debug_frame</name>
         <load_address>0xcb8</load_address>
         <run_address>0xcb8</run_address>
         <size>0x20</size>
         <input_file_ref idref="fl-11"/>
      </object_component>
      <object_component id="oc-63">
         <name>.debug_frame</name>
         <load_address>0xcd8</load_address>
         <run_address>0xcd8</run_address>
         <size>0x20</size>
         <input_file_ref idref="fl-12"/>
      </object_component>
      <object_component id="oc-68">
         <name>.debug_frame</name>
         <load_address>0xcf8</load_address>
         <run_address>0xcf8</run_address>
         <size>0x20</size>
         <input_file_ref idref="fl-13"/>
      </object_component>
      <object_component id="oc-6f">
         <name>.debug_frame</name>
         <load_address>0xd18</load_address>
         <run_address>0xd18</run_address>
         <size>0x20</size>
         <input_file_ref idref="fl-14"/>
      </object_component>
      <object_component id="oc-74">
         <name>.debug_frame</name>
         <load_address>0xd38</load_address>
         <run_address>0xd38</run_address>
         <size>0x20</size>
         <input_file_ref idref="fl-15"/>
      </object_component>
      <object_component id="oc-79">
         <name>.debug_frame</name>
         <load_address>0xd58</load_address>
         <run_address>0xd58</run_address>
         <size>0x20</size>
         <input_file_ref idref="fl-16"/>
      </object_component>
      <object_component id="oc-7e">
         <name>.debug_frame</name>
         <load_address>0xd78</load_address>
         <run_address>0xd78</run_address>
         <size>0x128</size>
         <input_file_ref idref="fl-17"/>
      </object_component>
      <object_component id="oc-83">
         <name>.debug_frame</name>
         <load_address>0xea0</load_address>
         <run_address>0xea0</run_address>
         <size>0x50</size>
         <input_file_ref idref="fl-18"/>
      </object_component>
      <object_component id="oc-88">
         <name>.debug_frame</name>
         <load_address>0xef0</load_address>
         <run_address>0xef0</run_address>
         <size>0x38</size>
         <input_file_ref idref="fl-19"/>
      </object_component>
      <object_component id="oc-8f">
         <name>.debug_frame</name>
         <load_address>0xf28</load_address>
         <run_address>0xf28</run_address>
         <size>0xc8</size>
         <input_file_ref idref="fl-1b"/>
      </object_component>
      <object_component id="oc-94">
         <name>.debug_frame</name>
         <load_address>0xff0</load_address>
         <run_address>0xff0</run_address>
         <size>0x80</size>
         <input_file_ref idref="fl-1c"/>
      </object_component>
      <object_component id="oc-9f">
         <name>.debug_frame</name>
         <load_address>0x1070</load_address>
         <run_address>0x1070</run_address>
         <size>0x58</size>
         <input_file_ref idref="fl-31"/>
      </object_component>
      <object_component id="oc-a4">
         <name>.debug_frame</name>
         <load_address>0x10c8</load_address>
         <run_address>0x10c8</run_address>
         <size>0x38</size>
         <input_file_ref idref="fl-32"/>
      </object_component>
      <object_component id="oc-a9">
         <name>.debug_frame</name>
         <load_address>0x1100</load_address>
         <run_address>0x1100</run_address>
         <size>0x38</size>
         <input_file_ref idref="fl-33"/>
      </object_component>
      <object_component id="oc-ae">
         <name>.debug_frame</name>
         <load_address>0x1138</load_address>
         <run_address>0x1138</run_address>
         <size>0x38</size>
         <input_file_ref idref="fl-34"/>
      </object_component>
      <object_component id="oc-b5">
         <name>.debug_frame</name>
         <load_address>0x1170</load_address>
         <run_address>0x1170</run_address>
         <size>0x58</size>
         <input_file_ref idref="fl-35"/>
      </object_component>
      <object_component id="oc-ba">
         <name>.debug_frame</name>
         <load_address>0x11c8</load_address>
         <run_address>0x11c8</run_address>
         <size>0x68</size>
         <input_file_ref idref="fl-36"/>
      </object_component>
      <object_component id="oc-bf">
         <name>.debug_frame</name>
         <load_address>0x1230</load_address>
         <run_address>0x1230</run_address>
         <size>0x38</size>
         <input_file_ref idref="fl-37"/>
      </object_component>
      <object_component id="oc-14">
         <name>.debug_line</name>
         <load_address>0x0</load_address>
         <run_address>0x0</run_address>
         <size>0x4b</size>
         <input_file_ref idref="fl-2"/>
      </object_component>
      <object_component id="oc-19">
         <name>.debug_line</name>
         <load_address>0x4b</load_address>
         <run_address>0x4b</run_address>
         <size>0x68</size>
         <input_file_ref idref="fl-3"/>
      </object_component>
      <object_component id="oc-20">
         <name>.debug_line</name>
         <load_address>0xb3</load_address>
         <run_address>0xb3</run_address>
         <size>0x72</size>
         <input_file_ref idref="fl-5"/>
      </object_component>
      <object_component id="oc-25">
         <name>.debug_line</name>
         <load_address>0x125</load_address>
         <run_address>0x125</run_address>
         <size>0x77</size>
         <input_file_ref idref="fl-6"/>
      </object_component>
      <object_component id="oc-2b">
         <name>.debug_line</name>
         <load_address>0x19c</load_address>
         <run_address>0x19c</run_address>
         <size>0x41</size>
         <input_file_ref idref="fl-7"/>
      </object_component>
      <object_component id="oc-30">
         <name>.debug_line</name>
         <load_address>0x1dd</load_address>
         <run_address>0x1dd</run_address>
         <size>0x41</size>
         <input_file_ref idref="fl-8"/>
      </object_component>
      <object_component id="oc-35">
         <name>.debug_line</name>
         <load_address>0x21e</load_address>
         <run_address>0x21e</run_address>
         <size>0x40d</size>
         <input_file_ref idref="fl-9"/>
      </object_component>
      <object_component id="oc-3a">
         <name>.debug_line</name>
         <load_address>0x62b</load_address>
         <run_address>0x62b</run_address>
         <size>0x42</size>
         <input_file_ref idref="fl-a"/>
      </object_component>
      <object_component id="oc-40">
         <name>.debug_line</name>
         <load_address>0x66d</load_address>
         <run_address>0x66d</run_address>
         <size>0x11c</size>
         <input_file_ref idref="fl-b"/>
      </object_component>
      <object_component id="oc-45">
         <name>.debug_line</name>
         <load_address>0x789</load_address>
         <run_address>0x789</run_address>
         <size>0x43</size>
         <input_file_ref idref="fl-c"/>
      </object_component>
      <object_component id="oc-4a">
         <name>.debug_line</name>
         <load_address>0x7cc</load_address>
         <run_address>0x7cc</run_address>
         <size>0x20d</size>
         <input_file_ref idref="fl-d"/>
      </object_component>
      <object_component id="oc-4f">
         <name>.debug_line</name>
         <load_address>0x9d9</load_address>
         <run_address>0x9d9</run_address>
         <size>0x92</size>
         <input_file_ref idref="fl-e"/>
      </object_component>
      <object_component id="oc-55">
         <name>.debug_line</name>
         <load_address>0xa6b</load_address>
         <run_address>0xa6b</run_address>
         <size>0x2c6</size>
         <input_file_ref idref="fl-f"/>
      </object_component>
      <object_component id="oc-5a">
         <name>.debug_line</name>
         <load_address>0xd31</load_address>
         <run_address>0xd31</run_address>
         <size>0x1d2</size>
         <input_file_ref idref="fl-10"/>
      </object_component>
      <object_component id="oc-5f">
         <name>.debug_line</name>
         <load_address>0xf03</load_address>
         <run_address>0xf03</run_address>
         <size>0x41</size>
         <input_file_ref idref="fl-11"/>
      </object_component>
      <object_component id="oc-64">
         <name>.debug_line</name>
         <load_address>0xf44</load_address>
         <run_address>0xf44</run_address>
         <size>0x41</size>
         <input_file_ref idref="fl-12"/>
      </object_component>
      <object_component id="oc-69">
         <name>.debug_line</name>
         <load_address>0xf85</load_address>
         <run_address>0xf85</run_address>
         <size>0x92</size>
         <input_file_ref idref="fl-13"/>
      </object_component>
      <object_component id="oc-70">
         <name>.debug_line</name>
         <load_address>0x1017</load_address>
         <run_address>0x1017</run_address>
         <size>0x95</size>
         <input_file_ref idref="fl-14"/>
      </object_component>
      <object_component id="oc-75">
         <name>.debug_line</name>
         <load_address>0x10ac</load_address>
         <run_address>0x10ac</run_address>
         <size>0x41</size>
         <input_file_ref idref="fl-15"/>
      </object_component>
      <object_component id="oc-7a">
         <name>.debug_line</name>
         <load_address>0x10ed</load_address>
         <run_address>0x10ed</run_address>
         <size>0x43</size>
         <input_file_ref idref="fl-16"/>
      </object_component>
      <object_component id="oc-7f">
         <name>.debug_line</name>
         <load_address>0x1130</load_address>
         <run_address>0x1130</run_address>
         <size>0x13d</size>
         <input_file_ref idref="fl-17"/>
      </object_component>
      <object_component id="oc-84">
         <name>.debug_line</name>
         <load_address>0x126d</load_address>
         <run_address>0x126d</run_address>
         <size>0x75</size>
         <input_file_ref idref="fl-18"/>
      </object_component>
      <object_component id="oc-89">
         <name>.debug_line</name>
         <load_address>0x12e2</load_address>
         <run_address>0x12e2</run_address>
         <size>0x53</size>
         <input_file_ref idref="fl-19"/>
      </object_component>
      <object_component id="oc-90">
         <name>.debug_line</name>
         <load_address>0x1335</load_address>
         <run_address>0x1335</run_address>
         <size>0xd7</size>
         <input_file_ref idref="fl-1b"/>
      </object_component>
      <object_component id="oc-95">
         <name>.debug_line</name>
         <load_address>0x140c</load_address>
         <run_address>0x140c</run_address>
         <size>0xa4</size>
         <input_file_ref idref="fl-1c"/>
      </object_component>
      <object_component id="oc-9b">
         <name>.debug_line</name>
         <load_address>0x14b0</load_address>
         <run_address>0x14b0</run_address>
         <size>0x7d</size>
         <input_file_ref idref="fl-30"/>
      </object_component>
      <object_component id="oc-a0">
         <name>.debug_line</name>
         <load_address>0x152d</load_address>
         <run_address>0x152d</run_address>
         <size>0x50</size>
         <input_file_ref idref="fl-31"/>
      </object_component>
      <object_component id="oc-a5">
         <name>.debug_line</name>
         <load_address>0x157d</load_address>
         <run_address>0x157d</run_address>
         <size>0x62</size>
         <input_file_ref idref="fl-32"/>
      </object_component>
      <object_component id="oc-aa">
         <name>.debug_line</name>
         <load_address>0x15df</load_address>
         <run_address>0x15df</run_address>
         <size>0x3e</size>
         <input_file_ref idref="fl-33"/>
      </object_component>
      <object_component id="oc-af">
         <name>.debug_line</name>
         <load_address>0x161d</load_address>
         <run_address>0x161d</run_address>
         <size>0x3a</size>
         <input_file_ref idref="fl-34"/>
      </object_component>
      <object_component id="oc-b6">
         <name>.debug_line</name>
         <load_address>0x1657</load_address>
         <run_address>0x1657</run_address>
         <size>0x65</size>
         <input_file_ref idref="fl-35"/>
      </object_component>
      <object_component id="oc-bb">
         <name>.debug_line</name>
         <load_address>0x16bc</load_address>
         <run_address>0x16bc</run_address>
         <size>0x5e</size>
         <input_file_ref idref="fl-36"/>
      </object_component>
      <object_component id="oc-c0">
         <name>.debug_line</name>
         <load_address>0x171a</load_address>
         <run_address>0x171a</run_address>
         <size>0x55</size>
         <input_file_ref idref="fl-37"/>
      </object_component>
      <object_component id="oc-15">
         <name>.debug_abbrev</name>
         <load_address>0x0</load_address>
         <run_address>0x0</run_address>
         <size>0xa0</size>
         <input_file_ref idref="fl-2"/>
      </object_component>
      <object_component id="oc-1a">
         <name>.debug_abbrev</name>
         <load_address>0xa0</load_address>
         <run_address>0xa0</run_address>
         <size>0xe9</size>
         <input_file_ref idref="fl-3"/>
      </object_component>
      <object_component id="oc-1d">
         <name>.debug_abbrev</name>
         <load_address>0x189</load_address>
         <run_address>0x189</run_address>
         <size>0x21</size>
         <input_file_ref idref="fl-4"/>
      </object_component>
      <object_component id="oc-21">
         <name>.debug_abbrev</name>
         <load_address>0x1aa</load_address>
         <run_address>0x1aa</run_address>
         <size>0xc7</size>
         <input_file_ref idref="fl-5"/>
      </object_component>
      <object_component id="oc-27">
         <name>.debug_abbrev</name>
         <load_address>0x271</load_address>
         <run_address>0x271</run_address>
         <size>0x21</size>
         <input_file_ref idref="fl-6"/>
      </object_component>
      <object_component id="oc-2c">
         <name>.debug_abbrev</name>
         <load_address>0x292</load_address>
         <run_address>0x292</run_address>
         <size>0x191</size>
         <input_file_ref idref="fl-7"/>
      </object_component>
      <object_component id="oc-31">
         <name>.debug_abbrev</name>
         <load_address>0x423</load_address>
         <run_address>0x423</run_address>
         <size>0x11d</size>
         <input_file_ref idref="fl-8"/>
      </object_component>
      <object_component id="oc-36">
         <name>.debug_abbrev</name>
         <load_address>0x540</load_address>
         <run_address>0x540</run_address>
         <size>0x174</size>
         <input_file_ref idref="fl-9"/>
      </object_component>
      <object_component id="oc-3b">
         <name>.debug_abbrev</name>
         <load_address>0x6b4</load_address>
         <run_address>0x6b4</run_address>
         <size>0xf7</size>
         <input_file_ref idref="fl-a"/>
      </object_component>
      <object_component id="oc-41">
         <name>.debug_abbrev</name>
         <load_address>0x7ab</load_address>
         <run_address>0x7ab</run_address>
         <size>0x11b</size>
         <input_file_ref idref="fl-b"/>
      </object_component>
      <object_component id="oc-46">
         <name>.debug_abbrev</name>
         <load_address>0x8c6</load_address>
         <run_address>0x8c6</run_address>
         <size>0x16e</size>
         <input_file_ref idref="fl-c"/>
      </object_component>
      <object_component id="oc-4b">
         <name>.debug_abbrev</name>
         <load_address>0xa34</load_address>
         <run_address>0xa34</run_address>
         <size>0x16b</size>
         <input_file_ref idref="fl-d"/>
      </object_component>
      <object_component id="oc-50">
         <name>.debug_abbrev</name>
         <load_address>0xb9f</load_address>
         <run_address>0xb9f</run_address>
         <size>0x126</size>
         <input_file_ref idref="fl-e"/>
      </object_component>
      <object_component id="oc-56">
         <name>.debug_abbrev</name>
         <load_address>0xcc5</load_address>
         <run_address>0xcc5</run_address>
         <size>0x1bb</size>
         <input_file_ref idref="fl-f"/>
      </object_component>
      <object_component id="oc-5b">
         <name>.debug_abbrev</name>
         <load_address>0xe80</load_address>
         <run_address>0xe80</run_address>
         <size>0x182</size>
         <input_file_ref idref="fl-10"/>
      </object_component>
      <object_component id="oc-60">
         <name>.debug_abbrev</name>
         <load_address>0x1002</load_address>
         <run_address>0x1002</run_address>
         <size>0x176</size>
         <input_file_ref idref="fl-11"/>
      </object_component>
      <object_component id="oc-65">
         <name>.debug_abbrev</name>
         <load_address>0x1178</load_address>
         <run_address>0x1178</run_address>
         <size>0x11d</size>
         <input_file_ref idref="fl-12"/>
      </object_component>
      <object_component id="oc-6a">
         <name>.debug_abbrev</name>
         <load_address>0x1295</load_address>
         <run_address>0x1295</run_address>
         <size>0x174</size>
         <input_file_ref idref="fl-13"/>
      </object_component>
      <object_component id="oc-71">
         <name>.debug_abbrev</name>
         <load_address>0x1409</load_address>
         <run_address>0x1409</run_address>
         <size>0x12b</size>
         <input_file_ref idref="fl-14"/>
      </object_component>
      <object_component id="oc-76">
         <name>.debug_abbrev</name>
         <load_address>0x1534</load_address>
         <run_address>0x1534</run_address>
         <size>0x14d</size>
         <input_file_ref idref="fl-15"/>
      </object_component>
      <object_component id="oc-7b">
         <name>.debug_abbrev</name>
         <load_address>0x1681</load_address>
         <run_address>0x1681</run_address>
         <size>0x11b</size>
         <input_file_ref idref="fl-16"/>
      </object_component>
      <object_component id="oc-80">
         <name>.debug_abbrev</name>
         <load_address>0x179c</load_address>
         <run_address>0x179c</run_address>
         <size>0x11d</size>
         <input_file_ref idref="fl-17"/>
      </object_component>
      <object_component id="oc-85">
         <name>.debug_abbrev</name>
         <load_address>0x18b9</load_address>
         <run_address>0x18b9</run_address>
         <size>0x112</size>
         <input_file_ref idref="fl-18"/>
      </object_component>
      <object_component id="oc-8a">
         <name>.debug_abbrev</name>
         <load_address>0x19cb</load_address>
         <run_address>0x19cb</run_address>
         <size>0x8a</size>
         <input_file_ref idref="fl-19"/>
      </object_component>
      <object_component id="oc-8d">
         <name>.debug_abbrev</name>
         <load_address>0x1a55</load_address>
         <run_address>0x1a55</run_address>
         <size>0x21</size>
         <input_file_ref idref="fl-1a"/>
      </object_component>
      <object_component id="oc-91">
         <name>.debug_abbrev</name>
         <load_address>0x1a76</load_address>
         <run_address>0x1a76</run_address>
         <size>0xe5</size>
         <input_file_ref idref="fl-1b"/>
      </object_component>
      <object_component id="oc-96">
         <name>.debug_abbrev</name>
         <load_address>0x1b5b</load_address>
         <run_address>0x1b5b</run_address>
         <size>0xee</size>
         <input_file_ref idref="fl-1c"/>
      </object_component>
      <object_component id="oc-9c">
         <name>.debug_abbrev</name>
         <load_address>0x1c49</load_address>
         <run_address>0x1c49</run_address>
         <size>0x46</size>
         <input_file_ref idref="fl-30"/>
      </object_component>
      <object_component id="oc-a1">
         <name>.debug_abbrev</name>
         <load_address>0x1c8f</load_address>
         <run_address>0x1c8f</run_address>
         <size>0xe3</size>
         <input_file_ref idref="fl-31"/>
      </object_component>
      <object_component id="oc-a6">
         <name>.debug_abbrev</name>
         <load_address>0x1d72</load_address>
         <run_address>0x1d72</run_address>
         <size>0xa8</size>
         <input_file_ref idref="fl-32"/>
      </object_component>
      <object_component id="oc-ab">
         <name>.debug_abbrev</name>
         <load_address>0x1e1a</load_address>
         <run_address>0x1e1a</run_address>
         <size>0x68</size>
         <input_file_ref idref="fl-33"/>
      </object_component>
      <object_component id="oc-b0">
         <name>.debug_abbrev</name>
         <load_address>0x1e82</load_address>
         <run_address>0x1e82</run_address>
         <size>0x66</size>
         <input_file_ref idref="fl-34"/>
      </object_component>
      <object_component id="oc-b7">
         <name>.debug_abbrev</name>
         <load_address>0x1ee8</load_address>
         <run_address>0x1ee8</run_address>
         <size>0x130</size>
         <input_file_ref idref="fl-35"/>
      </object_component>
      <object_component id="oc-bc">
         <name>.debug_abbrev</name>
         <load_address>0x2018</load_address>
         <run_address>0x2018</run_address>
         <size>0xb2</size>
         <input_file_ref idref="fl-36"/>
      </object_component>
      <object_component id="oc-c1">
         <name>.debug_abbrev</name>
         <load_address>0x20ca</load_address>
         <run_address>0x20ca</run_address>
         <size>0xee</size>
         <input_file_ref idref="fl-37"/>
      </object_component>
      <object_component id="oc-f6">
         <name>.debug_abbrev</name>
         <load_address>0x21b8</load_address>
         <run_address>0x21b8</run_address>
         <size>0xf</size>
      </object_component>
      <object_component id="oc-16">
         <name>.debug_aranges</name>
         <load_address>0x0</load_address>
         <run_address>0x0</run_address>
         <size>0x20</size>
         <input_file_ref idref="fl-2"/>
      </object_component>
      <object_component id="oc-1b">
         <name>.debug_aranges</name>
         <load_address>0x20</load_address>
         <run_address>0x20</run_address>
         <size>0x28</size>
         <input_file_ref idref="fl-3"/>
      </object_component>
      <object_component id="oc-22">
         <name>.debug_aranges</name>
         <load_address>0x48</load_address>
         <run_address>0x48</run_address>
         <size>0x20</size>
         <input_file_ref idref="fl-5"/>
      </object_component>
      <object_component id="oc-28">
         <name>.debug_aranges</name>
         <load_address>0x68</load_address>
         <run_address>0x68</run_address>
         <size>0x28</size>
         <input_file_ref idref="fl-6"/>
      </object_component>
      <object_component id="oc-2d">
         <name>.debug_aranges</name>
         <load_address>0x90</load_address>
         <run_address>0x90</run_address>
         <size>0x18</size>
         <input_file_ref idref="fl-7"/>
      </object_component>
      <object_component id="oc-32">
         <name>.debug_aranges</name>
         <load_address>0xa8</load_address>
         <run_address>0xa8</run_address>
         <size>0x18</size>
         <input_file_ref idref="fl-8"/>
      </object_component>
      <object_component id="oc-37">
         <name>.debug_aranges</name>
         <load_address>0xc0</load_address>
         <run_address>0xc0</run_address>
         <size>0x178</size>
         <input_file_ref idref="fl-9"/>
      </object_component>
      <object_component id="oc-3c">
         <name>.debug_aranges</name>
         <load_address>0x238</load_address>
         <run_address>0x238</run_address>
         <size>0x18</size>
         <input_file_ref idref="fl-a"/>
      </object_component>
      <object_component id="oc-42">
         <name>.debug_aranges</name>
         <load_address>0x250</load_address>
         <run_address>0x250</run_address>
         <size>0x70</size>
         <input_file_ref idref="fl-b"/>
      </object_component>
      <object_component id="oc-47">
         <name>.debug_aranges</name>
         <load_address>0x2c0</load_address>
         <run_address>0x2c0</run_address>
         <size>0x18</size>
         <input_file_ref idref="fl-c"/>
      </object_component>
      <object_component id="oc-4c">
         <name>.debug_aranges</name>
         <load_address>0x2d8</load_address>
         <run_address>0x2d8</run_address>
         <size>0x88</size>
         <input_file_ref idref="fl-d"/>
      </object_component>
      <object_component id="oc-51">
         <name>.debug_aranges</name>
         <load_address>0x360</load_address>
         <run_address>0x360</run_address>
         <size>0x18</size>
         <input_file_ref idref="fl-e"/>
      </object_component>
      <object_component id="oc-57">
         <name>.debug_aranges</name>
         <load_address>0x378</load_address>
         <run_address>0x378</run_address>
         <size>0xf0</size>
         <input_file_ref idref="fl-f"/>
      </object_component>
      <object_component id="oc-5c">
         <name>.debug_aranges</name>
         <load_address>0x468</load_address>
         <run_address>0x468</run_address>
         <size>0xa8</size>
         <input_file_ref idref="fl-10"/>
      </object_component>
      <object_component id="oc-61">
         <name>.debug_aranges</name>
         <load_address>0x510</load_address>
         <run_address>0x510</run_address>
         <size>0x18</size>
         <input_file_ref idref="fl-11"/>
      </object_component>
      <object_component id="oc-66">
         <name>.debug_aranges</name>
         <load_address>0x528</load_address>
         <run_address>0x528</run_address>
         <size>0x18</size>
         <input_file_ref idref="fl-12"/>
      </object_component>
      <object_component id="oc-6b">
         <name>.debug_aranges</name>
         <load_address>0x540</load_address>
         <run_address>0x540</run_address>
         <size>0x18</size>
         <input_file_ref idref="fl-13"/>
      </object_component>
      <object_component id="oc-72">
         <name>.debug_aranges</name>
         <load_address>0x558</load_address>
         <run_address>0x558</run_address>
         <size>0x18</size>
         <input_file_ref idref="fl-14"/>
      </object_component>
      <object_component id="oc-77">
         <name>.debug_aranges</name>
         <load_address>0x570</load_address>
         <run_address>0x570</run_address>
         <size>0x18</size>
         <input_file_ref idref="fl-15"/>
      </object_component>
      <object_component id="oc-7c">
         <name>.debug_aranges</name>
         <load_address>0x588</load_address>
         <run_address>0x588</run_address>
         <size>0x18</size>
         <input_file_ref idref="fl-16"/>
      </object_component>
      <object_component id="oc-81">
         <name>.debug_aranges</name>
         <load_address>0x5a0</load_address>
         <run_address>0x5a0</run_address>
         <size>0x70</size>
         <input_file_ref idref="fl-17"/>
      </object_component>
      <object_component id="oc-86">
         <name>.debug_aranges</name>
         <load_address>0x610</load_address>
         <run_address>0x610</run_address>
         <size>0x28</size>
         <input_file_ref idref="fl-18"/>
      </object_component>
      <object_component id="oc-8b">
         <name>.debug_aranges</name>
         <load_address>0x638</load_address>
         <run_address>0x638</run_address>
         <size>0x20</size>
         <input_file_ref idref="fl-19"/>
      </object_component>
      <object_component id="oc-92">
         <name>.debug_aranges</name>
         <load_address>0x658</load_address>
         <run_address>0x658</run_address>
         <size>0x50</size>
         <input_file_ref idref="fl-1b"/>
      </object_component>
      <object_component id="oc-97">
         <name>.debug_aranges</name>
         <load_address>0x6a8</load_address>
         <run_address>0x6a8</run_address>
         <size>0x38</size>
         <input_file_ref idref="fl-1c"/>
      </object_component>
      <object_component id="oc-9d">
         <name>.debug_aranges</name>
         <load_address>0x6e0</load_address>
         <run_address>0x6e0</run_address>
         <size>0x20</size>
         <input_file_ref idref="fl-30"/>
      </object_component>
      <object_component id="oc-a2">
         <name>.debug_aranges</name>
         <load_address>0x700</load_address>
         <run_address>0x700</run_address>
         <size>0x20</size>
         <input_file_ref idref="fl-31"/>
      </object_component>
      <object_component id="oc-a7">
         <name>.debug_aranges</name>
         <load_address>0x720</load_address>
         <run_address>0x720</run_address>
         <size>0x20</size>
         <input_file_ref idref="fl-32"/>
      </object_component>
      <object_component id="oc-ac">
         <name>.debug_aranges</name>
         <load_address>0x740</load_address>
         <run_address>0x740</run_address>
         <size>0x20</size>
         <input_file_ref idref="fl-33"/>
      </object_component>
      <object_component id="oc-b1">
         <name>.debug_aranges</name>
         <load_address>0x760</load_address>
         <run_address>0x760</run_address>
         <size>0x20</size>
         <input_file_ref idref="fl-34"/>
      </object_component>
      <object_component id="oc-b8">
         <name>.debug_aranges</name>
         <load_address>0x780</load_address>
         <run_address>0x780</run_address>
         <size>0x28</size>
         <input_file_ref idref="fl-35"/>
      </object_component>
      <object_component id="oc-bd">
         <name>.debug_aranges</name>
         <load_address>0x7a8</load_address>
         <run_address>0x7a8</run_address>
         <size>0x30</size>
         <input_file_ref idref="fl-36"/>
      </object_component>
      <object_component id="oc-c2">
         <name>.debug_aranges</name>
         <load_address>0x7d8</load_address>
         <run_address>0x7d8</run_address>
         <size>0x20</size>
         <input_file_ref idref="fl-37"/>
      </object_component>
   </object_component_list>
   <logical_group_list>
      <logical_group id="lg-2" display="no" color="cyan">
         <name>codestart</name>
         <load_address>0x0</load_address>
         <run_address>0x0</run_address>
         <size>0x2</size>
         <contents>
            <object_component_ref idref="oc-24"/>
         </contents>
      </logical_group>
      <logical_group id="lg-3" display="no" color="cyan">
         <name>.TI.ramfunc</name>
         <run_address>0x0</run_address>
         <size>0x0</size>
         <contents>
         </contents>
      </logical_group>
      <logical_group id="lg-4" display="no" color="cyan">
         <name>.text</name>
         <load_address>0x8000</load_address>
         <run_address>0x8000</run_address>
         <size>0x5f6</size>
         <contents>
            <object_component_ref idref="oc-d5"/>
            <object_component_ref idref="oc-d8"/>
            <object_component_ref idref="oc-d7"/>
            <object_component_ref idref="oc-d6"/>
            <object_component_ref idref="oc-10"/>
            <object_component_ref idref="oc-d3"/>
            <object_component_ref idref="oc-cc"/>
            <object_component_ref idref="oc-d2"/>
            <object_component_ref idref="oc-cd"/>
            <object_component_ref idref="oc-c7"/>
            <object_component_ref idref="oc-d4"/>
            <object_component_ref idref="oc-ce"/>
            <object_component_ref idref="oc-c4"/>
            <object_component_ref idref="oc-cf"/>
            <object_component_ref idref="oc-c8"/>
            <object_component_ref idref="oc-c6"/>
            <object_component_ref idref="oc-c9"/>
            <object_component_ref idref="oc-d0"/>
            <object_component_ref idref="oc-23"/>
            <object_component_ref idref="oc-d9"/>
            <object_component_ref idref="oc-53"/>
            <object_component_ref idref="oc-c3"/>
            <object_component_ref idref="oc-c5"/>
         </contents>
      </logical_group>
      <logical_group id="lg-5" display="no" color="cyan">
         <name>.cinit</name>
         <load_address>0x50</load_address>
         <run_address>0x50</run_address>
         <size>0x1e</size>
         <contents>
            <object_component_ref idref="oc-b3"/>
            <object_component_ref idref="oc-cb"/>
            <object_component_ref idref="oc-d1"/>
            <object_component_ref idref="oc-6d"/>
         </contents>
      </logical_group>
      <logical_group id="lg-6" display="no" color="cyan">
         <name>.pinit</name>
         <run_address>0x0</run_address>
         <size>0x0</size>
         <contents>
         </contents>
      </logical_group>
      <logical_group id="lg-7" display="no" color="cyan">
         <name>.switch</name>
         <run_address>0x0</run_address>
         <size>0x0</size>
         <contents>
         </contents>
      </logical_group>
      <logical_group id="lg-8" display="no" color="cyan">
         <name>.reset</name>
         <load_address>0x3fffc0</load_address>
         <run_address>0x3fffc0</run_address>
         <size>0x2</size>
         <contents>
            <object_component_ref idref="oc-99"/>
         </contents>
      </logical_group>
      <logical_group id="lg-9" display="no" color="cyan">
         <name>.stack</name>
         <run_address>0x400</run_address>
         <size>0x300</size>
         <contents>
            <object_component_ref idref="oc-98"/>
            <object_component_ref idref="oc-f4"/>
         </contents>
      </logical_group>
      <logical_group id="lg-a" display="no" color="cyan">
         <name>.ebss</name>
         <run_address>0x8900</run_address>
         <size>0x1b</size>
         <contents>
            <object_component_ref idref="oc-12"/>
            <object_component_ref idref="oc-3e"/>
            <object_component_ref idref="oc-6e"/>
            <object_component_ref idref="oc-b4"/>
            <object_component_ref idref="oc-ca"/>
            <object_component_ref idref="oc-da"/>
         </contents>
      </logical_group>
      <logical_group id="lg-b" display="no" color="cyan">
         <name>.econst</name>
         <run_address>0x0</run_address>
         <size>0x0</size>
         <contents>
         </contents>
      </logical_group>
      <logical_group id="lg-c" display="no" color="cyan">
         <name>.esysmem</name>
         <run_address>0x0</run_address>
         <size>0x0</size>
         <contents>
         </contents>
      </logical_group>
      <logical_group id="lg-d" display="no" color="cyan">
         <name>IQmath</name>
         <run_address>0x0</run_address>
         <size>0x0</size>
         <contents>
         </contents>
      </logical_group>
      <logical_group id="lg-e" display="no" color="cyan">
         <name>IQmathTables</name>
         <run_address>0x0</run_address>
         <size>0x0</size>
         <contents>
         </contents>
      </logical_group>
      <logical_group id="lg-e8" display="never" color="cyan">
         <name>.debug_info</name>
         <load_address>0x0</load_address>
         <run_address>0x0</run_address>
         <size>0x1a456</size>
         <contents>
            <object_component_ref idref="oc-11"/>
            <object_component_ref idref="oc-17"/>
            <object_component_ref idref="oc-1c"/>
            <object_component_ref idref="oc-1e"/>
            <object_component_ref idref="oc-26"/>
            <object_component_ref idref="oc-29"/>
            <object_component_ref idref="oc-2e"/>
            <object_component_ref idref="oc-33"/>
            <object_component_ref idref="oc-38"/>
            <object_component_ref idref="oc-3d"/>
            <object_component_ref idref="oc-43"/>
            <object_component_ref idref="oc-48"/>
            <object_component_ref idref="oc-4d"/>
            <object_component_ref idref="oc-52"/>
            <object_component_ref idref="oc-58"/>
            <object_component_ref idref="oc-5d"/>
            <object_component_ref idref="oc-62"/>
            <object_component_ref idref="oc-67"/>
            <object_component_ref idref="oc-6c"/>
            <object_component_ref idref="oc-73"/>
            <object_component_ref idref="oc-78"/>
            <object_component_ref idref="oc-7d"/>
            <object_component_ref idref="oc-82"/>
            <object_component_ref idref="oc-87"/>
            <object_component_ref idref="oc-8c"/>
            <object_component_ref idref="oc-8e"/>
            <object_component_ref idref="oc-93"/>
            <object_component_ref idref="oc-9a"/>
            <object_component_ref idref="oc-9e"/>
            <object_component_ref idref="oc-a3"/>
            <object_component_ref idref="oc-a8"/>
            <object_component_ref idref="oc-ad"/>
            <object_component_ref idref="oc-b2"/>
            <object_component_ref idref="oc-b9"/>
            <object_component_ref idref="oc-be"/>
            <object_component_ref idref="oc-f5"/>
         </contents>
      </logical_group>
      <logical_group id="lg-ea" display="never" color="cyan">
         <name>.debug_frame</name>
         <load_address>0x0</load_address>
         <run_address>0x0</run_address>
         <size>0x1268</size>
         <contents>
            <object_component_ref idref="oc-13"/>
            <object_component_ref idref="oc-18"/>
            <object_component_ref idref="oc-1f"/>
            <object_component_ref idref="oc-2a"/>
            <object_component_ref idref="oc-2f"/>
            <object_component_ref idref="oc-34"/>
            <object_component_ref idref="oc-39"/>
            <object_component_ref idref="oc-3f"/>
            <object_component_ref idref="oc-44"/>
            <object_component_ref idref="oc-49"/>
            <object_component_ref idref="oc-4e"/>
            <object_component_ref idref="oc-54"/>
            <object_component_ref idref="oc-59"/>
            <object_component_ref idref="oc-5e"/>
            <object_component_ref idref="oc-63"/>
            <object_component_ref idref="oc-68"/>
            <object_component_ref idref="oc-6f"/>
            <object_component_ref idref="oc-74"/>
            <object_component_ref idref="oc-79"/>
            <object_component_ref idref="oc-7e"/>
            <object_component_ref idref="oc-83"/>
            <object_component_ref idref="oc-88"/>
            <object_component_ref idref="oc-8f"/>
            <object_component_ref idref="oc-94"/>
            <object_component_ref idref="oc-9f"/>
            <object_component_ref idref="oc-a4"/>
            <object_component_ref idref="oc-a9"/>
            <object_component_ref idref="oc-ae"/>
            <object_component_ref idref="oc-b5"/>
            <object_component_ref idref="oc-ba"/>
            <object_component_ref idref="oc-bf"/>
         </contents>
      </logical_group>
      <logical_group id="lg-ec" display="never" color="cyan">
         <name>.debug_line</name>
         <load_address>0x0</load_address>
         <run_address>0x0</run_address>
         <size>0x176f</size>
         <contents>
            <object_component_ref idref="oc-14"/>
            <object_component_ref idref="oc-19"/>
            <object_component_ref idref="oc-20"/>
            <object_component_ref idref="oc-25"/>
            <object_component_ref idref="oc-2b"/>
            <object_component_ref idref="oc-30"/>
            <object_component_ref idref="oc-35"/>
            <object_component_ref idref="oc-3a"/>
            <object_component_ref idref="oc-40"/>
            <object_component_ref idref="oc-45"/>
            <object_component_ref idref="oc-4a"/>
            <object_component_ref idref="oc-4f"/>
            <object_component_ref idref="oc-55"/>
            <object_component_ref idref="oc-5a"/>
            <object_component_ref idref="oc-5f"/>
            <object_component_ref idref="oc-64"/>
            <object_component_ref idref="oc-69"/>
            <object_component_ref idref="oc-70"/>
            <object_component_ref idref="oc-75"/>
            <object_component_ref idref="oc-7a"/>
            <object_component_ref idref="oc-7f"/>
            <object_component_ref idref="oc-84"/>
            <object_component_ref idref="oc-89"/>
            <object_component_ref idref="oc-90"/>
            <object_component_ref idref="oc-95"/>
            <object_component_ref idref="oc-9b"/>
            <object_component_ref idref="oc-a0"/>
            <object_component_ref idref="oc-a5"/>
            <object_component_ref idref="oc-aa"/>
            <object_component_ref idref="oc-af"/>
            <object_component_ref idref="oc-b6"/>
            <object_component_ref idref="oc-bb"/>
            <object_component_ref idref="oc-c0"/>
         </contents>
      </logical_group>
      <logical_group id="lg-ee" display="never" color="cyan">
         <name>.debug_abbrev</name>
         <load_address>0x0</load_address>
         <run_address>0x0</run_address>
         <size>0x21c7</size>
         <contents>
            <object_component_ref idref="oc-15"/>
            <object_component_ref idref="oc-1a"/>
            <object_component_ref idref="oc-1d"/>
            <object_component_ref idref="oc-21"/>
            <object_component_ref idref="oc-27"/>
            <object_component_ref idref="oc-2c"/>
            <object_component_ref idref="oc-31"/>
            <object_component_ref idref="oc-36"/>
            <object_component_ref idref="oc-3b"/>
            <object_component_ref idref="oc-41"/>
            <object_component_ref idref="oc-46"/>
            <object_component_ref idref="oc-4b"/>
            <object_component_ref idref="oc-50"/>
            <object_component_ref idref="oc-56"/>
            <object_component_ref idref="oc-5b"/>
            <object_component_ref idref="oc-60"/>
            <object_component_ref idref="oc-65"/>
            <object_component_ref idref="oc-6a"/>
            <object_component_ref idref="oc-71"/>
            <object_component_ref idref="oc-76"/>
            <object_component_ref idref="oc-7b"/>
            <object_component_ref idref="oc-80"/>
            <object_component_ref idref="oc-85"/>
            <object_component_ref idref="oc-8a"/>
            <object_component_ref idref="oc-8d"/>
            <object_component_ref idref="oc-91"/>
            <object_component_ref idref="oc-96"/>
            <object_component_ref idref="oc-9c"/>
            <object_component_ref idref="oc-a1"/>
            <object_component_ref idref="oc-a6"/>
            <object_component_ref idref="oc-ab"/>
            <object_component_ref idref="oc-b0"/>
            <object_component_ref idref="oc-b7"/>
            <object_component_ref idref="oc-bc"/>
            <object_component_ref idref="oc-c1"/>
            <object_component_ref idref="oc-f6"/>
         </contents>
      </logical_group>
      <logical_group id="lg-f0" display="never" color="cyan">
         <name>.debug_aranges</name>
         <load_address>0x0</load_address>
         <run_address>0x0</run_address>
         <size>0x7f8</size>
         <contents>
            <object_component_ref idref="oc-16"/>
            <object_component_ref idref="oc-1b"/>
            <object_component_ref idref="oc-22"/>
            <object_component_ref idref="oc-28"/>
            <object_component_ref idref="oc-2d"/>
            <object_component_ref idref="oc-32"/>
            <object_component_ref idref="oc-37"/>
            <object_component_ref idref="oc-3c"/>
            <object_component_ref idref="oc-42"/>
            <object_component_ref idref="oc-47"/>
            <object_component_ref idref="oc-4c"/>
            <object_component_ref idref="oc-51"/>
            <object_component_ref idref="oc-57"/>
            <object_component_ref idref="oc-5c"/>
            <object_component_ref idref="oc-61"/>
            <object_component_ref idref="oc-66"/>
            <object_component_ref idref="oc-6b"/>
            <object_component_ref idref="oc-72"/>
            <object_component_ref idref="oc-77"/>
            <object_component_ref idref="oc-7c"/>
            <object_component_ref idref="oc-81"/>
            <object_component_ref idref="oc-86"/>
            <object_component_ref idref="oc-8b"/>
            <object_component_ref idref="oc-92"/>
            <object_component_ref idref="oc-97"/>
            <object_component_ref idref="oc-9d"/>
            <object_component_ref idref="oc-a2"/>
            <object_component_ref idref="oc-a7"/>
            <object_component_ref idref="oc-ac"/>
            <object_component_ref idref="oc-b1"/>
            <object_component_ref idref="oc-b8"/>
            <object_component_ref idref="oc-bd"/>
            <object_component_ref idref="oc-c2"/>
         </contents>
      </logical_group>
   </logical_group_list>
   <placement_map>
      <memory_area display="no" color="green">
         <name>BEGIN</name>
         <page_id>0x0</page_id>
         <origin>0x0</origin>
         <length>0x2</length>
         <used_space>0x2</used_space>
         <unused_space>0x0</unused_space>
         <attributes>RWIX</attributes>
         <usage_details>
            <allocated_space>
               <start_address>0x0</start_address>
               <size>0x2</size>
               <logical_group_ref idref="lg-2"/>
            </allocated_space>
         </usage_details>
      </memory_area>
      <memory_area display="yes" color="green">
         <name>RAMM0</name>
         <page_id>0x0</page_id>
         <origin>0x50</origin>
         <length>0x3b0</length>
         <used_space>0x1e</used_space>
         <unused_space>0x392</unused_space>
         <attributes>RWIX</attributes>
         <usage_details>
            <allocated_space>
               <start_address>0x50</start_address>
               <size>0x1e</size>
               <logical_group_ref idref="lg-5"/>
            </allocated_space>
            <available_space>
               <start_address>0x6e</start_address>
               <size>0x392</size>
            </available_space>
         </usage_details>
      </memory_area>
      <memory_area display="yes" color="green">
         <name>PRAML0</name>
         <page_id>0x0</page_id>
         <origin>0x8000</origin>
         <length>0x900</length>
         <used_space>0x5f6</used_space>
         <unused_space>0x30a</unused_space>
         <attributes>RWIX</attributes>
         <usage_details>
            <allocated_space>
               <start_address>0x8000</start_address>
               <size>0x5f6</size>
               <logical_group_ref idref="lg-4"/>
            </allocated_space>
            <available_space>
               <start_address>0x85f6</start_address>
               <size>0x30a</size>
            </available_space>
         </usage_details>
      </memory_area>
      <memory_area display="yes" color="green">
         <name>IQTABLES</name>
         <page_id>0x0</page_id>
         <origin>0x3fe000</origin>
         <length>0xb50</length>
         <used_space>0x0</used_space>
         <unused_space>0xb50</unused_space>
         <attributes>RWIX</attributes>
         <usage_details>
         </usage_details>
      </memory_area>
      <memory_area display="yes" color="green">
         <name>IQTABLES2</name>
         <page_id>0x0</page_id>
         <origin>0x3feb50</origin>
         <length>0x8c</length>
         <used_space>0x0</used_space>
         <unused_space>0x8c</unused_space>
         <attributes>RWIX</attributes>
         <usage_details>
         </usage_details>
      </memory_area>
      <memory_area display="yes" color="green">
         <name>IQTABLES3</name>
         <page_id>0x0</page_id>
         <origin>0x3febdc</origin>
         <length>0xaa</length>
         <used_space>0x0</used_space>
         <unused_space>0xaa</unused_space>
         <attributes>RWIX</attributes>
         <usage_details>
         </usage_details>
      </memory_area>
      <memory_area display="yes" color="green">
         <name>BOOTROM</name>
         <page_id>0x0</page_id>
         <origin>0x3ff27c</origin>
         <length>0xd44</length>
         <used_space>0x0</used_space>
         <unused_space>0xd44</unused_space>
         <attributes>RWIX</attributes>
         <usage_details>
         </usage_details>
      </memory_area>
      <memory_area display="no" color="green">
         <name>RESET</name>
         <page_id>0x0</page_id>
         <origin>0x3fffc0</origin>
         <length>0x2</length>
         <used_space>0x0</used_space>
         <unused_space>0x2</unused_space>
         <attributes>RWIX</attributes>
         <usage_details>
         </usage_details>
      </memory_area>
      <memory_area display="no" color="green">
         <name>BOOT_RSVD</name>
         <page_id>0x1</page_id>
         <origin>0x2</origin>
         <length>0x4e</length>
         <used_space>0x0</used_space>
         <unused_space>0x4e</unused_space>
         <attributes>RWIX</attributes>
         <usage_details>
         </usage_details>
      </memory_area>
      <memory_area display="yes" color="green">
         <name>RAMM1</name>
         <page_id>0x1</page_id>
         <origin>0x400</origin>
         <length>0x400</length>
         <used_space>0x300</used_space>
         <unused_space>0x100</unused_space>
         <attributes>RWIX</attributes>
         <usage_details>
            <allocated_space>
               <start_address>0x400</start_address>
               <size>0x300</size>
               <logical_group_ref idref="lg-9"/>
            </allocated_space>
            <available_space>
               <start_address>0x700</start_address>
               <size>0x100</size>
            </available_space>
         </usage_details>
      </memory_area>
      <memory_area display="yes" color="green">
         <name>DRAML0</name>
         <page_id>0x1</page_id>
         <origin>0x8900</origin>
         <length>0x700</length>
         <used_space>0x1b</used_space>
         <unused_space>0x6e5</unused_space>
         <attributes>RWIX</attributes>
         <usage_details>
            <allocated_space>
               <start_address>0x8900</start_address>
               <size>0x1b</size>
               <logical_group_ref idref="lg-a"/>
            </allocated_space>
            <available_space>
               <start_address>0x891b</start_address>
               <size>0x6e5</size>
            </available_space>
         </usage_details>
      </memory_area>
   </placement_map>
   <symbol_table>
      <symbol id="sm-0">
         <name>cinit</name>
         <value>0x50</value>
      </symbol>
      <symbol id="sm-1">
         <name>___cinit__</name>
         <value>0x50</value>
      </symbol>
      <symbol id="sm-2">
         <name>pinit</name>
         <value>0xffffffff</value>
      </symbol>
[...]
      </symbol>
      <symbol id="sm-b8">
         <name>_CLK_disableWatchDogHaltMode</name>
         <value>0x80af</value>
         <object_component_ref idref="oc-d5"/>
      </symbol>
      <symbol id="sm-b9">
         <name>_CLK_disableEcap1Clock</name>
         <value>0x8103</value>
         <object_component_ref idref="oc-d5"/>
      </symbol>
      <symbol id="sm-ba">
         <name>_CLK_enableGpioInputClock</name>
         <value>0x8082</value>
         <object_component_ref idref="oc-d5"/>
      </symbol>
      <symbol id="sm-bb">
         <name>_CLK_enableCrystalOsc</name>
         <value>0x8090</value>
         <object_component_ref idref="oc-d5"/>
      </symbol>
      <symbol id="sm-bc">
         <name>_CLK_disableClkIn</name>
         <value>0x811b</value>
         <object_component_ref idref="oc-d5"/>
      </symbol>
      <symbol id="sm-bd">
         <name>_CLK_disableHrPwmClock</name>
         <value>0x80f5</value>
         <object_component_ref idref="oc-d5"/>
      </symbol>
      <symbol id="sm-be">
         <name>_CLK_init</name>
         <value>0x8030</value>
         <object_component_ref idref="oc-d5"/>
      </symbol>
      <symbol id="sm-bf">
         <name>_CLK_disableSpiaClock</name>
         <value>0x80bc</value>
         <object_component_ref idref="oc-d5"/>
      </symbol>
      <symbol id="sm-d7">
         <name>_CPU_disableGlobalInts</name>
         <value>0x851b</value>
         <object_component_ref idref="oc-d4"/>
      </symbol>
      <symbol id="sm-d8">
         <name>_CPU_enableGlobalInts</name>
         <value>0x850a</value>
         <object_component_ref idref="oc-d4"/>
      </symbol>
      <symbol id="sm-d9">
         <name>_CPU_clearIntFlags</name>
         <value>0x8521</value>
         <object_component_ref idref="oc-d4"/>
      </symbol>
      <symbol id="sm-da">
         <name>_CPU_init</name>
         <value>0x84ff</value>
         <object_component_ref idref="oc-d4"/>
      </symbol>
      <symbol id="sm-db">
         <name>_CPU_disableProtectedRegisterWrite</name>
         <value>0x8510</value>
         <object_component_ref idref="oc-d4"/>
      </symbol>
      <symbol id="sm-dc">
         <name>_cpu</name>
         <value>0x891a</value>
         <object_component_ref idref="oc-3e"/>
      </symbol>
      <symbol id="sm-dd">
         <name>_CPU_enableDebugInt</name>
         <value>0x850d</value>
         <object_component_ref idref="oc-d4"/>
      </symbol>
      <symbol id="sm-de">
         <name>_CPU_enableProtectedRegisterWrite</name>
         <value>0x8503</value>
         <object_component_ref idref="oc-d4"/>
      </symbol>
      <symbol id="sm-df">
         <name>_CPU_enableInt</name>
         <value>0x8506</value>
         <object_component_ref idref="oc-d4"/>
      </symbol>
      <symbol id="sm-e0">
         <name>_CPU_disableInts</name>
         <value>0x8513</value>
         <object_component_ref idref="oc-d4"/>
      </symbol>
      <symbol id="sm-e1">
         <name>_CPU_disableDebugInt</name>
         <value>0x851e</value>
         <object_component_ref idref="oc-d4"/>
      </symbol>
      <symbol id="sm-e2">
         <name>_CPU_disableInt</name>
         <value>0x8516</value>
         <object_component_ref idref="oc-d4"/>
      </symbol>
      <symbol id="sm-117">
         <name>_GPIO_setExtInt</name>
         <value>0x81ee</value>
         <object_component_ref idref="oc-d8"/>
      </symbol>
      <symbol id="sm-118">
         <name>_GPIO_getPortData</name>
         <value>0x8222</value>
         <object_component_ref idref="oc-d8"/>
      </symbol>
      <symbol id="sm-119">
         <name>_GPIO_lpmSelect</name>
         <value>0x8213</value>
         <object_component_ref idref="oc-d8"/>
      </symbol>
      <symbol id="sm-11a">
         <name>_GPIO_setLow</name>
         <value>0x81ce</value>
         <object_component_ref idref="oc-d8"/>
      </symbol>
      <symbol id="sm-11b">
         <name>_GPIO_getData</name>
         <value>0x822d</value>
         <object_component_ref idref="oc-d8"/>
      </symbol>
      <symbol id="sm-11c">
         <name>_GPIO_setQualificationPeriod</name>
         <value>0x8138</value>
         <object_component_ref idref="oc-d8"/>
      </symbol>
      <symbol id="sm-11d">
         <name>_GPIO_toggle</name>
         <value>0x8128</value>
         <object_component_ref idref="oc-d8"/>
      </symbol>
      <symbol id="sm-11e">
         <name>_GPIO_setQualification</name>
         <value>0x8158</value>
         <object_component_ref idref="oc-d8"/>
      </symbol>
      <symbol id="sm-11f">
         <name>_GPIO_setMode</name>
         <value>0x81a3</value>
         <object_component_ref idref="oc-d8"/>
      </symbol>
      <symbol id="sm-120">
         <name>_GPIO_init</name>
         <value>0x821c</value>
         <object_component_ref idref="oc-d8"/>
      </symbol>
      <symbol id="sm-121">
         <name>_GPIO_setPullUp</name>
         <value>0x817c</value>
         <object_component_ref idref="oc-d8"/>
      </symbol>
      <symbol id="sm-122">
         <name>_GPIO_setDirection</name>
         <value>0x81f9</value>
         <object_component_ref idref="oc-d8"/>
      </symbol>
      <symbol id="sm-123">
         <name>_GPIO_setHigh</name>
         <value>0x81de</value>
         <object_component_ref idref="oc-d8"/>
      </symbol>
      <symbol id="sm-124">
         <name>_GPIO_setPortData</name>
         <value>0x8196</value>
         <object_component_ref idref="oc-d8"/>
      </symbol>
      <symbol id="sm-143">
         <name>_PIE_enableCaptureInt</name>
         <value>0x82ef</value>
         <object_component_ref idref="oc-d7"/>
      </symbol>
      <symbol id="sm-144">
         <name>_PIE_enable</name>
         <value>0x8305</value>
         <object_component_ref idref="oc-d7"/>
      </symbol>
      <symbol id="sm-145">
         <name>_PIE_disableInt</name>
         <value>0x8308</value>
         <object_component_ref idref="oc-d7"/>
      </symbol>
      <symbol id="sm-146">
         <name>_PIE_enableAdcInt</name>
         <value>0x82f3</value>
         <object_component_ref idref="oc-d7"/>
      </symbol>
      <symbol id="sm-147">
         <name>_PIE_registerSystemIntHandler</name>
         <value>0x8278</value>
         <object_component_ref idref="oc-d7"/>
      </symbol>
      <symbol id="sm-148">
         <name>_PIE_setExtIntPolarity</name>
         <value>0x825c</value>
         <object_component_ref idref="oc-d7"/>
      </symbol>
      <symbol id="sm-149">
         <name>_PIE_getIntFlags</name>
         <value>0x829d</value>
         <object_component_ref idref="oc-d7"/>
      </symbol>
      <symbol id="sm-14a">
         <name>_PIE_disableCaptureInt</name>
         <value>0x831b</value>
         <object_component_ref idref="oc-d7"/>
      </symbol>
      <symbol id="sm-14b">
         <name>_PIE_disableAllInts</name>
         <value>0x831f</value>
         <object_component_ref idref="oc-d7"/>
      </symbol>
      <symbol id="sm-14c">
         <name>_PIE_disable</name>
         <value>0x8326</value>
         <object_component_ref idref="oc-d7"/>
      </symbol>
      <symbol id="sm-14d">
         <name>_PIE_enableExtInt</name>
         <value>0x82d2</value>
         <object_component_ref idref="oc-d7"/>
      </symbol>
      <symbol id="sm-14e">
         <name>_PIE_illegalIsr</name>
         <value>0x85ee</value>
         <object_component_ref idref="oc-53"/>
      </symbol>
      <symbol id="sm-14f">
         <name>_PIE_clearAllInts</name>
         <value>0x8329</value>
         <object_component_ref idref="oc-d7"/>
      </symbol>
      <symbol id="sm-150">
         <name>_PIE_unregisterPieIntHandler</name>
         <value>0x8248</value>
         <object_component_ref idref="oc-d7"/>
      </symbol>
      <symbol id="sm-151">
         <name>_PIE_enableTimer0Int</name>
         <value>0x82bc</value>
         <object_component_ref idref="oc-d7"/>
      </symbol>
      <symbol id="sm-152">
         <name>_PIE_disableExtInt</name>
         <value>0x8312</value>
         <object_component_ref idref="oc-d7"/>
      </symbol>
      <symbol id="sm-153">
         <name>_PIE_enablePwmTzInt</name>
         <value>0x82bf</value>
         <object_component_ref idref="oc-d7"/>
      </symbol>
      <symbol id="sm-154">
         <name>_PIE_registerPieIntHandler</name>
         <value>0x8283</value>
         <object_component_ref idref="oc-d7"/>
      </symbol>
      <symbol id="sm-155">
         <name>_PIE_unregisterSystemIntHandler</name>
         <value>0x823b</value>
         <object_component_ref idref="oc-d7"/>
      </symbol>
      <symbol id="sm-156">
         <name>_PIE_getIntEnables</name>
         <value>0x82a4</value>
         <object_component_ref idref="oc-d7"/>
      </symbol>
      <symbol id="sm-157">
         <name>_PIE_init</name>
         <value>0x8295</value>
         <object_component_ref idref="oc-d7"/>
      </symbol>
      <symbol id="sm-158">
         <name>_PIE_getExtIntCount</name>
         <value>0x82ab</value>
         <object_component_ref idref="oc-d7"/>
      </symbol>
      <symbol id="sm-159">
         <name>_PIE_forceInt</name>
         <value>0x82b3</value>
         <object_component_ref idref="oc-d7"/>
      </symbol>
      <symbol id="sm-15a">
         <name>_PIE_enablePwmInt</name>
         <value>0x82c4</value>
         <object_component_ref idref="oc-d7"/>
      </symbol>
      <symbol id="sm-15b">
         <name>_PIE_clearAllFlags</name>
         <value>0x832c</value>
         <object_component_ref idref="oc-d7"/>
      </symbol>
      <symbol id="sm-15c">
         <name>_PIE_enableInt</name>
         <value>0x82c9</value>
         <object_component_ref idref="oc-d7"/>
      </symbol>
      <symbol id="sm-15d">
         <name>_PIE_setDefaultIntVectorTable</name>
         <value>0x826d</value>
         <object_component_ref idref="oc-d7"/>
      </symbol>
      <symbol id="sm-16c">
         <name>_PLL_enable</name>
         <value>0x8385</value>
         <object_component_ref idref="oc-d6"/>
      </symbol>
      <symbol id="sm-16d">
         <name>_PLL_getMultiplier</name>
         <value>0x836c</value>
         <object_component_ref idref="oc-d6"/>
      </symbol>
      <symbol id="sm-16e">
         <name>_PLL_setLockPeriod</name>
         <value>0x835b</value>
         <object_component_ref idref="oc-d6"/>
      </symbol>
      <symbol id="sm-16f">
         <name>_PLL_getClkStatus</name>
         <value>0x8333</value>
         <object_component_ref idref="oc-d6"/>
      </symbol>
      <symbol id="sm-170">
         <name>_PLL_disableNormRdy</name>
         <value>0x8391</value>
         <object_component_ref idref="oc-d6"/>
      </symbol>
      <symbol id="sm-171">
         <name>_PLL_resetClkDetect</name>
         <value>0x8360</value>
         <object_component_ref idref="oc-d6"/>
      </symbol>
      <symbol id="sm-172">
         <name>_PLL_setDivider</name>
         <value>0x8336</value>
         <object_component_ref idref="oc-d6"/>
      </symbol>
      <symbol id="sm-173">
         <name>_PLL_getDivider</name>
         <value>0x8370</value>
         <object_component_ref idref="oc-d6"/>
      </symbol>
      <symbol id="sm-174">
         <name>_PLL_init</name>
         <value>0x8366</value>
         <object_component_ref idref="oc-d6"/>
      </symbol>
      <symbol id="sm-175">
         <name>_PLL_disableClkDetect</name>
         <value>0x8397</value>
         <object_component_ref idref="oc-d6"/>
      </symbol>
      <symbol id="sm-176">
         <name>_PLL_getLockStatus</name>
         <value>0x8343</value>
         <object_component_ref idref="oc-d6"/>
      </symbol>
      <symbol id="sm-177">
         <name>_PLL_disable</name>
         <value>0x839d</value>
         <object_component_ref idref="oc-d6"/>
      </symbol>
      <symbol id="sm-178">
         <name>_PLL_enableOsc</name>
         <value>0x8373</value>
         <object_component_ref idref="oc-d6"/>
      </symbol>
      <symbol id="sm-179">
         <name>_PLL_setup</name>
         <value>0x8346</value>
         <object_component_ref idref="oc-d6"/>
      </symbol>
      <symbol id="sm-17a">
         <name>_PLL_disableOsc</name>
         <value>0x838b</value>
         <object_component_ref idref="oc-d6"/>
      </symbol>
      <symbol id="sm-17b">
         <name>_PLL_setMultiplier</name>
         <value>0x833d</value>
         <object_component_ref idref="oc-d6"/>
      </symbol>
      <symbol id="sm-17c">
         <name>_PLL_enableClkDetect</name>
         <value>0x837f</value>
         <object_component_ref idref="oc-d6"/>
      </symbol>
      <symbol id="sm-17d">
         <name>_PLL_enableNormRdy</name>
         <value>0x8379</value>
         <object_component_ref idref="oc-d6"/>
      </symbol>
      <symbol id="sm-1a6">
         <name>_ioSci</name>
         <value>0x8914</value>
         <object_component_ref idref="oc-6e"/>
      </symbol>
      <symbol id="sm-1a7">
         <name>_deviceOpen</name>
         <value>0x8912</value>
         <object_component_ref idref="oc-6e"/>
      </symbol>
      <symbol id="sm-1c6">
         <name>_WDOG_disableInt</name>
         <value>0x8427</value>
         <object_component_ref idref="oc-d3"/>
      </symbol>
      <symbol id="sm-1c7">
         <name>_WDOG_setPreScaler</name>
         <value>0x83f7</value>
         <object_component_ref idref="oc-d3"/>
      </symbol>
      <symbol id="sm-1c8">
         <name>_WDOG_enableInt</name>
         <value>0x8412</value>
         <object_component_ref idref="oc-d3"/>
      </symbol>
      <symbol id="sm-1c9">
         <name>_WDOG_enable</name>
         <value>0x8418</value>
         <object_component_ref idref="oc-d3"/>
      </symbol>
      <symbol id="sm-1ca">
         <name>_WDOG_setCount</name>
         <value>0x8401</value>
         <object_component_ref idref="oc-d3"/>
      </symbol>
      <symbol id="sm-1cb">
         <name>_WDOG_init</name>
         <value>0x8403</value>
         <object_component_ref idref="oc-d3"/>
      </symbol>
      <symbol id="sm-1cc">
         <name>_WDOG_getIntStatus</name>
         <value>0x8409</value>
         <object_component_ref idref="oc-d3"/>
      </symbol>
      <symbol id="sm-1cd">
         <name>_WDOG_disable</name>
         <value>0x842d</value>
         <object_component_ref idref="oc-d3"/>
      </symbol>
      <symbol id="sm-1ce">
         <name>_WDOG_enableOverRide</name>
         <value>0x840c</value>
         <object_component_ref idref="oc-d3"/>
      </symbol>
      <symbol id="sm-1cf">
         <name>_WDOG_disableOverRide</name>
         <value>0x8421</value>
         <object_component_ref idref="oc-d3"/>
      </symbol>
      <symbol id="sm-1d0">
         <name>_WDOG_clearCounter</name>
         <value>0x8435</value>
         <object_component_ref idref="oc-d3"/>
      </symbol>
      <symbol id="sm-1dc">
         <name>_Button_GPIO_pinConfigure</name>
         <value>0x852b</value>
         <object_component_ref idref="oc-ce"/>
      </symbol>
      <symbol id="sm-1dd">
         <name>_Button_State_Read</name>
         <value>0x8524</value>
         <object_component_ref idref="oc-ce"/>
      </symbol>
      <symbol id="sm-1eb">
         <name>_Delay</name>
         <value>0x85e9</value>
         <object_component_ref idref="oc-d9"/>
      </symbol>
      <symbol id="sm-1fa">
         <name>_LED_GPIO_eventConfigure</name>
         <value>0x84d5</value>
         <object_component_ref idref="oc-cd"/>
      </symbol>
      <symbol id="sm-1fb">
         <name>_LED_GPIO_functionConfigure</name>
         <value>0x84d4</value>
         <object_component_ref idref="oc-cd"/>
      </symbol>
      <symbol id="sm-1fc">
         <name>_LED_off</name>
         <value>0x84b7</value>
         <object_component_ref idref="oc-cd"/>
      </symbol>
      <symbol id="sm-1fd">
         <name>_LED_toggle</name>
         <value>0x84ab</value>
         <object_component_ref idref="oc-cd"/>
      </symbol>
      <symbol id="sm-1fe">
         <name>_LED_on</name>
         <value>0x84b1</value>
         <object_component_ref idref="oc-cd"/>
      </symbol>
      <symbol id="sm-1ff">
         <name>_LED_GPIO_pinConfigure</name>
         <value>0x84bd</value>
         <object_component_ref idref="oc-cd"/>
      </symbol>
      <symbol id="sm-200">
         <name>_LED_GPIO_initial</name>
         <value>0x84d3</value>
         <object_component_ref idref="oc-cd"/>
      </symbol>
      <symbol id="sm-20c">
         <name>_User_System_eventConfigure</name>
         <value>0x8478</value>
         <object_component_ref idref="oc-cc"/>
      </symbol>
      <symbol id="sm-20d">
         <name>_User_System_pinConfigure</name>
         <value>0x843d</value>
         <object_component_ref idref="oc-cc"/>
      </symbol>
      <symbol id="sm-20e">
         <name>_User_System_initial</name>
         <value>0x843e</value>
         <object_component_ref idref="oc-cc"/>
      </symbol>
      <symbol id="sm-20f">
         <name>_User_System_functionConfigure</name>
         <value>0x843f</value>
         <object_component_ref idref="oc-cc"/>
      </symbol>
      <symbol id="sm-22a">
         <name>_c_int00</name>
         <value>0x83a3</value>
         <object_component_ref idref="oc-10"/>
      </symbol>
      <symbol id="sm-22b">
         <name>__stack</name>
         <value>0x400</value>
         <object_component_ref idref="oc-98"/>
      </symbol>
      <symbol id="sm-23a">
         <name>_copy_in</name>
         <value>0x8548</value>
         <object_component_ref idref="oc-c4"/>
      </symbol>
      <symbol id="sm-24b">
         <name>_memcpy</name>
         <value>0x858d</value>
         <object_component_ref idref="oc-c8"/>
      </symbol>
      <symbol id="sm-257">
         <name>__system_pre_init</name>
         <value>0x85f3</value>
         <object_component_ref idref="oc-c3"/>
      </symbol>
      <symbol id="sm-264">
         <name>__system_post_cinit</name>
         <value>0x85f5</value>
         <object_component_ref idref="oc-c5"/>
      </symbol>
      <symbol id="sm-278">
         <name>C$$EXIT</name>
         <value>0x84d6</value>
         <object_component_ref idref="oc-c7"/>
      </symbol>
      <symbol id="sm-279">
         <name>_exit</name>
         <value>0x84d8</value>
         <object_component_ref idref="oc-c7"/>
      </symbol>
      <symbol id="sm-27a">
         <name>___TI_cleanup_ptr</name>
         <value>0x890e</value>
         <object_component_ref idref="oc-b4"/>
      </symbol>
      <symbol id="sm-27b">
         <name>___TI_enable_exit_profile_output</name>
         <value>0x890c</value>
         <object_component_ref idref="oc-b4"/>
      </symbol>
      <symbol id="sm-27c">
         <name>_abort</name>
         <value>0x84d6</value>
         <object_component_ref idref="oc-c7"/>
      </symbol>
      <symbol id="sm-27d">
         <name>___TI_dtors_ptr</name>
         <value>0x8910</value>
         <object_component_ref idref="oc-b4"/>
      </symbol>
      <symbol id="sm-291">
         <name>__unlock</name>
         <value>0x8918</value>
         <object_component_ref idref="oc-da"/>
      </symbol>
      <symbol id="sm-292">
         <name>__lock</name>
         <value>0x8916</value>
         <object_component_ref idref="oc-ca"/>
      </symbol>
      <symbol id="sm-293">
         <name>__register_lock</name>
         <value>0x85dc</value>
         <object_component_ref idref="oc-d0"/>
      </symbol>
      <symbol id="sm-294">
         <name>__nop</name>
         <value>0x85e0</value>
         <object_component_ref idref="oc-d0"/>
      </symbol>
      <symbol id="sm-295">
         <name>__register_unlock</name>
         <value>0x85d8</value>
         <object_component_ref idref="oc-d0"/>
      </symbol>
      <symbol id="sm-2a4">
         <name>__args_main</name>
         <value>0x85aa</value>
         <object_component_ref idref="oc-c6"/>
      </symbol>
   </symbol_table>
   <title>Link successful</title>
</link_info>
