******************************************************************************
             TMS320C2000 Linker PC v18.12.4                    
******************************************************************************
>> Linked Fri Apr 16 10:26:57 2021

OUTPUT FILE NAME:   <2020TESTNO3.out>
ENTRY POINT SYMBOL: "_c_int00"  address: 003f660b


MEMORY CONFIGURATION

         name            origin    length      used     unused   attr    fill
----------------------  --------  ---------  --------  --------  ----  --------
PAGE 0:
  PRAML0                00008000   00000800  00000000  00000800  RWIX
  OTP                   003d7800   00000400  00000000  00000400  RWIX
  FLASHD                003f0000   00002000  00000000  00002000  RWIX
  FLASHC                003f2000   00002000  00000000  00002000  RWIX
  FLASHA                003f6000   00001f80  00000865  0000171b  RWIX
  CSM_RSVD              003f7f80   00000076  00000000  00000076  RWIX
  BEGIN                 003f7ff6   00000002  00000002  00000000  RWIX
  CSM_PWL_P0            003f7ff8   00000008  00000000  00000008  RWIX
  IQTABLES              003fe000   00000b50  00000000  00000b50  RWIX
  IQTABLES2             003feb50   0000008c  00000000  0000008c  RWIX
  IQTABLES3             003febdc   000000aa  00000000  000000aa  RWIX
  ROM                   003ff27c   00000d44  00000000  00000d44  RWIX
  RESET                 003fffc0   00000002  00000000  00000002  RWIX
  VECTORS               003fffc2   0000003e  00000000  0000003e  RWIX

PAGE 1:
  BOOT_RSVD             00000000   00000050  00000000  00000050  RWIX
  RAMM0                 00000050   000003b0  00000300  000000b0  RWIX
  RAMM1                 00000400   00000400  00000000  00000400  RWIX
  DRAML0                00008800   00000800  00000025  000007db  RWIX
  FLASHB                003f4000   00002000  00000000  00002000  RWIX


SECTION ALLOCATION MAP

 output                                  attributes/
section   page    origin      length       input sections
--------  ----  ----------  ----------   ----------------
.cinit     0    003f6847    0000001e     
                  003f6847    0000000e     rts2800_ml.lib : exit.c.obj (.cinit)
                  003f6855    00000005                    : _lock.c.obj (.cinit:__lock)
                  003f685a    00000005                    : _lock.c.obj (.cinit:__unlock)
                  003f685f    00000004     sci_io.obj (.cinit)
                  003f6863    00000002     --HOLE-- [fill = 0]

.pinit     0    003f6000    00000000     UNINITIALIZED

ramfuncs   0    00008000    00000000     UNINITIALIZED

codestart 
*          0    003f7ff6    00000002     
                  003f7ff6    00000002     F2802x_CodeStartBranch.obj (codestart)

.stack     1    00000050    00000300     UNINITIALIZED
                  00000050    00000300     --HOLE--

.ebss      1    00008800    00000025     UNINITIALIZED
                  00008800    00000012     main.obj (.ebss)
                  00008812    00000006     rts2800_ml.lib : exit.c.obj (.ebss)
                  00008818    00000004     main.obj (.ebss:_LED)
                  0000881c    00000004     sci_io.obj (.ebss)
                  00008820    00000002     rts2800_ml.lib : _lock.c.obj (.ebss:__lock)
                  00008822    00000002                    : _lock.c.obj (.ebss:__unlock)
                  00008824    00000001     cpu.obj (.ebss)

.reset     0    003fffc0    00000002     DSECT
                  003fffc0    00000002     rts2800_ml.lib : boot28.asm.obj (.reset)

vectors    0    003fffc2    00000000     DSECT

.text      0    003f6000    00000847     
                  003f6000    00000128     clk.obj (.text)
                  003f6128    00000124     LED_Gpio.obj (.text)
                  003f624c    00000113     gpio.obj (.text)
                  003f635f    000000f8     pie.obj (.text)
                  003f6457    000000e2     app.obj (.text)
                  003f6539    00000070     pll.obj (.text)
                  003f65a9    00000062     key_Gpio.obj (.text)
                  003f660b    00000054     rts2800_ml.lib : boot28.asm.obj (.text)
                  003f665f    00000046     wdog.obj (.text)
                  003f66a5    00000041     User_System.obj (.text)
                  003f66e6    00000032     F2802x_Device.obj (.text)
                  003f6718    00000029     rts2800_ml.lib : exit.c.obj (.text)
                  003f6741    00000028     main.obj (.text)
                  003f6769    00000025     cpu.obj (.text)
                  003f678e    00000024     rts2800_ml.lib : cpy_tbl.c.obj (.text)
                  003f67b2    00000020     User_Pie.obj (.text)
                  003f67d2    0000001d     rts2800_ml.lib : memcpy.c.obj (.text)
                  003f67ef    00000019                    : args_main.c.obj (.text)
                  003f6808    00000017     isr.obj (.text:retain)
                  003f681f    0000000f     Delay.obj (.text)
                  003f682e    00000009     rts2800_ml.lib : _lock.c.obj (.text)
                  003f6837    00000008     F2802x_CodeStartBranch.obj (.text)
                  003f683f    00000005     pie.obj (.text:retain)
                  003f6844    00000002     rts2800_ml.lib : pre_init.c.obj (.text)
                  003f6846    00000001                    : startup.c.obj (.text)

MODULE SUMMARY

       Module                       code   initialized data   uninitialized data
       ------                       ----   ----------------   ------------------
    .\
       main.obj                     40     0                  22                
    +--+----------------------------+------+------------------+--------------------+
       Total:                       40     0                  22                
                                                                                
    .\Application\
       app.obj                      226    0                  0                 
       isr.obj                      23     0                  0                 
    +--+----------------------------+------+------------------+--------------------+
       Total:                       249    0                  0                 
                                                                                
    .\F2802x_Component\
       F2802x_Device.obj            50     0                  0                 
    +--+----------------------------+------+------------------+--------------------+
       Total:                       50     0                  0                 
                                                                                
    .\F2802x_Component\source\
       clk.obj                      296    0                  0                 
       gpio.obj                     275    0                  0                 
       pie.obj                      253    0                  0                 
       pll.obj                      112    0                  0                 
       wdog.obj                     70     0                  0                 
       cpu.obj                      37     0                  1                 
       F2802x_CodeStartBranch.obj   10     0                  0                 
       sci_io.obj                   0      4                  4                 
    +--+----------------------------+------+------------------+--------------------+
       Total:                       1053   4                  5                 
                                                                                
    .\User_Component\Delay\
       Delay.obj                    15     0                  0                 
    +--+----------------------------+------+------------------+--------------------+
       Total:                       15     0                  0                 
                                                                                
    .\User_Component\LED_Gpio\
       LED_Gpio.obj                 292    0                  0                 
    +--+----------------------------+------+------------------+--------------------+
       Total:                       292    0                  0                 
                                                                                
    .\User_Component\User_Pie\
       User_Pie.obj                 32     0                  0                 
    +--+----------------------------+------+------------------+--------------------+
       Total:                       32     0                  0                 
                                                                                
    .\User_Component\User_System\
       User_System.obj              65     0                  0                 
    +--+----------------------------+------+------------------+--------------------+
       Total:                       65     0                  0                 
                                                                                
    .\User_Component\key_GPIO\
       key_Gpio.obj                 98     0                  0                 
    +--+----------------------------+------+------------------+--------------------+
       Total:                       98     0                  0                 
                                                                                
    C:\ti\ccs930\ccs\tools\compiler\ti-cgt-c2000_18.12.4.LTS\lib\rts2800_ml.lib
       boot28.asm.obj               84     0                  0                 
       exit.c.obj                   41     14                 6                 
       cpy_tbl.c.obj                36     0                  0                 
       memcpy.c.obj                 29     0                  0                 
       args_main.c.obj              25     0                  0                 
       _lock.c.obj                  9      10                 4                 
       pre_init.c.obj               2      0                  0                 
       startup.c.obj                1      0                  0                 
    +--+----------------------------+------+------------------+--------------------+
       Total:                       227    24                 10                
                                                                                
       Stack:                       0      0                  768               
    +--+----------------------------+------+------------------+--------------------+
       Grand Total:                 2121   28                 805               


GLOBAL DATA SYMBOLS: SORTED BY DATA PAGE

address     data page           name
--------    ----------------    ----
00000050       1 (00000040)     __stack

00008800     220 (00008800)     _key_counter
00008801     220 (00008800)     _key_status
00008802     220 (00008800)     _key_on
00008803     220 (00008800)     _KeyCount
00008804     220 (00008800)     _myClk
00008806     220 (00008800)     _myCpu
00008808     220 (00008800)     _myPll
0000880a     220 (00008800)     _myWDog
0000880c     220 (00008800)     _myPie
0000880e     220 (00008800)     _myGpio
00008810     220 (00008800)     _time_test
00008812     220 (00008800)     ___TI_enable_exit_profile_output
00008814     220 (00008800)     ___TI_cleanup_ptr
00008816     220 (00008800)     ___TI_dtors_ptr
00008818     220 (00008800)     _LED
0000881c     220 (00008800)     _deviceOpen
0000881e     220 (00008800)     _ioSci
00008820     220 (00008800)     __lock
00008822     220 (00008800)     __unlock
00008824     220 (00008800)     _cpu


GLOBAL SYMBOLS: SORTED ALPHABETICALLY BY Name 

page  address   name                              
----  -------   ----                              
abs   ffffffff  .text                             
0     003f6718  C$$EXIT                           
0     003f6121  _CLK_disableAdcClock              
0     003f611b  _CLK_disableClkIn                 
0     003f6117  _CLK_disableCompClock             
0     003f6110  _CLK_disableCpuTimerClock         
0     003f610a  _CLK_disableCrystalOsc            
0     003f6103  _CLK_disableEcap1Clock            
0     003f60fc  _CLK_disableGpioInputClock        
0     003f60f5  _CLK_disableHrPwmClock            
0     003f60ee  _CLK_disableI2cClock              
0     003f60e8  _CLK_disableOsc1                  
0     003f60e2  _CLK_disableOsc1HaltMode          
0     003f60dc  _CLK_disableOsc2                  
0     003f60d6  _CLK_disableOsc2HaltMode          
0     003f60cc  _CLK_disablePwmClock              
0     003f60c3  _CLK_disableSciaClock             
0     003f60bc  _CLK_disableSpiaClock             
0     003f60b5  _CLK_disableTbClockSync           
0     003f60af  _CLK_disableWatchDogHaltMode      
0     003f60a8  _CLK_enableAdcClock               
0     003f60a2  _CLK_enableClkIn                  
0     003f609c  _CLK_enableCompClock              
0     003f6096  _CLK_enableCpuTimerClock          
0     003f6090  _CLK_enableCrystalOsc             
0     003f6089  _CLK_enableEcap1Clock             
0     003f6082  _CLK_enableGpioInputClock         
0     003f607b  _CLK_enableHrPwmClock             
0     003f6074  _CLK_enableI2cClock               
0     003f606e  _CLK_enableOsc1                   
0     003f6068  _CLK_enableOsc1HaltMode           
0     003f6062  _CLK_enableOsc2                   
0     003f605c  _CLK_enableOsc2HaltMode           
0     003f6053  _CLK_enablePwmClock               
0     003f604a  _CLK_enableSciaClock              
0     003f6043  _CLK_enableSpiaClock              
0     003f603c  _CLK_enableTbClockSync            
0     003f6036  _CLK_enableWatchDogHaltMode       
0     003f6030  _CLK_init                         
0     003f6029  _CLK_setClkOutPreScaler           
0     003f6023  _CLK_setLowSpdPreScaler           
0     003f601c  _CLK_setOsc2Src                   
0     003f6015  _CLK_setOscSrc                    
0     003f600e  _CLK_setTimer2PreScale            
0     003f6007  _CLK_setTimer2Src                 
0     003f6000  _CLK_setWatchDogSrc               
0     003f678b  _CPU_clearIntFlags                
0     003f6788  _CPU_disableDebugInt              
0     003f6785  _CPU_disableGlobalInts            
0     003f6780  _CPU_disableInt                   
0     003f677d  _CPU_disableInts                  
0     003f677a  _CPU_disableProtectedRegisterWrite
0     003f6777  _CPU_enableDebugInt               
0     003f6774  _CPU_enableGlobalInts             
0     003f6770  _CPU_enableInt                    
0     003f676d  _CPU_enableProtectedRegisterWrite 
0     003f6769  _CPU_init                         
0     003f681f  _Delay                            
0     003f61a1  _Delay1                           
0     003f6351  _GPIO_getData                     
0     003f6346  _GPIO_getPortData                 
0     003f6340  _GPIO_init                        
0     003f6337  _GPIO_lpmSelect                   
0     003f631d  _GPIO_setDirection                
0     003f6312  _GPIO_setExtInt                   
0     003f6302  _GPIO_setHigh                     
0     003f62f2  _GPIO_setLow                      
0     003f62c7  _GPIO_setMode                     
0     003f62ba  _GPIO_setPortData                 
0     003f62a0  _GPIO_setPullUp                   
0     003f627c  _GPIO_setQualification            
0     003f625c  _GPIO_setQualificationPeriod      
0     003f624c  _GPIO_toggle                      
0     003f6527  _KEY_Control_LED                  
0     003f6515  _KEY_Control_LED1                 
0     003f65fc  _KEY_GPIO_eventConfigure          
0     003f65fb  _KEY_GPIO_functionConfigure       
0     003f65f4  _KEY_GPIO_initial                 
0     003f65d0  _KEY_GPIO_pinConfigure            
0     003f65a9  _KEY_ID                           
0     003f6808  _KEY_XINT1_isr                    
1     00008803  _KeyCount                         
1     00008818  _LED                              
0     003f64f5  _LED_Control1                     
0     003f622c  _LED_Control2                     
0     003f6477  _LED_DISPLAY1                     
0     003f6215  _LED_DISPLAY11                    
0     003f6457  _LED_DISPLAY2                     
0     003f61f5  _LED_DISPLAY22                    
0     003f64b0  _LED_DISPLAY3                     
0     003f61b0  _LED_DISPLAY33                    
0     003f61a0  _LED_GPIO_eventConfigure          
0     003f619f  _LED_GPIO_functionConfigure       
0     003f617d  _LED_GPIO_initial                 
0     003f6128  _LED_GPIO_pinConfigure            
0     003f649a  _LED_KEY_Control                  
0     003f648e  _LED_KEY_short_long               
0     003f6450  _PIE_clearAllFlags                
0     003f644d  _PIE_clearAllInts                 
0     003f644a  _PIE_disable                      
0     003f6443  _PIE_disableAllInts               
0     003f643f  _PIE_disableCaptureInt            
0     003f6436  _PIE_disableExtInt                
0     003f642c  _PIE_disableInt                   
0     003f6429  _PIE_enable                       
0     003f6417  _PIE_enableAdcInt                 
0     003f6413  _PIE_enableCaptureInt             
0     003f63f6  _PIE_enableExtInt                 
0     003f63ed  _PIE_enableInt                    
0     003f63e8  _PIE_enablePwmInt                 
0     003f63e3  _PIE_enablePwmTzInt               
0     003f63e0  _PIE_enableTimer0Int              
0     003f63d7  _PIE_forceInt                     
0     003f63cf  _PIE_getExtIntCount               
0     003f63c8  _PIE_getIntEnables                
0     003f63c1  _PIE_getIntFlags                  
0     003f683f  _PIE_illegalIsr                   
0     003f63b9  _PIE_init                         
0     003f63a7  _PIE_registerPieIntHandler        
0     003f639c  _PIE_registerSystemIntHandler     
0     003f6391  _PIE_setDefaultIntVectorTable     
0     003f6380  _PIE_setExtIntPolarity            
0     003f636c  _PIE_unregisterPieIntHandler      
0     003f635f  _PIE_unregisterSystemIntHandler   
0     003f65a3  _PLL_disable                      
0     003f659d  _PLL_disableClkDetect             
0     003f6597  _PLL_disableNormRdy               
0     003f6591  _PLL_disableOsc                   
0     003f658b  _PLL_enable                       
0     003f6585  _PLL_enableClkDetect              
0     003f657f  _PLL_enableNormRdy                
0     003f6579  _PLL_enableOsc                    
0     003f6539  _PLL_getClkStatus                 
0     003f6576  _PLL_getDivider                   
0     003f6549  _PLL_getLockStatus                
0     003f6572  _PLL_getMultiplier                
0     003f656c  _PLL_init                         
0     003f6566  _PLL_resetClkDetect               
0     003f653c  _PLL_setDivider                   
0     003f6561  _PLL_setLockPeriod                
0     003f6543  _PLL_setMultiplier                
0     003f654c  _PLL_setup                        
abs   00000000  _RamfuncsLoadSize                 
0     00008000  _RamfuncsLoadStart                
0     00008000  _RamfuncsRunStart                 
0     003f66e6  _System_authorize                 
0     003f67be  _User_Pie_eventConfigure          
0     003f67b4  _User_Pie_functionConfigure       
0     003f67b3  _User_Pie_initial                 
0     003f67b2  _User_Pie_pinConfigure            
0     003f66e5  _User_System_eventConfigure       
0     003f66a7  _User_System_functionConfigure    
0     003f66a6  _User_System_initial              
0     003f66a5  _User_System_pinConfigure         
0     003f669d  _WDOG_clearCounter                
0     003f6695  _WDOG_disable                     
0     003f668f  _WDOG_disableInt                  
0     003f6689  _WDOG_disableOverRide             
0     003f6680  _WDOG_enable                      
0     003f667a  _WDOG_enableInt                   
0     003f6674  _WDOG_enableOverRide              
0     003f6671  _WDOG_getIntStatus                
0     003f666b  _WDOG_init                        
0     003f6669  _WDOG_setCount                    
0     003f665f  _WDOG_setPreScaler                
1     00000350  __STACK_END                       
abs   00000300  __STACK_SIZE                      
1     00008814  ___TI_cleanup_ptr                 
1     00008816  ___TI_dtors_ptr                   
1     00008812  ___TI_enable_exit_profile_output  
abs   ffffffff  ___TI_pprof_out_hndl              
abs   ffffffff  ___TI_prof_data_size              
abs   ffffffff  ___TI_prof_data_start             
abs   ffffffff  ___binit__                        
abs   ffffffff  ___c_args__                       
0     003f6847  ___cinit__                        
abs   ffffffff  ___etext__                        
abs   ffffffff  ___pinit__                        
abs   ffffffff  ___text__                         
0     003f67ef  __args_main                       
1     00008820  __lock                            
0     003f6836  __nop                             
0     003f6832  __register_lock                   
0     003f682e  __register_unlock                 
1     00000050  __stack                           
0     003f6846  __system_post_cinit               
0     003f6844  __system_pre_init                 
1     00008822  __unlock                          
0     003f6718  _abort                            
0     003f660b  _c_int00                          
0     003f678e  _copy_in                          
1     00008824  _cpu                              
1     0000881c  _deviceOpen                       
0     003f671a  _exit                             
1     0000881e  _ioSci                            
1     00008800  _key_counter                      
1     00008802  _key_on                           
1     00008801  _key_status                       
0     003f6741  _main                             
0     003f67d2  _memcpy                           
1     00008804  _myClk                            
1     00008806  _myCpu                            
1     0000880e  _myGpio                           
1     0000880c  _myPie                            
1     00008808  _myPll                            
1     0000880a  _myWDog                           
1     00008810  _time_test                        
abs   ffffffff  binit                             
0     003f6847  cinit                             
0     003f7ff6  code_start                        
abs   ffffffff  etext                             
abs   ffffffff  pinit                             


GLOBAL SYMBOLS: SORTED BY Symbol Address 

page  address   name                              
----  -------   ----                              
0     00008000  _RamfuncsLoadStart                
0     00008000  _RamfuncsRunStart                 
0     003f6000  _CLK_setWatchDogSrc               
0     003f6007  _CLK_setTimer2Src                 
0     003f600e  _CLK_setTimer2PreScale            
0     003f6015  _CLK_setOscSrc                    
0     003f601c  _CLK_setOsc2Src                   
0     003f6023  _CLK_setLowSpdPreScaler           
0     003f6029  _CLK_setClkOutPreScaler           
0     003f6030  _CLK_init                         
0     003f6036  _CLK_enableWatchDogHaltMode       
0     003f603c  _CLK_enableTbClockSync            
0     003f6043  _CLK_enableSpiaClock              
0     003f604a  _CLK_enableSciaClock              
0     003f6053  _CLK_enablePwmClock               
0     003f605c  _CLK_enableOsc2HaltMode           
0     003f6062  _CLK_enableOsc2                   
0     003f6068  _CLK_enableOsc1HaltMode           
0     003f606e  _CLK_enableOsc1                   
0     003f6074  _CLK_enableI2cClock               
0     003f607b  _CLK_enableHrPwmClock             
0     003f6082  _CLK_enableGpioInputClock         
0     003f6089  _CLK_enableEcap1Clock             
0     003f6090  _CLK_enableCrystalOsc             
0     003f6096  _CLK_enableCpuTimerClock          
0     003f609c  _CLK_enableCompClock              
0     003f60a2  _CLK_enableClkIn                  
0     003f60a8  _CLK_enableAdcClock               
0     003f60af  _CLK_disableWatchDogHaltMode      
0     003f60b5  _CLK_disableTbClockSync           
0     003f60bc  _CLK_disableSpiaClock             
0     003f60c3  _CLK_disableSciaClock             
0     003f60cc  _CLK_disablePwmClock              
0     003f60d6  _CLK_disableOsc2HaltMode          
0     003f60dc  _CLK_disableOsc2                  
0     003f60e2  _CLK_disableOsc1HaltMode          
0     003f60e8  _CLK_disableOsc1                  
0     003f60ee  _CLK_disableI2cClock              
0     003f60f5  _CLK_disableHrPwmClock            
0     003f60fc  _CLK_disableGpioInputClock        
0     003f6103  _CLK_disableEcap1Clock            
0     003f610a  _CLK_disableCrystalOsc            
0     003f6110  _CLK_disableCpuTimerClock         
0     003f6117  _CLK_disableCompClock             
0     003f611b  _CLK_disableClkIn                 
0     003f6121  _CLK_disableAdcClock              
0     003f6128  _LED_GPIO_pinConfigure            
0     003f617d  _LED_GPIO_initial                 
0     003f619f  _LED_GPIO_functionConfigure       
0     003f61a0  _LED_GPIO_eventConfigure          
0     003f61a1  _Delay1                           
0     003f61b0  _LED_DISPLAY33                    
0     003f61f5  _LED_DISPLAY22                    
0     003f6215  _LED_DISPLAY11                    
0     003f622c  _LED_Control2                     
0     003f624c  _GPIO_toggle                      
0     003f625c  _GPIO_setQualificationPeriod      
0     003f627c  _GPIO_setQualification            
0     003f62a0  _GPIO_setPullUp                   
0     003f62ba  _GPIO_setPortData                 
0     003f62c7  _GPIO_setMode                     
0     003f62f2  _GPIO_setLow                      
0     003f6302  _GPIO_setHigh                     
0     003f6312  _GPIO_setExtInt                   
0     003f631d  _GPIO_setDirection                
0     003f6337  _GPIO_lpmSelect                   
0     003f6340  _GPIO_init                        
0     003f6346  _GPIO_getPortData                 
0     003f6351  _GPIO_getData                     
0     003f635f  _PIE_unregisterSystemIntHandler   
0     003f636c  _PIE_unregisterPieIntHandler      
0     003f6380  _PIE_setExtIntPolarity            
0     003f6391  _PIE_setDefaultIntVectorTable     
0     003f639c  _PIE_registerSystemIntHandler     
0     003f63a7  _PIE_registerPieIntHandler        
0     003f63b9  _PIE_init                         
0     003f63c1  _PIE_getIntFlags                  
0     003f63c8  _PIE_getIntEnables                
0     003f63cf  _PIE_getExtIntCount               
0     003f63d7  _PIE_forceInt                     
0     003f63e0  _PIE_enableTimer0Int              
0     003f63e3  _PIE_enablePwmTzInt               
0     003f63e8  _PIE_enablePwmInt                 
0     003f63ed  _PIE_enableInt                    
0     003f63f6  _PIE_enableExtInt                 
0     003f6413  _PIE_enableCaptureInt             
0     003f6417  _PIE_enableAdcInt                 
0     003f6429  _PIE_enable                       
0     003f642c  _PIE_disableInt                   
0     003f6436  _PIE_disableExtInt                
0     003f643f  _PIE_disableCaptureInt            
0     003f6443  _PIE_disableAllInts               
0     003f644a  _PIE_disable                      
0     003f644d  _PIE_clearAllInts                 
0     003f6450  _PIE_clearAllFlags                
0     003f6457  _LED_DISPLAY2                     
0     003f6477  _LED_DISPLAY1                     
0     003f648e  _LED_KEY_short_long               
0     003f649a  _LED_KEY_Control                  
0     003f64b0  _LED_DISPLAY3                     
0     003f64f5  _LED_Control1                     
0     003f6515  _KEY_Control_LED1                 
0     003f6527  _KEY_Control_LED                  
0     003f6539  _PLL_getClkStatus                 
0     003f653c  _PLL_setDivider                   
0     003f6543  _PLL_setMultiplier                
0     003f6549  _PLL_getLockStatus                
0     003f654c  _PLL_setup                        
0     003f6561  _PLL_setLockPeriod                
0     003f6566  _PLL_resetClkDetect               
0     003f656c  _PLL_init                         
0     003f6572  _PLL_getMultiplier                
0     003f6576  _PLL_getDivider                   
0     003f6579  _PLL_enableOsc                    
0     003f657f  _PLL_enableNormRdy                
0     003f6585  _PLL_enableClkDetect              
0     003f658b  _PLL_enable                       
0     003f6591  _PLL_disableOsc                   
0     003f6597  _PLL_disableNormRdy               
0     003f659d  _PLL_disableClkDetect             
0     003f65a3  _PLL_disable                      
0     003f65a9  _KEY_ID                           
0     003f65d0  _KEY_GPIO_pinConfigure            
0     003f65f4  _KEY_GPIO_initial                 
0     003f65fb  _KEY_GPIO_functionConfigure       
0     003f65fc  _KEY_GPIO_eventConfigure          
0     003f660b  _c_int00                          
0     003f665f  _WDOG_setPreScaler                
0     003f6669  _WDOG_setCount                    
0     003f666b  _WDOG_init                        
0     003f6671  _WDOG_getIntStatus                
0     003f6674  _WDOG_enableOverRide              
0     003f667a  _WDOG_enableInt                   
0     003f6680  _WDOG_enable                      
0     003f6689  _WDOG_disableOverRide             
0     003f668f  _WDOG_disableInt                  
0     003f6695  _WDOG_disable                     
0     003f669d  _WDOG_clearCounter                
0     003f66a5  _User_System_pinConfigure         
0     003f66a6  _User_System_initial              
0     003f66a7  _User_System_functionConfigure    
0     003f66e5  _User_System_eventConfigure       
0     003f66e6  _System_authorize                 
0     003f6718  C$$EXIT                           
0     003f6718  _abort                            
0     003f671a  _exit                             
0     003f6741  _main                             
0     003f6769  _CPU_init                         
0     003f676d  _CPU_enableProtectedRegisterWrite 
0     003f6770  _CPU_enableInt                    
0     003f6774  _CPU_enableGlobalInts             
0     003f6777  _CPU_enableDebugInt               
0     003f677a  _CPU_disableProtectedRegisterWrite
0     003f677d  _CPU_disableInts                  
0     003f6780  _CPU_disableInt                   
0     003f6785  _CPU_disableGlobalInts            
0     003f6788  _CPU_disableDebugInt              
0     003f678b  _CPU_clearIntFlags                
0     003f678e  _copy_in                          
0     003f67b2  _User_Pie_pinConfigure            
0     003f67b3  _User_Pie_initial                 
0     003f67b4  _User_Pie_functionConfigure       
0     003f67be  _User_Pie_eventConfigure          
0     003f67d2  _memcpy                           
0     003f67ef  __args_main                       
0     003f6808  _KEY_XINT1_isr                    
0     003f681f  _Delay                            
0     003f682e  __register_unlock                 
0     003f6832  __register_lock                   
0     003f6836  __nop                             
0     003f683f  _PIE_illegalIsr                   
0     003f6844  __system_pre_init                 
0     003f6846  __system_post_cinit               
0     003f6847  ___cinit__                        
0     003f6847  cinit                             
0     003f7ff6  code_start                        
1     00000050  __stack                           
1     00000350  __STACK_END                       
1     00008800  _key_counter                      
1     00008801  _key_status                       
1     00008802  _key_on                           
1     00008803  _KeyCount                         
1     00008804  _myClk                            
1     00008806  _myCpu                            
1     00008808  _myPll                            
1     0000880a  _myWDog                           
1     0000880c  _myPie                            
1     0000880e  _myGpio                           
1     00008810  _time_test                        
1     00008812  ___TI_enable_exit_profile_output  
1     00008814  ___TI_cleanup_ptr                 
1     00008816  ___TI_dtors_ptr                   
1     00008818  _LED                              
1     0000881c  _deviceOpen                       
1     0000881e  _ioSci                            
1     00008820  __lock                            
1     00008822  __unlock                          
1     00008824  _cpu                              
abs   00000000  _RamfuncsLoadSize                 
abs   00000300  __STACK_SIZE                      
abs   ffffffff  .text                             
abs   ffffffff  ___TI_pprof_out_hndl              
abs   ffffffff  ___TI_prof_data_size              
abs   ffffffff  ___TI_prof_data_start             
abs   ffffffff  ___binit__                        
abs   ffffffff  ___c_args__                       
abs   ffffffff  ___etext__                        
abs   ffffffff  ___pinit__                        
abs   ffffffff  ___text__                         
abs   ffffffff  binit                             
abs   ffffffff  etext                             
abs   ffffffff  pinit                             

[212 symbols]
