******************************************************************************
             TMS320C2000 Linker PC v21.6.0                     
******************************************************************************
>> Linked Fri Mar 25 08:22:21 2022

OUTPUT FILE NAME:   <chap6_PIE_1.cof>
ENTRY POINT SYMBOL: "_c_int00"  address: 003f69dc


MEMORY CONFIGURATION

         name            origin    length      used     unused   attr    fill
----------------------  --------  ---------  --------  --------  ----  --------
PAGE 0:
  BEGIN                 00000000   00000002  00000002  00000000  RWIX
  PRAML0                00008000   00000800  00000000  00000800  RWIX
  OTP                   003d7800   00000400  00000000  00000400  RWIX
  FLASHD                003f0000   00002000  00000000  00002000  RWIX
  FLASHC                003f2000   00002000  00000000  00002000  RWIX
  FLASHA                003f6000   00001f80  00000c29  00001357  RWIX
  CSM_RSVD              003f7f80   00000076  00000000  00000076  RWIX
  CSM_PWL_P0            003f7ff8   00000008  00000000  00000008  RWIX
  IQTABLES              003fe000   00000b50  00000000  00000b50  RWIX
  IQTABLES2             003feb50   0000008c  00000000  0000008c  RWIX
  IQTABLES3             003febdc   000000aa  00000000  000000aa  RWIX
  ROM                   003ff27c   00000d44  00000000  00000d44  RWIX
  RESET                 003fffc0   00000002  00000000  00000002  RWIX
  VECTORS               003fffc2   0000003e  00000000  0000003e  RWIX

PAGE 1:
  BOOT_RSVD             00000000   00000050  00000000  00000050  RWIX
  RAMM0                 00000050   000003b0  00000300  000000b0  RWIX
  RAMM1                 00000400   00000400  00000000  00000400  RWIX
  DRAML0                00008800   00000800  00000025  000007db  RWIX
  FLASHB                003f4000   00002000  00000000  00002000  RWIX


SECTION ALLOCATION MAP

 output                                  attributes/
section   page    origin      length       input sections
--------  ----  ----------  ----------   ----------------
.cinit     0    003f6c0b    0000001e     
                  003f6c0b    0000000e     rts2800_ml.lib : exit.c.obj (.cinit)
                  003f6c19    00000005                    : _lock.c.obj (.cinit:__lock)
                  003f6c1e    00000005                    : _lock.c.obj (.cinit:__unlock)
                  003f6c23    00000004     sci_io.obj (.cinit)
                  003f6c27    00000002     --HOLE-- [fill = 0]

.pinit     0    003f6000    00000000     UNINITIALIZED

codestart 
*          0    00000000    00000002     
                  00000000    00000002     F2802x_CodeStartBranch.obj (codestart)

ramfuncs   0    00008000    00000000     UNINITIALIZED

.stack     1    00000050    00000300     UNINITIALIZED
                  00000050    00000300     --HOLE--

.ebss      1    00008800    00000025     UNINITIALIZED
                  00008800    00000012     main.obj (.ebss)
                  00008812    00000006     rts2800_ml.lib : exit.c.obj (.ebss)
                  00008818    00000004     main.obj (.ebss:_LED)
                  0000881c    00000004     sci_io.obj (.ebss)
                  00008820    00000002     rts2800_ml.lib : _lock.c.obj (.ebss:__lock)
                  00008822    00000002                    : _lock.c.obj (.ebss:__unlock)
                  00008824    00000001     cpu.obj (.ebss)

.reset     0    003fffc0    00000002     DSECT
                  003fffc0    00000002     rts2800_ml.lib : boot28.asm.obj (.reset)

vectors    0    003fffc2    00000000     DSECT

.text      0    003f6000    00000c0b     
                  003f6000    00000251     clk.obj (.text)
                  003f6251    000001f5     gpio.obj (.text)
                  003f6446    000001d9     pie.obj (.text)
                  003f661f    0000010e     LED_Gpio.obj (.text)
                  003f672d    000000e1     app.obj (.text)
                  003f680e    000000dd     pll.obj (.text)
                  003f68eb    0000008b     wdog.obj (.text)
                  003f6976    00000066     key_Gpio.obj (.text)
                  003f69dc    00000054     rts2800_ml.lib : boot28.asm.obj (.text)
                  003f6a30    0000004c     cpu.obj (.text)
                  003f6a7c    00000041     User_System.obj (.text)
                  003f6abd    00000032     F2802x_Device.obj (.text)
                  003f6aef    0000002b     main.obj (.text)
                  003f6b1a    00000029     rts2800_ml.lib : exit.c.obj (.text)
                  003f6b43    00000024                    : cpy_tbl.c.obj (.text)
                  003f6b67    00000023     isr.obj (.text:retain)
                  003f6b8a    00000020     User_Pie.obj (.text)
                  003f6baa    0000001d     rts2800_ml.lib : memcpy.c.obj (.text)
                  003f6bc7    00000011                    : args_main.c.obj (.text)
                  003f6bd8    0000000f     Delay.obj (.text)
                  003f6be7    0000000b     isr.obj (.text)
                  003f6bf2    00000009     rts2800_ml.lib : _lock.c.obj (.text)
                  003f6bfb    00000008     F2802x_CodeStartBranch.obj (.text)
                  003f6c03    00000005     pie.obj (.text:retain)
                  003f6c08    00000002     rts2800_ml.lib : pre_init.c.obj (.text)
                  003f6c0a    00000001                    : startup.c.obj (.text)

MODULE SUMMARY

       Module                       code   initialized data   uninitialized data
       ------                       ----   ----------------   ------------------
    .\
       main.obj                     43     0                  22                
    +--+----------------------------+------+------------------+--------------------+
       Total:                       43     0                  22                
                                                                                
    .\Application\
       app.obj                      225    0                  0                 
       isr.obj                      46     0                  0                 
    +--+----------------------------+------+------------------+--------------------+
       Total:                       271    0                  0                 
                                                                                
    .\F2802x_Component\
       F2802x_Device.obj            50     0                  0                 
    +--+----------------------------+------+------------------+--------------------+
       Total:                       50     0                  0                 
                                                                                
    .\F2802x_Component\source\
       clk.obj                      593    0                  0                 
       gpio.obj                     501    0                  0                 
       pie.obj                      478    0                  0                 
       pll.obj                      221    0                  0                 
       wdog.obj                     139    0                  0                 
       cpu.obj                      76     0                  1                 
       F2802x_CodeStartBranch.obj   10     0                  0                 
       sci_io.obj                   0      4                  4                 
    +--+----------------------------+------+------------------+--------------------+
       Total:                       2018   4                  5                 
                                                                                
    .\User_Component\Delay\
       Delay.obj                    15     0                  0                 
    +--+----------------------------+------+------------------+--------------------+
       Total:                       15     0                  0                 
                                                                                
    .\User_Component\LED_Gpio\
       LED_Gpio.obj                 270    0                  0                 
    +--+----------------------------+------+------------------+--------------------+
       Total:                       270    0                  0                 
                                                                                
    .\User_Component\User_Pie\
       User_Pie.obj                 32     0                  0                 
    +--+----------------------------+------+------------------+--------------------+
       Total:                       32     0                  0                 
                                                                                
    .\User_Component\User_System\
       User_System.obj              65     0                  0                 
    +--+----------------------------+------+------------------+--------------------+
       Total:                       65     0                  0                 
                                                                                
    .\User_Component\key_GPIO\
       key_Gpio.obj                 102    0                  0                 
    +--+----------------------------+------+------------------+--------------------+
       Total:                       102    0                  0                 
                                                                                
    C:\ti\ccs1110\ccs\tools\compiler\ti-cgt-c2000_21.6.0.LTS\lib\rts2800_ml.lib
       boot28.asm.obj               84     0                  0                 
       exit.c.obj                   41     14                 6                 
       cpy_tbl.c.obj                36     0                  0                 
       memcpy.c.obj                 29     0                  0                 
       _lock.c.obj                  9      10                 4                 
       args_main.c.obj              17     0                  0                 
       pre_init.c.obj               2      0                  0                 
       startup.c.obj                1      0                  0                 
    +--+----------------------------+------+------------------+--------------------+
       Total:                       219    24                 10                
                                                                                
       Stack:                       0      0                  768               
    +--+----------------------------+------+------------------+--------------------+
       Grand Total:                 3085   28                 805               


GLOBAL DATA SYMBOLS: SORTED BY DATA PAGE

address     data page           name
--------    ----------------    ----
00000050       1 (00000040)     __stack

00008800     220 (00008800)     _key_counter
00008801     220 (00008800)     _key_status
00008802     220 (00008800)     _key_on
00008803     220 (00008800)     _KeyCount
00008804     220 (00008800)     _myClk
00008806     220 (00008800)     _myCpu
00008808     220 (00008800)     _myPll
0000880a     220 (00008800)     _myWDog
0000880c     220 (00008800)     _myPie
0000880e     220 (00008800)     _myGpio
00008810     220 (00008800)     _time_test
00008812     220 (00008800)     ___TI_enable_exit_profile_output
00008814     220 (00008800)     ___TI_cleanup_ptr
00008816     220 (00008800)     ___TI_dtors_ptr
00008818     220 (00008800)     _LED
0000881c     220 (00008800)     _deviceOpen
0000881e     220 (00008800)     _ioSci
00008820     220 (00008800)     __lock
00008822     220 (00008800)     __unlock
00008824     220 (00008800)     _cpu


GLOBAL SYMBOLS: SORTED ALPHABETICALLY BY Name 

page  address   name                              
----  -------   ----                              
abs   ffffffff  .text                             
0     003f6b1a  C$$EXIT                           
0     003f6000  _CLK_disableAdcClock              
0     003f600e  _CLK_disableClkIn                 
0     003f6019  _CLK_disableCompClock             
0     003f6026  _CLK_disableCpuTimerClock         
0     003f6036  _CLK_disableCrystalOsc            
0     003f6041  _CLK_disableEcap1Clock            
0     003f604f  _CLK_disableGpioInputClock        
0     003f605d  _CLK_disableHrPwmClock            
0     003f606b  _CLK_disableI2cClock              
0     003f6079  _CLK_disableOsc1                  
0     003f6084  _CLK_disableOsc1HaltMode          
0     003f608f  _CLK_disableOsc2                  
0     003f609a  _CLK_disableOsc2HaltMode          
0     003f60a5  _CLK_disablePwmClock              
0     003f60b7  _CLK_disableSciaClock             
0     003f60c7  _CLK_disableSpiaClock             
0     003f60d5  _CLK_disableTbClockSync           
0     003f60e3  _CLK_disableWatchDogHaltMode      
0     003f60ee  _CLK_enableAdcClock               
0     003f6133  _CLK_enableClkIn                  
0     003f60fc  _CLK_enableCompClock              
0     003f610b  _CLK_enableCpuTimerClock          
0     003f611a  _CLK_enableCrystalOsc             
0     003f6125  _CLK_enableEcap1Clock             
0     003f613e  _CLK_enableGpioInputClock         
0     003f614c  _CLK_enableHrPwmClock             
0     003f615a  _CLK_enableI2cClock               
0     003f6168  _CLK_enableOsc1                   
0     003f6173  _CLK_enableOsc1HaltMode           
0     003f617e  _CLK_enableOsc2                   
0     003f6189  _CLK_enableOsc2HaltMode           
0     003f6194  _CLK_enablePwmClock               
0     003f61a5  _CLK_enableSciaClock              
0     003f61b5  _CLK_enableSpiaClock              
0     003f61c3  _CLK_enableTbClockSync            
0     003f61d1  _CLK_enableWatchDogHaltMode       
0     003f61dc  _CLK_init                         
0     003f61e8  _CLK_setClkOutPreScaler           
0     003f61f7  _CLK_setLowSpdPreScaler           
0     003f6215  _CLK_setOsc2Src                   
0     003f6206  _CLK_setOscSrc                    
0     003f6224  _CLK_setTimer2PreScale            
0     003f6233  _CLK_setTimer2Src                 
0     003f6242  _CLK_setWatchDogSrc               
0     003f6a30  _CPU_clearIntFlags                
0     003f6a36  _CPU_disableDebugInt              
0     003f6a3c  _CPU_disableGlobalInts            
0     003f6a42  _CPU_disableInt                   
0     003f6a4b  _CPU_disableInts                  
0     003f6a51  _CPU_disableProtectedRegisterWrite
0     003f6a57  _CPU_enableDebugInt               
0     003f6a5d  _CPU_enableGlobalInts             
0     003f6a63  _CPU_enableInt                    
0     003f6a6b  _CPU_enableProtectedRegisterWrite 
0     003f6a71  _CPU_init                         
0     003f6bd8  _Delay                            
0     003f669e  _Delay1                           
0     003f6251  _GPIO_getData                     
0     003f626c  _GPIO_getPortData                 
0     003f6282  _GPIO_init                        
0     003f6434  _GPIO_lpmSelect                   
0     003f628e  _GPIO_setDirection                
0     003f62f8  _GPIO_setExtInt                   
0     003f630a  _GPIO_setHigh                     
0     003f632a  _GPIO_setLow                      
0     003f634a  _GPIO_setMode                     
0     003f639e  _GPIO_setPortData                 
0     003f62c3  _GPIO_setPullUp                   
0     003f63b8  _GPIO_setQualification            
0     003f63e7  _GPIO_setQualificationPeriod      
0     003f6414  _GPIO_toggle                      
0     003f6776  _KEY_Control_LED                  
0     003f678b  _KEY_Control_LED1                 
0     003f69ab  _KEY_GPIO_eventConfigure          
0     003f69aa  _KEY_GPIO_functionConfigure       
0     003f697f  _KEY_GPIO_initial                 
0     003f6986  _KEY_GPIO_pinConfigure            
0     003f69ba  _KEY_ID                           
0     003f6b67  _KEY_XINT1_isr                    
1     00008803  _KeyCount                         
1     00008818  _LED                              
0     003f6748  _LED_Control1                     
0     003f66ad  _LED_Control2                     
0     003f67af  _LED_DISPLAY1                     
0     003f66ce  _LED_DISPLAY11                    
0     003f67c0  _LED_DISPLAY2                     
0     003f66df  _LED_DISPLAY22                    
0     003f67e1  _LED_DISPLAY3                     
0     003f6700  _LED_DISPLAY33                    
0     003f669d  _LED_GPIO_eventConfigure          
0     003f669c  _LED_GPIO_functionConfigure       
0     003f6631  _LED_GPIO_initial                 
0     003f6647  _LED_GPIO_pinConfigure            
0     003f6769  _LED_KEY_Control                  
0     003f67a0  _LED_KEY_short_long               
0     003f6446  _PIE_clearAllFlags                
0     003f645a  _PIE_clearAllInts                 
0     003f6462  _PIE_disable                      
0     003f6483  _PIE_disableAllInts               
0     003f646a  _PIE_disableCaptureInt            
0     003f6475  _PIE_disableExtInt                
0     003f6497  _PIE_disableInt                   
0     003f64a8  _PIE_enable                       
0     003f64b0  _PIE_enableAdcInt                 
0     003f64cc  _PIE_enableCaptureInt             
0     003f64d7  _PIE_enableExtInt                 
0     003f64fb  _PIE_enableInt                    
0     003f650b  _PIE_enablePwmInt                 
0     003f6520  _PIE_enablePwmTzInt               
0     003f6535  _PIE_enableTimer0Int              
0     003f6540  _PIE_forceInt                     
0     003f6550  _PIE_getExtIntCount               
0     003f655f  _PIE_getIntEnables                
0     003f656c  _PIE_getIntFlags                  
0     003f6c03  _PIE_illegalIsr                   
0     003f6579  _PIE_init                         
0     003f6588  _PIE_registerPieIntHandler        
0     003f65a5  _PIE_registerSystemIntHandler     
0     003f65bb  _PIE_setDefaultIntVectorTable     
0     003f65d6  _PIE_setExtIntPolarity            
0     003f65ec  _PIE_unregisterPieIntHandler      
0     003f6609  _PIE_unregisterSystemIntHandler   
0     003f680e  _PLL_disable                      
0     003f6819  _PLL_disableClkDetect             
0     003f6824  _PLL_disableNormRdy               
0     003f682f  _PLL_disableOsc                   
0     003f683a  _PLL_enable                       
0     003f6845  _PLL_enableClkDetect              
0     003f6850  _PLL_enableNormRdy                
0     003f685b  _PLL_enableOsc                    
0     003f6872  _PLL_getClkStatus                 
0     003f687b  _PLL_getDivider                   
0     003f6884  _PLL_getLockStatus                
0     003f6866  _PLL_getMultiplier                
0     003f688d  _PLL_init                         
0     003f6899  _PLL_resetClkDetect               
0     003f68b3  _PLL_setDivider                   
0     003f68df  _PLL_setLockPeriod                
0     003f68a4  _PLL_setMultiplier                
0     003f68c2  _PLL_setup                        
abs   00000000  _RamfuncsLoadSize                 
0     00008000  _RamfuncsLoadStart                
0     00008000  _RamfuncsRunStart                 
0     003f6abd  _System_authorize                 
0     003f6b96  _User_Pie_eventConfigure          
0     003f6b8c  _User_Pie_functionConfigure       
0     003f6b8a  _User_Pie_initial                 
0     003f6b8b  _User_Pie_pinConfigure            
0     003f6abc  _User_System_eventConfigure       
0     003f6a7e  _User_System_functionConfigure    
0     003f6a7c  _User_System_initial              
0     003f6a7d  _User_System_pinConfigure         
0     003f68eb  _WDOG_clearCounter                
0     003f68f9  _WDOG_disable                     
0     003f6909  _WDOG_disableInt                  
0     003f6914  _WDOG_disableOverRide             
0     003f691f  _WDOG_enable                      
0     003f692f  _WDOG_enableInt                   
0     003f693a  _WDOG_enableOverRide              
0     003f6945  _WDOG_getIntStatus                
0     003f694e  _WDOG_init                        
0     003f695a  _WDOG_setCount                    
0     003f6963  _WDOG_setPreScaler                
1     00000350  __STACK_END                       
abs   00000300  __STACK_SIZE                      
1     00008814  ___TI_cleanup_ptr                 
1     00008816  ___TI_dtors_ptr                   
1     00008812  ___TI_enable_exit_profile_output  
abs   ffffffff  ___TI_pprof_out_hndl              
abs   ffffffff  ___TI_prof_data_size              
abs   ffffffff  ___TI_prof_data_start             
abs   ffffffff  ___binit__                        
abs   ffffffff  ___c_args__                       
0     003f6c0b  ___cinit__                        
abs   ffffffff  ___etext__                        
abs   ffffffff  ___pinit__                        
abs   ffffffff  ___text__                         
0     003f6bc7  __args_main                       
1     00008820  __lock                            
0     003f6bfa  __nop                             
0     003f6bf6  __register_lock                   
0     003f6bf2  __register_unlock                 
1     00000050  __stack                           
0     003f6c0a  __system_post_cinit               
0     003f6c08  __system_pre_init                 
1     00008822  __unlock                          
0     003f6b1a  _abort                            
0     003f69dc  _c_int00                          
0     003f6b43  _copy_in                          
1     00008824  _cpu                              
1     0000881c  _deviceOpen                       
0     003f6b1c  _exit                             
1     0000881e  _ioSci                            
1     00008800  _key_counter                      
1     00008802  _key_on                           
1     00008801  _key_status                       
0     003f6af5  _main                             
0     003f6baa  _memcpy                           
1     00008804  _myClk                            
1     00008806  _myCpu                            
1     0000880e  _myGpio                           
1     0000880c  _myPie                            
1     00008808  _myPll                            
1     0000880a  _myWDog                           
1     00008810  _time_test                        
abs   ffffffff  binit                             
0     003f6c0b  cinit                             
0     00000000  code_start                        
abs   ffffffff  etext                             
abs   ffffffff  pinit                             


GLOBAL SYMBOLS: SORTED BY Symbol Address 

page  address   name                              
----  -------   ----                              
0     00000000  code_start                        
0     00008000  _RamfuncsLoadStart                
0     00008000  _RamfuncsRunStart                 
0     003f6000  _CLK_disableAdcClock              
0     003f600e  _CLK_disableClkIn                 
0     003f6019  _CLK_disableCompClock             
0     003f6026  _CLK_disableCpuTimerClock         
0     003f6036  _CLK_disableCrystalOsc            
0     003f6041  _CLK_disableEcap1Clock            
0     003f604f  _CLK_disableGpioInputClock        
0     003f605d  _CLK_disableHrPwmClock            
0     003f606b  _CLK_disableI2cClock              
0     003f6079  _CLK_disableOsc1                  
0     003f6084  _CLK_disableOsc1HaltMode          
0     003f608f  _CLK_disableOsc2                  
0     003f609a  _CLK_disableOsc2HaltMode          
0     003f60a5  _CLK_disablePwmClock              
0     003f60b7  _CLK_disableSciaClock             
0     003f60c7  _CLK_disableSpiaClock             
0     003f60d5  _CLK_disableTbClockSync           
0     003f60e3  _CLK_disableWatchDogHaltMode      
0     003f60ee  _CLK_enableAdcClock               
0     003f60fc  _CLK_enableCompClock              
0     003f610b  _CLK_enableCpuTimerClock          
0     003f611a  _CLK_enableCrystalOsc             
0     003f6125  _CLK_enableEcap1Clock             
0     003f6133  _CLK_enableClkIn                  
0     003f613e  _CLK_enableGpioInputClock         
0     003f614c  _CLK_enableHrPwmClock             
0     003f615a  _CLK_enableI2cClock               
0     003f6168  _CLK_enableOsc1                   
0     003f6173  _CLK_enableOsc1HaltMode           
0     003f617e  _CLK_enableOsc2                   
0     003f6189  _CLK_enableOsc2HaltMode           
0     003f6194  _CLK_enablePwmClock               
0     003f61a5  _CLK_enableSciaClock              
0     003f61b5  _CLK_enableSpiaClock              
0     003f61c3  _CLK_enableTbClockSync            
0     003f61d1  _CLK_enableWatchDogHaltMode       
0     003f61dc  _CLK_init                         
0     003f61e8  _CLK_setClkOutPreScaler           
0     003f61f7  _CLK_setLowSpdPreScaler           
0     003f6206  _CLK_setOscSrc                    
0     003f6215  _CLK_setOsc2Src                   
0     003f6224  _CLK_setTimer2PreScale            
0     003f6233  _CLK_setTimer2Src                 
0     003f6242  _CLK_setWatchDogSrc               
0     003f6251  _GPIO_getData                     
0     003f626c  _GPIO_getPortData                 
0     003f6282  _GPIO_init                        
0     003f628e  _GPIO_setDirection                
0     003f62c3  _GPIO_setPullUp                   
0     003f62f8  _GPIO_setExtInt                   
0     003f630a  _GPIO_setHigh                     
0     003f632a  _GPIO_setLow                      
0     003f634a  _GPIO_setMode                     
0     003f639e  _GPIO_setPortData                 
0     003f63b8  _GPIO_setQualification            
0     003f63e7  _GPIO_setQualificationPeriod      
0     003f6414  _GPIO_toggle                      
0     003f6434  _GPIO_lpmSelect                   
0     003f6446  _PIE_clearAllFlags                
0     003f645a  _PIE_clearAllInts                 
0     003f6462  _PIE_disable                      
0     003f646a  _PIE_disableCaptureInt            
0     003f6475  _PIE_disableExtInt                
0     003f6483  _PIE_disableAllInts               
0     003f6497  _PIE_disableInt                   
0     003f64a8  _PIE_enable                       
0     003f64b0  _PIE_enableAdcInt                 
0     003f64cc  _PIE_enableCaptureInt             
0     003f64d7  _PIE_enableExtInt                 
0     003f64fb  _PIE_enableInt                    
0     003f650b  _PIE_enablePwmInt                 
0     003f6520  _PIE_enablePwmTzInt               
0     003f6535  _PIE_enableTimer0Int              
0     003f6540  _PIE_forceInt                     
0     003f6550  _PIE_getExtIntCount               
0     003f655f  _PIE_getIntEnables                
0     003f656c  _PIE_getIntFlags                  
0     003f6579  _PIE_init                         
0     003f6588  _PIE_registerPieIntHandler        
0     003f65a5  _PIE_registerSystemIntHandler     
0     003f65bb  _PIE_setDefaultIntVectorTable     
0     003f65d6  _PIE_setExtIntPolarity            
0     003f65ec  _PIE_unregisterPieIntHandler      
0     003f6609  _PIE_unregisterSystemIntHandler   
0     003f6631  _LED_GPIO_initial                 
0     003f6647  _LED_GPIO_pinConfigure            
0     003f669c  _LED_GPIO_functionConfigure       
0     003f669d  _LED_GPIO_eventConfigure          
0     003f669e  _Delay1                           
0     003f66ad  _LED_Control2                     
0     003f66ce  _LED_DISPLAY11                    
0     003f66df  _LED_DISPLAY22                    
0     003f6700  _LED_DISPLAY33                    
0     003f6748  _LED_Control1                     
0     003f6769  _LED_KEY_Control                  
0     003f6776  _KEY_Control_LED                  
0     003f678b  _KEY_Control_LED1                 
0     003f67a0  _LED_KEY_short_long               
0     003f67af  _LED_DISPLAY1                     
0     003f67c0  _LED_DISPLAY2                     
0     003f67e1  _LED_DISPLAY3                     
0     003f680e  _PLL_disable                      
0     003f6819  _PLL_disableClkDetect             
0     003f6824  _PLL_disableNormRdy               
0     003f682f  _PLL_disableOsc                   
0     003f683a  _PLL_enable                       
0     003f6845  _PLL_enableClkDetect              
0     003f6850  _PLL_enableNormRdy                
0     003f685b  _PLL_enableOsc                    
0     003f6866  _PLL_getMultiplier                
0     003f6872  _PLL_getClkStatus                 
0     003f687b  _PLL_getDivider                   
0     003f6884  _PLL_getLockStatus                
0     003f688d  _PLL_init                         
0     003f6899  _PLL_resetClkDetect               
0     003f68a4  _PLL_setMultiplier                
0     003f68b3  _PLL_setDivider                   
0     003f68c2  _PLL_setup                        
0     003f68df  _PLL_setLockPeriod                
0     003f68eb  _WDOG_clearCounter                
0     003f68f9  _WDOG_disable                     
0     003f6909  _WDOG_disableInt                  
0     003f6914  _WDOG_disableOverRide             
0     003f691f  _WDOG_enable                      
0     003f692f  _WDOG_enableInt                   
0     003f693a  _WDOG_enableOverRide              
0     003f6945  _WDOG_getIntStatus                
0     003f694e  _WDOG_init                        
0     003f695a  _WDOG_setCount                    
0     003f6963  _WDOG_setPreScaler                
0     003f697f  _KEY_GPIO_initial                 
0     003f6986  _KEY_GPIO_pinConfigure            
0     003f69aa  _KEY_GPIO_functionConfigure       
0     003f69ab  _KEY_GPIO_eventConfigure          
0     003f69ba  _KEY_ID                           
0     003f69dc  _c_int00                          
0     003f6a30  _CPU_clearIntFlags                
0     003f6a36  _CPU_disableDebugInt              
0     003f6a3c  _CPU_disableGlobalInts            
0     003f6a42  _CPU_disableInt                   
0     003f6a4b  _CPU_disableInts                  
0     003f6a51  _CPU_disableProtectedRegisterWrite
0     003f6a57  _CPU_enableDebugInt               
0     003f6a5d  _CPU_enableGlobalInts             
0     003f6a63  _CPU_enableInt                    
0     003f6a6b  _CPU_enableProtectedRegisterWrite 
0     003f6a71  _CPU_init                         
0     003f6a7c  _User_System_initial              
0     003f6a7d  _User_System_pinConfigure         
0     003f6a7e  _User_System_functionConfigure    
0     003f6abc  _User_System_eventConfigure       
0     003f6abd  _System_authorize                 
0     003f6af5  _main                             
0     003f6b1a  C$$EXIT                           
0     003f6b1a  _abort                            
0     003f6b1c  _exit                             
0     003f6b43  _copy_in                          
0     003f6b67  _KEY_XINT1_isr                    
0     003f6b8a  _User_Pie_initial                 
0     003f6b8b  _User_Pie_pinConfigure            
0     003f6b8c  _User_Pie_functionConfigure       
0     003f6b96  _User_Pie_eventConfigure          
0     003f6baa  _memcpy                           
0     003f6bc7  __args_main                       
0     003f6bd8  _Delay                            
0     003f6bf2  __register_unlock                 
0     003f6bf6  __register_lock                   
0     003f6bfa  __nop                             
0     003f6c03  _PIE_illegalIsr                   
0     003f6c08  __system_pre_init                 
0     003f6c0a  __system_post_cinit               
0     003f6c0b  ___cinit__                        
0     003f6c0b  cinit                             
1     00000050  __stack                           
1     00000350  __STACK_END                       
1     00008800  _key_counter                      
1     00008801  _key_status                       
1     00008802  _key_on                           
1     00008803  _KeyCount                         
1     00008804  _myClk                            
1     00008806  _myCpu                            
1     00008808  _myPll                            
1     0000880a  _myWDog                           
1     0000880c  _myPie                            
1     0000880e  _myGpio                           
1     00008810  _time_test                        
1     00008812  ___TI_enable_exit_profile_output  
1     00008814  ___TI_cleanup_ptr                 
1     00008816  ___TI_dtors_ptr                   
1     00008818  _LED                              
1     0000881c  _deviceOpen                       
1     0000881e  _ioSci                            
1     00008820  __lock                            
1     00008822  __unlock                          
1     00008824  _cpu                              
abs   00000000  _RamfuncsLoadSize                 
abs   00000300  __STACK_SIZE                      
abs   ffffffff  .text                             
abs   ffffffff  ___TI_pprof_out_hndl              
abs   ffffffff  ___TI_prof_data_size              
abs   ffffffff  ___TI_prof_data_start             
abs   ffffffff  ___binit__                        
abs   ffffffff  ___c_args__                       
abs   ffffffff  ___etext__                        
abs   ffffffff  ___pinit__                        
abs   ffffffff  ___text__                         
abs   ffffffff  binit                             
abs   ffffffff  etext                             
abs   ffffffff  pinit                             

[212 symbols]
