******************************************************************************
             TMS320C2000 Linker PC v18.12.4                    
******************************************************************************
>> Linked Thu Jul  8 08:34:37 2021

OUTPUT FILE NAME:   <myProject2.out>
ENTRY POINT SYMBOL: "_c_int00"  address: 003f6a01


MEMORY CONFIGURATION

         name            origin    length      used     unused   attr    fill
----------------------  --------  ---------  --------  --------  ----  --------
PAGE 0:
  PRAML0                00008000   00000800  00000000  00000800  RWIX
  OTP                   003d7800   00000400  00000000  00000400  RWIX
  FLASHD                003f0000   00002000  00000000  00002000  RWIX
  FLASHC                003f2000   00002000  00000000  00002000  RWIX
  FLASHA                003f6000   00001f80  00000be4  0000139c  RWIX
  CSM_RSVD              003f7f80   00000076  00000000  00000076  RWIX
  BEGIN                 003f7ff6   00000002  00000002  00000000  RWIX
  CSM_PWL_P0            003f7ff8   00000008  00000000  00000008  RWIX
  IQTABLES              003fe000   00000b50  00000000  00000b50  RWIX
  IQTABLES2             003feb50   0000008c  00000000  0000008c  RWIX
  IQTABLES3             003febdc   000000aa  00000000  000000aa  RWIX
  ROM                   003ff27c   00000d44  00000000  00000d44  RWIX
  RESET                 003fffc0   00000002  00000000  00000002  RWIX
  VECTORS               003fffc2   0000003e  00000000  0000003e  RWIX

PAGE 1:
  BOOT_RSVD             00000000   00000050  00000000  00000050  RWIX
  RAMM0                 00000050   000003b0  00000300  000000b0  RWIX
  RAMM1                 00000400   00000400  00000000  00000400  RWIX
  DRAML0                00008800   00000800  00000027  000007d9  RWIX
  FLASHB                003f4000   00002000  00000000  00002000  RWIX


SECTION ALLOCATION MAP

 output                                  attributes/
section   page    origin      length       input sections
--------  ----  ----------  ----------   ----------------
.cinit     0    003f6bc6    0000001e     
                  003f6bc6    0000000e     rts2800_ml.lib : exit.c.obj (.cinit)
                  003f6bd4    00000005                    : _lock.c.obj (.cinit:__lock)
                  003f6bd9    00000005                    : _lock.c.obj (.cinit:__unlock)
                  003f6bde    00000004     sci_io.obj (.cinit)
                  003f6be2    00000002     --HOLE-- [fill = 0]

.pinit     0    003f6000    00000000     UNINITIALIZED

ramfuncs   0    00008000    00000000     UNINITIALIZED

codestart 
*          0    003f7ff6    00000002     
                  003f7ff6    00000002     F2802x_CodeStartBranch.obj (codestart)

.stack     1    00000050    00000300     UNINITIALIZED
                  00000050    00000300     --HOLE--

.ebss      1    00008800    00000027     UNINITIALIZED
                  00008800    00000014     main.obj (.ebss)
                  00008814    00000006     rts2800_ml.lib : exit.c.obj (.ebss)
                  0000881a    00000004     main.obj (.ebss:_LED)
                  0000881e    00000004     sci_io.obj (.ebss)
                  00008822    00000002     rts2800_ml.lib : _lock.c.obj (.ebss:__lock)
                  00008824    00000002                    : _lock.c.obj (.ebss:__unlock)
                  00008826    00000001     cpu.obj (.ebss)

.econst    0    003f6000    00000028     
                  003f6000    00000014     LED_Gpio.obj (.econst:_$P$T0$1)
                  003f6014    00000014     LED_Gpio.obj (.econst:_$P$T1$2)

.reset     0    003fffc0    00000002     DSECT
                  003fffc0    00000002     rts2800_ml.lib : boot28.asm.obj (.reset)

vectors    0    003fffc2    00000000     DSECT

.text      0    003f6028    00000b9e     
                  003f6028    00000251     clk.obj (.text)
                  003f6279    000001f5     gpio.obj (.text)
                  003f646e    000001d9     pie.obj (.text)
                  003f6647    00000136     LED_Gpio.obj (.text)
                  003f677d    000000dd     pll.obj (.text)
                  003f685a    000000a3     KEY.obj (.text)
                  003f68fd    0000008b     wdog.obj (.text)
                  003f6988    00000079     app.obj (.text)
                  003f6a01    00000054     rts2800_ml.lib : boot28.asm.obj (.text)
                  003f6a55    0000004c     cpu.obj (.text)
                  003f6aa1    0000003c     User_System.obj (.text)
                  003f6add    00000032     F2802x_Device.obj (.text)
                  003f6b0f    00000029     rts2800_ml.lib : exit.c.obj (.text)
                  003f6b38    00000024                    : cpy_tbl.c.obj (.text)
                  003f6b5c    0000001d                    : memcpy.c.obj (.text)
                  003f6b79    0000001b     main.obj (.text)
                  003f6b94    00000019     rts2800_ml.lib : args_main.c.obj (.text)
                  003f6bad    00000009                    : _lock.c.obj (.text)
                  003f6bb6    00000008     F2802x_CodeStartBranch.obj (.text)
                  003f6bbe    00000005     pie.obj (.text:retain)
                  003f6bc3    00000002     rts2800_ml.lib : pre_init.c.obj (.text)
                  003f6bc5    00000001                    : startup.c.obj (.text)

MODULE SUMMARY

       Module                       code   initialized data   uninitialized data
       ------                       ----   ----------------   ------------------
    .\
       main.obj                     27     0                  24                
    +--+----------------------------+------+------------------+--------------------+
       Total:                       27     0                  24                
                                                                                
    .\Application\
       app.obj                      121    0                  0                 
    +--+----------------------------+------+------------------+--------------------+
       Total:                       121    0                  0                 
                                                                                
    .\F2802x_Component\
       F2802x_Device.obj            50     0                  0                 
    +--+----------------------------+------+------------------+--------------------+
       Total:                       50     0                  0                 
                                                                                
    .\F2802x_Component\source\
       clk.obj                      593    0                  0                 
       gpio.obj                     501    0                  0                 
       pie.obj                      478    0                  0                 
       pll.obj                      221    0                  0                 
       wdog.obj                     139    0                  0                 
       cpu.obj                      76     0                  1                 
       F2802x_CodeStartBranch.obj   10     0                  0                 
       sci_io.obj                   0      4                  4                 
    +--+----------------------------+------+------------------+--------------------+
       Total:                       2018   4                  5                 
                                                                                
    .\User_Component\KEY\
       KEY.obj                      163    0                  0                 
    +--+----------------------------+------+------------------+--------------------+
       Total:                       163    0                  0                 
                                                                                
    .\User_Component\LED_Gpio\
       LED_Gpio.obj                 310    40                 0                 
    +--+----------------------------+------+------------------+--------------------+
       Total:                       310    40                 0                 
                                                                                
    .\User_Component\User_System\
       User_System.obj              60     0                  0                 
    +--+----------------------------+------+------------------+--------------------+
       Total:                       60     0                  0                 
                                                                                
    C:\ti\ccs930\ccs\tools\compiler\ti-cgt-c2000_18.12.4.LTS\lib\rts2800_ml.lib
       boot28.asm.obj               84     0                  0                 
       exit.c.obj                   41     14                 6                 
       cpy_tbl.c.obj                36     0                  0                 
       memcpy.c.obj                 29     0                  0                 
       args_main.c.obj              25     0                  0                 
       _lock.c.obj                  9      10                 4                 
       pre_init.c.obj               2      0                  0                 
       startup.c.obj                1      0                  0                 
    +--+----------------------------+------+------------------+--------------------+
       Total:                       227    24                 10                
                                                                                
       Stack:                       0      0                  768               
    +--+----------------------------+------+------------------+--------------------+
       Grand Total:                 2976   68                 807               


GLOBAL DATA SYMBOLS: SORTED BY DATA PAGE

address     data page           name
--------    ----------------    ----
00000050       1 (00000040)     __stack

00008800     220 (00008800)     _key_status
00008801     220 (00008800)     _Flag
00008802     220 (00008800)     _Flag1
00008803     220 (00008800)     _Flag2
00008804     220 (00008800)     _KeyCount
00008805     220 (00008800)     _key_counter
00008806     220 (00008800)     _key_counter1
00008807     220 (00008800)     _key_counter2
00008808     220 (00008800)     _myClk
0000880a     220 (00008800)     _myCpu
0000880c     220 (00008800)     _myPll
0000880e     220 (00008800)     _myWDog
00008810     220 (00008800)     _myPie
00008812     220 (00008800)     _myGpio
00008814     220 (00008800)     ___TI_enable_exit_profile_output
00008816     220 (00008800)     ___TI_cleanup_ptr
00008818     220 (00008800)     ___TI_dtors_ptr
0000881a     220 (00008800)     _LED
0000881e     220 (00008800)     _deviceOpen
00008820     220 (00008800)     _ioSci
00008822     220 (00008800)     __lock
00008824     220 (00008800)     __unlock
00008826     220 (00008800)     _cpu


GLOBAL SYMBOLS: SORTED ALPHABETICALLY BY Name 

page  address   name                              
----  -------   ----                              
abs   ffffffff  .text                             
0     003f6b0f  C$$EXIT                           
0     003f6028  _CLK_disableAdcClock              
0     003f6036  _CLK_disableClkIn                 
0     003f6041  _CLK_disableCompClock             
0     003f604e  _CLK_disableCpuTimerClock         
0     003f605e  _CLK_disableCrystalOsc            
0     003f6069  _CLK_disableEcap1Clock            
0     003f6077  _CLK_disableGpioInputClock        
0     003f6085  _CLK_disableHrPwmClock            
0     003f6093  _CLK_disableI2cClock              
0     003f60a1  _CLK_disableOsc1                  
0     003f60ac  _CLK_disableOsc1HaltMode          
0     003f60b7  _CLK_disableOsc2                  
0     003f60c2  _CLK_disableOsc2HaltMode          
0     003f60cd  _CLK_disablePwmClock              
0     003f60df  _CLK_disableSciaClock             
0     003f60ef  _CLK_disableSpiaClock             
0     003f60fd  _CLK_disableTbClockSync           
0     003f610b  _CLK_disableWatchDogHaltMode      
0     003f6116  _CLK_enableAdcClock               
0     003f615b  _CLK_enableClkIn                  
0     003f6124  _CLK_enableCompClock              
0     003f6133  _CLK_enableCpuTimerClock          
0     003f6142  _CLK_enableCrystalOsc             
0     003f614d  _CLK_enableEcap1Clock             
0     003f6166  _CLK_enableGpioInputClock         
0     003f6174  _CLK_enableHrPwmClock             
0     003f6182  _CLK_enableI2cClock               
0     003f6190  _CLK_enableOsc1                   
0     003f619b  _CLK_enableOsc1HaltMode           
0     003f61a6  _CLK_enableOsc2                   
0     003f61b1  _CLK_enableOsc2HaltMode           
0     003f61bc  _CLK_enablePwmClock               
0     003f61cd  _CLK_enableSciaClock              
0     003f61dd  _CLK_enableSpiaClock              
0     003f61eb  _CLK_enableTbClockSync            
0     003f61f9  _CLK_enableWatchDogHaltMode       
0     003f6204  _CLK_init                         
0     003f6210  _CLK_setClkOutPreScaler           
0     003f621f  _CLK_setLowSpdPreScaler           
0     003f623d  _CLK_setOsc2Src                   
0     003f622e  _CLK_setOscSrc                    
0     003f624c  _CLK_setTimer2PreScale            
0     003f625b  _CLK_setTimer2Src                 
0     003f626a  _CLK_setWatchDogSrc               
0     003f6a55  _CPU_clearIntFlags                
0     003f6a5b  _CPU_disableDebugInt              
0     003f6a61  _CPU_disableGlobalInts            
0     003f6a67  _CPU_disableInt                   
0     003f6a70  _CPU_disableInts                  
0     003f6a76  _CPU_disableProtectedRegisterWrite
0     003f6a7c  _CPU_enableDebugInt               
0     003f6a82  _CPU_enableGlobalInts             
0     003f6a88  _CPU_enableInt                    
0     003f6a90  _CPU_enableProtectedRegisterWrite 
0     003f6a96  _CPU_init                         
0     003f66c6  _Delay                            
1     00008801  _Flag                             
1     00008802  _Flag1                            
1     00008803  _Flag2                            
0     003f6279  _GPIO_getData                     
0     003f6294  _GPIO_getPortData                 
0     003f62aa  _GPIO_init                        
0     003f645c  _GPIO_lpmSelect                   
0     003f62b6  _GPIO_setDirection                
0     003f6320  _GPIO_setExtInt                   
0     003f6332  _GPIO_setHigh                     
0     003f6352  _GPIO_setLow                      
0     003f6372  _GPIO_setMode                     
0     003f63c6  _GPIO_setPortData                 
0     003f62eb  _GPIO_setPullUp                   
0     003f63e0  _GPIO_setQualification            
0     003f640f  _GPIO_setQualificationPeriod      
0     003f643c  _GPIO_toggle                      
0     003f69ac  _KEY_Control_LED                  
0     003f69b9  _KEY_Control_LED_1                
0     003f69d5  _KEY_Control_LED_2                
0     003f69e4  _KEY_Control_LED_3                
0     003f689d  _KEY_STATUS                       
0     003f68e3  _KEY_STATUS_1                     
0     003f688e  _KEY_eventConfigure               
0     003f688d  _KEY_functionConfigure            
0     003f6863  _KEY_initial                      
0     003f6870  _KEY_pinConfigure                 
1     00008804  _KeyCount                         
1     0000881a  _LED                              
0     003f66d3  _LED_Display                      
0     003f66e4  _LED_Display1                     
0     003f6720  _LED_Display2                     
0     003f675c  _LED_Display3                     
0     003f66c5  _LED_GPIO_eventConfigure          
0     003f66c4  _LED_GPIO_functionConfigure       
0     003f6659  _LED_GPIO_initial                 
0     003f666f  _LED_GPIO_pinConfigure            
0     003f646e  _PIE_clearAllFlags                
0     003f6482  _PIE_clearAllInts                 
0     003f648a  _PIE_disable                      
0     003f64ab  _PIE_disableAllInts               
0     003f6492  _PIE_disableCaptureInt            
0     003f649d  _PIE_disableExtInt                
0     003f64bf  _PIE_disableInt                   
0     003f64d0  _PIE_enable                       
0     003f64d8  _PIE_enableAdcInt                 
0     003f64f4  _PIE_enableCaptureInt             
0     003f64ff  _PIE_enableExtInt                 
0     003f6523  _PIE_enableInt                    
0     003f6533  _PIE_enablePwmInt                 
0     003f6548  _PIE_enablePwmTzInt               
0     003f655d  _PIE_enableTimer0Int              
0     003f6568  _PIE_forceInt                     
0     003f6578  _PIE_getExtIntCount               
0     003f6587  _PIE_getIntEnables                
0     003f6594  _PIE_getIntFlags                  
0     003f6bbe  _PIE_illegalIsr                   
0     003f65a1  _PIE_init                         
0     003f65b0  _PIE_registerPieIntHandler        
0     003f65cd  _PIE_registerSystemIntHandler     
0     003f65e3  _PIE_setDefaultIntVectorTable     
0     003f65fe  _PIE_setExtIntPolarity            
0     003f6614  _PIE_unregisterPieIntHandler      
0     003f6631  _PIE_unregisterSystemIntHandler   
0     003f677d  _PLL_disable                      
0     003f6788  _PLL_disableClkDetect             
0     003f6793  _PLL_disableNormRdy               
0     003f679e  _PLL_disableOsc                   
0     003f67a9  _PLL_enable                       
0     003f67b4  _PLL_enableClkDetect              
0     003f67bf  _PLL_enableNormRdy                
0     003f67ca  _PLL_enableOsc                    
0     003f67e1  _PLL_getClkStatus                 
0     003f67ea  _PLL_getDivider                   
0     003f67f3  _PLL_getLockStatus                
0     003f67d5  _PLL_getMultiplier                
0     003f67fc  _PLL_init                         
0     003f6808  _PLL_resetClkDetect               
0     003f6822  _PLL_setDivider                   
0     003f684e  _PLL_setLockPeriod                
0     003f6813  _PLL_setMultiplier                
0     003f6831  _PLL_setup                        
abs   00000000  _RamfuncsLoadSize                 
0     00008000  _RamfuncsLoadStart                
0     00008000  _RamfuncsRunStart                 
0     003f6add  _System_authorize                 
0     003f6adc  _User_System_eventConfigure       
0     003f6aa3  _User_System_functionConfigure    
0     003f6aa1  _User_System_initial              
0     003f6aa2  _User_System_pinConfigure         
0     003f68fd  _WDOG_clearCounter                
0     003f690b  _WDOG_disable                     
0     003f691b  _WDOG_disableInt                  
0     003f6926  _WDOG_disableOverRide             
0     003f6931  _WDOG_enable                      
0     003f6941  _WDOG_enableInt                   
0     003f694c  _WDOG_enableOverRide              
0     003f6957  _WDOG_getIntStatus                
0     003f6960  _WDOG_init                        
0     003f696c  _WDOG_setCount                    
0     003f6975  _WDOG_setPreScaler                
1     00000350  __STACK_END                       
abs   00000300  __STACK_SIZE                      
1     00008816  ___TI_cleanup_ptr                 
1     00008818  ___TI_dtors_ptr                   
1     00008814  ___TI_enable_exit_profile_output  
abs   ffffffff  ___TI_pprof_out_hndl              
abs   ffffffff  ___TI_prof_data_size              
abs   ffffffff  ___TI_prof_data_start             
abs   ffffffff  ___binit__                        
abs   ffffffff  ___c_args__                       
0     003f6bc6  ___cinit__                        
abs   ffffffff  ___etext__                        
abs   ffffffff  ___pinit__                        
abs   ffffffff  ___text__                         
0     003f6b94  __args_main                       
1     00008822  __lock                            
0     003f6bb5  __nop                             
0     003f6bb1  __register_lock                   
0     003f6bad  __register_unlock                 
1     00000050  __stack                           
0     003f6bc5  __system_post_cinit               
0     003f6bc3  __system_pre_init                 
1     00008824  __unlock                          
0     003f6b0f  _abort                            
0     003f6a01  _c_int00                          
0     003f6b38  _copy_in                          
1     00008826  _cpu                              
1     0000881e  _deviceOpen                       
0     003f6b11  _exit                             
1     00008820  _ioSci                            
1     00008805  _key_counter                      
1     00008806  _key_counter1                     
1     00008807  _key_counter2                     
1     00008800  _key_status                       
0     003f6b79  _main                             
0     003f6b5c  _memcpy                           
1     00008808  _myClk                            
1     0000880a  _myCpu                            
1     00008812  _myGpio                           
1     00008810  _myPie                            
1     0000880c  _myPll                            
1     0000880e  _myWDog                           
abs   ffffffff  binit                             
0     003f6bc6  cinit                             
0     003f7ff6  code_start                        
abs   ffffffff  etext                             
abs   ffffffff  pinit                             


GLOBAL SYMBOLS: SORTED BY Symbol Address 

page  address   name                              
----  -------   ----                              
0     00008000  _RamfuncsLoadStart                
0     00008000  _RamfuncsRunStart                 
0     003f6028  _CLK_disableAdcClock              
0     003f6036  _CLK_disableClkIn                 
0     003f6041  _CLK_disableCompClock             
0     003f604e  _CLK_disableCpuTimerClock         
0     003f605e  _CLK_disableCrystalOsc            
0     003f6069  _CLK_disableEcap1Clock            
0     003f6077  _CLK_disableGpioInputClock        
0     003f6085  _CLK_disableHrPwmClock            
0     003f6093  _CLK_disableI2cClock              
0     003f60a1  _CLK_disableOsc1                  
0     003f60ac  _CLK_disableOsc1HaltMode          
0     003f60b7  _CLK_disableOsc2                  
0     003f60c2  _CLK_disableOsc2HaltMode          
0     003f60cd  _CLK_disablePwmClock              
0     003f60df  _CLK_disableSciaClock             
0     003f60ef  _CLK_disableSpiaClock             
0     003f60fd  _CLK_disableTbClockSync           
0     003f610b  _CLK_disableWatchDogHaltMode      
0     003f6116  _CLK_enableAdcClock               
0     003f6124  _CLK_enableCompClock              
0     003f6133  _CLK_enableCpuTimerClock          
0     003f6142  _CLK_enableCrystalOsc             
0     003f614d  _CLK_enableEcap1Clock             
0     003f615b  _CLK_enableClkIn                  
0     003f6166  _CLK_enableGpioInputClock         
0     003f6174  _CLK_enableHrPwmClock             
0     003f6182  _CLK_enableI2cClock               
0     003f6190  _CLK_enableOsc1                   
0     003f619b  _CLK_enableOsc1HaltMode           
0     003f61a6  _CLK_enableOsc2                   
0     003f61b1  _CLK_enableOsc2HaltMode           
0     003f61bc  _CLK_enablePwmClock               
0     003f61cd  _CLK_enableSciaClock              
0     003f61dd  _CLK_enableSpiaClock              
0     003f61eb  _CLK_enableTbClockSync            
0     003f61f9  _CLK_enableWatchDogHaltMode       
0     003f6204  _CLK_init                         
0     003f6210  _CLK_setClkOutPreScaler           
0     003f621f  _CLK_setLowSpdPreScaler           
0     003f622e  _CLK_setOscSrc                    
0     003f623d  _CLK_setOsc2Src                   
0     003f624c  _CLK_setTimer2PreScale            
0     003f625b  _CLK_setTimer2Src                 
0     003f626a  _CLK_setWatchDogSrc               
0     003f6279  _GPIO_getData                     
0     003f6294  _GPIO_getPortData                 
0     003f62aa  _GPIO_init                        
0     003f62b6  _GPIO_setDirection                
0     003f62eb  _GPIO_setPullUp                   
0     003f6320  _GPIO_setExtInt                   
0     003f6332  _GPIO_setHigh                     
0     003f6352  _GPIO_setLow                      
0     003f6372  _GPIO_setMode                     
0     003f63c6  _GPIO_setPortData                 
0     003f63e0  _GPIO_setQualification            
0     003f640f  _GPIO_setQualificationPeriod      
0     003f643c  _GPIO_toggle                      
0     003f645c  _GPIO_lpmSelect                   
0     003f646e  _PIE_clearAllFlags                
0     003f6482  _PIE_clearAllInts                 
0     003f648a  _PIE_disable                      
0     003f6492  _PIE_disableCaptureInt            
0     003f649d  _PIE_disableExtInt                
0     003f64ab  _PIE_disableAllInts               
0     003f64bf  _PIE_disableInt                   
0     003f64d0  _PIE_enable                       
0     003f64d8  _PIE_enableAdcInt                 
0     003f64f4  _PIE_enableCaptureInt             
0     003f64ff  _PIE_enableExtInt                 
0     003f6523  _PIE_enableInt                    
0     003f6533  _PIE_enablePwmInt                 
0     003f6548  _PIE_enablePwmTzInt               
0     003f655d  _PIE_enableTimer0Int              
0     003f6568  _PIE_forceInt                     
0     003f6578  _PIE_getExtIntCount               
0     003f6587  _PIE_getIntEnables                
0     003f6594  _PIE_getIntFlags                  
0     003f65a1  _PIE_init                         
0     003f65b0  _PIE_registerPieIntHandler        
0     003f65cd  _PIE_registerSystemIntHandler     
0     003f65e3  _PIE_setDefaultIntVectorTable     
0     003f65fe  _PIE_setExtIntPolarity            
0     003f6614  _PIE_unregisterPieIntHandler      
0     003f6631  _PIE_unregisterSystemIntHandler   
0     003f6659  _LED_GPIO_initial                 
0     003f666f  _LED_GPIO_pinConfigure            
0     003f66c4  _LED_GPIO_functionConfigure       
0     003f66c5  _LED_GPIO_eventConfigure          
0     003f66c6  _Delay                            
0     003f66d3  _LED_Display                      
0     003f66e4  _LED_Display1                     
0     003f6720  _LED_Display2                     
0     003f675c  _LED_Display3                     
0     003f677d  _PLL_disable                      
0     003f6788  _PLL_disableClkDetect             
0     003f6793  _PLL_disableNormRdy               
0     003f679e  _PLL_disableOsc                   
0     003f67a9  _PLL_enable                       
0     003f67b4  _PLL_enableClkDetect              
0     003f67bf  _PLL_enableNormRdy                
0     003f67ca  _PLL_enableOsc                    
0     003f67d5  _PLL_getMultiplier                
0     003f67e1  _PLL_getClkStatus                 
0     003f67ea  _PLL_getDivider                   
0     003f67f3  _PLL_getLockStatus                
0     003f67fc  _PLL_init                         
0     003f6808  _PLL_resetClkDetect               
0     003f6813  _PLL_setMultiplier                
0     003f6822  _PLL_setDivider                   
0     003f6831  _PLL_setup                        
0     003f684e  _PLL_setLockPeriod                
0     003f6863  _KEY_initial                      
0     003f6870  _KEY_pinConfigure                 
0     003f688d  _KEY_functionConfigure            
0     003f688e  _KEY_eventConfigure               
0     003f689d  _KEY_STATUS                       
0     003f68e3  _KEY_STATUS_1                     
0     003f68fd  _WDOG_clearCounter                
0     003f690b  _WDOG_disable                     
0     003f691b  _WDOG_disableInt                  
0     003f6926  _WDOG_disableOverRide             
0     003f6931  _WDOG_enable                      
0     003f6941  _WDOG_enableInt                   
0     003f694c  _WDOG_enableOverRide              
0     003f6957  _WDOG_getIntStatus                
0     003f6960  _WDOG_init                        
0     003f696c  _WDOG_setCount                    
0     003f6975  _WDOG_setPreScaler                
0     003f69ac  _KEY_Control_LED                  
0     003f69b9  _KEY_Control_LED_1                
0     003f69d5  _KEY_Control_LED_2                
0     003f69e4  _KEY_Control_LED_3                
0     003f6a01  _c_int00                          
0     003f6a55  _CPU_clearIntFlags                
0     003f6a5b  _CPU_disableDebugInt              
0     003f6a61  _CPU_disableGlobalInts            
0     003f6a67  _CPU_disableInt                   
0     003f6a70  _CPU_disableInts                  
0     003f6a76  _CPU_disableProtectedRegisterWrite
0     003f6a7c  _CPU_enableDebugInt               
0     003f6a82  _CPU_enableGlobalInts             
0     003f6a88  _CPU_enableInt                    
0     003f6a90  _CPU_enableProtectedRegisterWrite 
0     003f6a96  _CPU_init                         
0     003f6aa1  _User_System_initial              
0     003f6aa2  _User_System_pinConfigure         
0     003f6aa3  _User_System_functionConfigure    
0     003f6adc  _User_System_eventConfigure       
0     003f6add  _System_authorize                 
0     003f6b0f  C$$EXIT                           
0     003f6b0f  _abort                            
0     003f6b11  _exit                             
0     003f6b38  _copy_in                          
0     003f6b5c  _memcpy                           
0     003f6b79  _main                             
0     003f6b94  __args_main                       
0     003f6bad  __register_unlock                 
0     003f6bb1  __register_lock                   
0     003f6bb5  __nop                             
0     003f6bbe  _PIE_illegalIsr                   
0     003f6bc3  __system_pre_init                 
0     003f6bc5  __system_post_cinit               
0     003f6bc6  ___cinit__                        
0     003f6bc6  cinit                             
0     003f7ff6  code_start                        
1     00000050  __stack                           
1     00000350  __STACK_END                       
1     00008800  _key_status                       
1     00008801  _Flag                             
1     00008802  _Flag1                            
1     00008803  _Flag2                            
1     00008804  _KeyCount                         
1     00008805  _key_counter                      
1     00008806  _key_counter1                     
1     00008807  _key_counter2                     
1     00008808  _myClk                            
1     0000880a  _myCpu                            
1     0000880c  _myPll                            
1     0000880e  _myWDog                           
1     00008810  _myPie                            
1     00008812  _myGpio                           
1     00008814  ___TI_enable_exit_profile_output  
1     00008816  ___TI_cleanup_ptr                 
1     00008818  ___TI_dtors_ptr                   
1     0000881a  _LED                              
1     0000881e  _deviceOpen                       
1     00008820  _ioSci                            
1     00008822  __lock                            
1     00008824  __unlock                          
1     00008826  _cpu                              
abs   00000000  _RamfuncsLoadSize                 
abs   00000300  __STACK_SIZE                      
abs   ffffffff  .text                             
abs   ffffffff  ___TI_pprof_out_hndl              
abs   ffffffff  ___TI_prof_data_size              
abs   ffffffff  ___TI_prof_data_start             
abs   ffffffff  ___binit__                        
abs   ffffffff  ___c_args__                       
abs   ffffffff  ___etext__                        
abs   ffffffff  ___pinit__                        
abs   ffffffff  ___text__                         
abs   ffffffff  binit                             
abs   ffffffff  etext                             
abs   ffffffff  pinit                             

[206 symbols]
