******************************************************************************
             TMS320C2000 Linker PC v18.12.4                    
******************************************************************************
>> Linked Mon Jul 12 16:13:38 2021

OUTPUT FILE NAME:   <myProject8SCI.out>
ENTRY POINT SYMBOL: "_c_int00"  address: 003f7824


MEMORY CONFIGURATION

         name            origin    length      used     unused   attr    fill
----------------------  --------  ---------  --------  --------  ----  --------
PAGE 0:
  PRAML0                00008000   00000800  00000000  00000800  RWIX
  OTP                   003d7800   00000400  00000000  00000400  RWIX
  FLASHD                003f0000   00002000  00000000  00002000  RWIX
  FLASHC                003f2000   00002000  00000000  00002000  RWIX
  FLASHA                003f6000   00001f80  00001a58  00000528  RWIX
  CSM_RSVD              003f7f80   00000076  00000000  00000076  RWIX
  BEGIN                 003f7ff6   00000002  00000002  00000000  RWIX
  CSM_PWL_P0            003f7ff8   00000008  00000000  00000008  RWIX
  IQTABLES              003fe000   00000b50  00000000  00000b50  RWIX
  IQTABLES2             003feb50   0000008c  00000000  0000008c  RWIX
  IQTABLES3             003febdc   000000aa  00000000  000000aa  RWIX
  ROM                   003ff27c   00000d44  00000000  00000d44  RWIX
  RESET                 003fffc0   00000002  00000000  00000002  RWIX
  VECTORS               003fffc2   0000003e  00000000  0000003e  RWIX

PAGE 1:
  BOOT_RSVD             00000000   00000050  00000000  00000050  RWIX
  RAMM0                 00000050   000003b0  00000300  000000b0  RWIX
  RAMM1                 00000400   00000400  00000000  00000400  RWIX
  DRAML0                00008800   00000800  000000a8  00000758  RWIX
  FLASHB                003f4000   00002000  00000000  00002000  RWIX


SECTION ALLOCATION MAP

 output                                  attributes/
section   page    origin      length       input sections
--------  ----  ----------  ----------   ----------------
.cinit     0    003f7a3a    0000001e     
                  003f7a3a    0000000e     rts2800_ml.lib : exit.c.obj (.cinit)
                  003f7a48    00000005                    : _lock.c.obj (.cinit:__lock)
                  003f7a4d    00000005                    : _lock.c.obj (.cinit:__unlock)
                  003f7a52    00000004     sci_io.obj (.cinit)
                  003f7a56    00000002     --HOLE-- [fill = 0]

.pinit     0    003f6000    00000000     UNINITIALIZED

ramfuncs   0    00008000    00000000     UNINITIALIZED

codestart 
*          0    003f7ff6    00000002     
                  003f7ff6    00000002     F2802x_CodeStartBranch.obj (codestart)

.stack     1    00000050    00000300     UNINITIALIZED
                  00000050    00000300     --HOLE--

.ebss      1    00008800    000000a8     UNINITIALIZED
                  00008800    00000032     main.obj (.ebss:_SciReceiveBuf)
                  00008832    00000006     rts2800_ml.lib : exit.c.obj (.ebss)
                  00008838    00000004     sci_io.obj (.ebss)
                  0000883c    00000002     rts2800_ml.lib : _lock.c.obj (.ebss:__lock)
                  0000883e    00000002                    : _lock.c.obj (.ebss:__unlock)
                  00008840    00000032     main.obj (.ebss:_SciSendBuf)
                  00008872    00000001     cpu.obj (.ebss)
                  00008873    0000000d     --HOLE--
                  00008880    00000028     main.obj (.ebss)

.econst    0    003f6000    00000018     
                  003f6000    00000018     app.obj (.econst:.string)

.reset     0    003fffc0    00000002     DSECT
                  003fffc0    00000002     rts2800_ml.lib : boot28.asm.obj (.reset)

vectors    0    003fffc2    00000000     DSECT

.text      0    003f6018    00001a22     
                  003f6018    00000645     pwm.obj (.text)
                  003f665d    00000266     sci.obj (.text)
                  003f68c3    00000251     clk.obj (.text)
                  003f6b14    000001f5     gpio.obj (.text)
                  003f6d09    000001eb     adc.obj (.text)
                  003f6ef4    000001d9     pie.obj (.text)
                  003f70cd    00000152     isr.obj (.text:retain)
                  003f721f    00000124     mySci.obj (.text)
                  003f7343    000000ed     cap.obj (.text)
                  003f7430    000000dd     pll.obj (.text)
                  003f750d    00000095     app.obj (.text)
                  003f75a2    00000095     timer.obj (.text)
                  003f7637    00000091     isr.obj (.text)
                  003f76c8    0000008b     wdog.obj (.text)
                  003f7753    0000006d     LED_Gpio.obj (.text)
                  003f77c0    00000064     F2802x_Device.obj (.text)
                  003f7824    00000054     rts2800_ml.lib : boot28.asm.obj (.text)
                  003f7878    00000053     User_System.obj (.text)
                  003f78cb    0000004c     cpu.obj (.text)
                  003f7917    00000044     User_Pie.obj (.text)
                  003f795b    00000036     main.obj (.text)
                  003f7991    00000029     rts2800_ml.lib : exit.c.obj (.text)
                  003f79ba    00000024                    : cpy_tbl.c.obj (.text)
                  003f79de    0000001d                    : memcpy.c.obj (.text)
                  003f79fb    00000019                    : args_main.c.obj (.text)
                  003f7a14    0000000d     Delay.obj (.text)
                  003f7a21    00000009     rts2800_ml.lib : _lock.c.obj (.text)
                  003f7a2a    00000008     F2802x_CodeStartBranch.obj (.text)
                  003f7a32    00000005     pie.obj (.text:retain)
                  003f7a37    00000002     rts2800_ml.lib : pre_init.c.obj (.text)
                  003f7a39    00000001                    : startup.c.obj (.text)

MODULE SUMMARY

       Module                       code   initialized data   uninitialized data
       ------                       ----   ----------------   ------------------
    .\
       main.obj                     54     0                  140               
    +--+----------------------------+------+------------------+--------------------+
       Total:                       54     0                  140               
                                                                                
    .\Application\
       isr.obj                      483    0                  0                 
       app.obj                      149    24                 0                 
    +--+----------------------------+------+------------------+--------------------+
       Total:                       632    24                 0                 
                                                                                
    .\F2802x_Component\
       F2802x_Device.obj            100    0                  0                 
    +--+----------------------------+------+------------------+--------------------+
       Total:                       100    0                  0                 
                                                                                
    .\F2802x_Component\source\
       pwm.obj                      1605   0                  0                 
       sci.obj                      614    0                  0                 
       clk.obj                      593    0                  0                 
       gpio.obj                     501    0                  0                 
       adc.obj                      491    0                  0                 
       pie.obj                      478    0                  0                 
       cap.obj                      237    0                  0                 
       pll.obj                      221    0                  0                 
       timer.obj                    149    0                  0                 
       wdog.obj                     139    0                  0                 
       cpu.obj                      76     0                  1                 
       F2802x_CodeStartBranch.obj   10     0                  0                 
       sci_io.obj                   0      4                  4                 
    +--+----------------------------+------+------------------+--------------------+
       Total:                       5114   4                  5                 
                                                                                
    .\User_Component\Delay\
       Delay.obj                    13     0                  0                 
    +--+----------------------------+------+------------------+--------------------+
       Total:                       13     0                  0                 
                                                                                
    .\User_Component\LED_Gpio\
       LED_Gpio.obj                 109    0                  0                 
    +--+----------------------------+------+------------------+--------------------+
       Total:                       109    0                  0                 
                                                                                
    .\User_Component\User_Pie\
       User_Pie.obj                 68     0                  0                 
    +--+----------------------------+------+------------------+--------------------+
       Total:                       68     0                  0                 
                                                                                
    .\User_Component\User_System\
       User_System.obj              83     0                  0                 
    +--+----------------------------+------+------------------+--------------------+
       Total:                       83     0                  0                 
                                                                                
    .\User_Component\mySci\
       mySci.obj                    292    0                  0                 
    +--+----------------------------+------+------------------+--------------------+
       Total:                       292    0                  0                 
                                                                                
    E:\ti\ccs930\ccs\tools\compiler\ti-cgt-c2000_18.12.4.LTS\lib\rts2800_ml.lib
       boot28.asm.obj               84     0                  0                 
       exit.c.obj                   41     14                 6                 
       cpy_tbl.c.obj                36     0                  0                 
       memcpy.c.obj                 29     0                  0                 
       args_main.c.obj              25     0                  0                 
       _lock.c.obj                  9      10                 4                 
       pre_init.c.obj               2      0                  0                 
       startup.c.obj                1      0                  0                 
    +--+----------------------------+------+------------------+--------------------+
       Total:                       227    24                 10                
                                                                                
       Stack:                       0      0                  768               
    +--+----------------------------+------+------------------+--------------------+
       Grand Total:                 6692   52                 923               


GLOBAL DATA SYMBOLS: SORTED BY DATA PAGE

address     data page           name
--------    ----------------    ----
00000050       1 (00000040)     __stack

00008800     220 (00008800)     _SciReceiveBuf
00008832     220 (00008800)     ___TI_enable_exit_profile_output
00008834     220 (00008800)     ___TI_cleanup_ptr
00008836     220 (00008800)     ___TI_dtors_ptr
00008838     220 (00008800)     _deviceOpen
0000883a     220 (00008800)     _ioSci
0000883c     220 (00008800)     __lock
0000883e     220 (00008800)     __unlock

00008840     221 (00008840)     _SciSendBuf
00008872     221 (00008840)     _cpu

00008880     222 (00008880)     _Hour
00008881     222 (00008880)     _Minute
00008882     222 (00008880)     _Second
00008883     222 (00008880)     _HalfSecond
00008884     222 (00008880)     _myCmpA
00008885     222 (00008880)     _myCmpB
00008886     222 (00008880)     _Temp
00008887     222 (00008880)     _TempC
00008888     222 (00008880)     _SciSendPoint
00008889     222 (00008880)     _SciReceivePoint
0000888a     222 (00008880)     _SciSentOk
0000888b     222 (00008880)     _SciReceivedOk
0000888c     222 (00008880)     _myClk
0000888e     222 (00008880)     _myCpu
00008890     222 (00008880)     _myPll
00008892     222 (00008880)     _myWDog
00008894     222 (00008880)     _myPie
00008896     222 (00008880)     _myGpio
00008898     222 (00008880)     _myTimer0
0000889a     222 (00008880)     _myAdc
0000889c     222 (00008880)     _myCap
0000889e     222 (00008880)     _myPwm1
000088a0     222 (00008880)     _myPwm2
000088a2     222 (00008880)     _mySci
000088a4     222 (00008880)     _myCapVal1
000088a6     222 (00008880)     _myCapVal2


GLOBAL SYMBOLS: SORTED ALPHABETICALLY BY Name 

page  address   name                                             
----  -------   ----                                             
abs   ffffffff  .text                                            
0     003f7991  C$$EXIT                                          
0     003f6d09  _ADC_disable                                     
0     003f6d19  _ADC_disableBandGap                              
0     003f6d29  _ADC_disableInt                                  
0     003f6d47  _ADC_disableRefBuffers                           
0     003f6d57  _ADC_disableTempSensor                           
0     003f6d67  _ADC_enable                                      
0     003f6d77  _ADC_enableBandGap                               
0     003f6d87  _ADC_enableInt                                   
0     003f6da6  _ADC_enableRefBuffers                            
0     003f6db6  _ADC_enableTempSensor                            
0     003f6dc6  _ADC_init                                        
0     003f6dd5  _ADC_powerDown                                   
0     003f6de5  _ADC_powerUp                                     
0     003f6df5  _ADC_reset                                       
0     003f6e05  _ADC_setIntMode                                  
0     003f6e30  _ADC_setIntPulseGenMode                          
0     003f6e48  _ADC_setIntSrc                                   
0     003f6e73  _ADC_setSampleMode                               
0     003f6e91  _ADC_setSocChanNumber                            
0     003f6eaa  _ADC_setSocSampleWindow                          
0     003f6ec3  _ADC_setSocTrigSrc                               
0     003f6edc  _ADC_setVoltRefSrc                               
0     003f734f  _CAP_disableCaptureLoad                          
0     003f7365  _CAP_disableInt                                  
0     003f735a  _CAP_disableSyncIn                               
0     003f7372  _CAP_disableTimestampCounter                     
0     003f737d  _CAP_enableCaptureLoad                           
0     003f7388  _CAP_enableInt                                   
0     003f7394  _CAP_enableSyncIn                                
0     003f739f  _CAP_enableTimestampCounter                      
0     003f7343  _CAP_init                                        
0     003f73e2  _CAP_setCapContinuous                            
0     003f73aa  _CAP_setCapEvtPolarity                           
0     003f73c5  _CAP_setCapEvtReset                              
0     003f73ed  _CAP_setCapOneShot                               
0     003f7403  _CAP_setModeApwm                                 
0     003f73f8  _CAP_setModeCap                                  
0     003f740e  _CAP_setStopWrap                                 
0     003f741f  _CAP_setSyncOut                                  
0     003f68c3  _CLK_disableAdcClock                             
0     003f68d1  _CLK_disableClkIn                                
0     003f68dc  _CLK_disableCompClock                            
0     003f68e9  _CLK_disableCpuTimerClock                        
0     003f68f9  _CLK_disableCrystalOsc                           
0     003f6904  _CLK_disableEcap1Clock                           
0     003f6912  _CLK_disableGpioInputClock                       
0     003f6920  _CLK_disableHrPwmClock                           
0     003f692e  _CLK_disableI2cClock                             
0     003f693c  _CLK_disableOsc1                                 
0     003f6947  _CLK_disableOsc1HaltMode                         
0     003f6952  _CLK_disableOsc2                                 
0     003f695d  _CLK_disableOsc2HaltMode                         
0     003f6968  _CLK_disablePwmClock                             
0     003f697a  _CLK_disableSciaClock                            
0     003f698a  _CLK_disableSpiaClock                            
0     003f6998  _CLK_disableTbClockSync                          
0     003f69a6  _CLK_disableWatchDogHaltMode                     
0     003f69b1  _CLK_enableAdcClock                              
0     003f69f6  _CLK_enableClkIn                                 
0     003f69bf  _CLK_enableCompClock                             
0     003f69ce  _CLK_enableCpuTimerClock                         
0     003f69dd  _CLK_enableCrystalOsc                            
0     003f69e8  _CLK_enableEcap1Clock                            
0     003f6a01  _CLK_enableGpioInputClock                        
0     003f6a0f  _CLK_enableHrPwmClock                            
0     003f6a1d  _CLK_enableI2cClock                              
0     003f6a2b  _CLK_enableOsc1                                  
0     003f6a36  _CLK_enableOsc1HaltMode                          
0     003f6a41  _CLK_enableOsc2                                  
0     003f6a4c  _CLK_enableOsc2HaltMode                          
0     003f6a57  _CLK_enablePwmClock                              
0     003f6a68  _CLK_enableSciaClock                             
0     003f6a78  _CLK_enableSpiaClock                             
0     003f6a86  _CLK_enableTbClockSync                           
0     003f6a94  _CLK_enableWatchDogHaltMode                      
0     003f6a9f  _CLK_init                                        
0     003f6aab  _CLK_setClkOutPreScaler                          
0     003f6aba  _CLK_setLowSpdPreScaler                          
0     003f6ad8  _CLK_setOsc2Src                                  
0     003f6ac9  _CLK_setOscSrc                                   
0     003f6ae7  _CLK_setTimer2PreScale                           
0     003f6af6  _CLK_setTimer2Src                                
0     003f6b05  _CLK_setWatchDogSrc                              
0     003f78cb  _CPU_clearIntFlags                               
0     003f78d1  _CPU_disableDebugInt                             
0     003f78d7  _CPU_disableGlobalInts                           
0     003f78dd  _CPU_disableInt                                  
0     003f78e6  _CPU_disableInts                                 
0     003f78ec  _CPU_disableProtectedRegisterWrite               
0     003f78f2  _CPU_enableDebugInt                              
0     003f78f8  _CPU_enableGlobalInts                            
0     003f78fe  _CPU_enableInt                                   
0     003f7906  _CPU_enableProtectedRegisterWrite                
0     003f790c  _CPU_init                                        
0     003f7a14  _Delay                                           
0     003f6b14  _GPIO_getData                                    
0     003f6b2f  _GPIO_getPortData                                
0     003f6b45  _GPIO_init                                       
0     003f6cf7  _GPIO_lpmSelect                                  
0     003f6b51  _GPIO_setDirection                               
0     003f6bbb  _GPIO_setExtInt                                  
0     003f6bcd  _GPIO_setHigh                                    
0     003f6bed  _GPIO_setLow                                     
0     003f6c0d  _GPIO_setMode                                    
0     003f6c61  _GPIO_setPortData                                
0     003f6b86  _GPIO_setPullUp                                  
0     003f6c7b  _GPIO_setQualification                           
0     003f6caa  _GPIO_setQualificationPeriod                     
0     003f6cd7  _GPIO_toggle                                     
1     00008883  _HalfSecond                                      
1     00008880  _Hour                                            
0     003f7554  _KEY_LED_Control                                 
0     003f70cd  _KEY_XINT1_isr                                   
0     003f7543  _LED_Control                                     
0     003f7127  _LED_EPWM1_isr                                   
0     003f77bf  _LED_GPIO_eventConfigure                         
0     003f77be  _LED_GPIO_functionConfigure                      
0     003f775c  _LED_GPIO_initial                                
0     003f7769  _LED_GPIO_pinConfigure                           
1     00008881  _Minute                                          
0     003f6ef4  _PIE_clearAllFlags                               
0     003f6f08  _PIE_clearAllInts                                
0     003f6f10  _PIE_disable                                     
0     003f6f31  _PIE_disableAllInts                              
0     003f6f18  _PIE_disableCaptureInt                           
0     003f6f23  _PIE_disableExtInt                               
0     003f6f45  _PIE_disableInt                                  
0     003f6f56  _PIE_enable                                      
0     003f6f5e  _PIE_enableAdcInt                                
0     003f6f7a  _PIE_enableCaptureInt                            
0     003f6f85  _PIE_enableExtInt                                
0     003f6fa9  _PIE_enableInt                                   
0     003f6fb9  _PIE_enablePwmInt                                
0     003f6fce  _PIE_enablePwmTzInt                              
0     003f6fe3  _PIE_enableTimer0Int                             
0     003f6fee  _PIE_forceInt                                    
0     003f6ffe  _PIE_getExtIntCount                              
0     003f700d  _PIE_getIntEnables                               
0     003f701a  _PIE_getIntFlags                                 
0     003f7a32  _PIE_illegalIsr                                  
0     003f7027  _PIE_init                                        
0     003f7036  _PIE_registerPieIntHandler                       
0     003f7053  _PIE_registerSystemIntHandler                    
0     003f7069  _PIE_setDefaultIntVectorTable                    
0     003f7084  _PIE_setExtIntPolarity                           
0     003f709a  _PIE_unregisterPieIntHandler                     
0     003f70b7  _PIE_unregisterSystemIntHandler                  
0     003f7430  _PLL_disable                                     
0     003f743b  _PLL_disableClkDetect                            
0     003f7446  _PLL_disableNormRdy                              
0     003f7451  _PLL_disableOsc                                  
0     003f745c  _PLL_enable                                      
0     003f7467  _PLL_enableClkDetect                             
0     003f7472  _PLL_enableNormRdy                               
0     003f747d  _PLL_enableOsc                                   
0     003f7494  _PLL_getClkStatus                                
0     003f749d  _PLL_getDivider                                  
0     003f74a6  _PLL_getLockStatus                               
0     003f7488  _PLL_getMultiplier                               
0     003f74af  _PLL_init                                        
0     003f74bb  _PLL_resetClkDetect                              
0     003f74d5  _PLL_setDivider                                  
0     003f7501  _PLL_setLockPeriod                               
0     003f74c6  _PLL_setMultiplier                               
0     003f74e4  _PLL_setup                                       
0     003f6018  _PWM_clearTripZone                               
0     003f6027  _PWM_decrementDeadBandFallingEdgeDelay           
0     003f6031  _PWM_decrementDeadBandRisingEdgeDelay            
0     003f603b  _PWM_disableAutoConvert                          
0     003f6049  _PWM_disableChopping                             
0     003f6054  _PWM_disableCounterLoad                          
0     003f605c  _PWM_disableDeadBand                             
0     003f6066  _PWM_disableDeadBandHalfCycle                    
0     003f6071  _PWM_disableDigitalCompareBlankingWindow         
0     003f607f  _PWM_disableDigitalCompareBlankingWindowInversion
0     003f608d  _PWM_disableHrPeriod                             
0     003f609b  _PWM_disableHrPhaseSync                          
0     003f60a9  _PWM_disableInt                                  
0     003f60b4  _PWM_disableSocAPulse                            
0     003f60bf  _PWM_disableSocBPulse                            
0     003f60d7  _PWM_disableTripZoneInt                          
0     003f60e7  _PWM_disableTripZoneSrc                          
0     003f60ca  _PWM_disableTripZones                            
0     003f60f7  _PWM_enableAutoConvert                           
0     003f6105  _PWM_enableChopping                              
0     003f6110  _PWM_enableCounterLoad                           
0     003f6118  _PWM_enableDeadBandHalfCycle                     
0     003f6123  _PWM_enableDigitalCompareBlankingWindow          
0     003f6131  _PWM_enableDigitalCompareBlankingWindowInversion 
0     003f613f  _PWM_enableHrPeriod                              
0     003f6158  _PWM_enableHrPhaseSync                           
0     003f614d  _PWM_enableInt                                   
0     003f6166  _PWM_enableSocAPulse                             
0     003f6171  _PWM_enableSocBPulse                             
0     003f617c  _PWM_enableTripZoneInt                           
0     003f618b  _PWM_enableTripZoneSrc                           
0     003f619a  _PWM_getDeadBandFallingEdgeDelay                 
0     003f61a4  _PWM_getDeadBandRisingEdgeDelay                  
0     003f61ae  _PWM_getIntCount                                 
0     003f61d6  _PWM_getShadowStatus_CmpA                        
0     003f61e1  _PWM_getShadowStatus_CmpB                        
0     003f61ba  _PWM_getSocACount                                
0     003f61c8  _PWM_getSocBCount                                
0     003f6228  _PWM_incrementDeadBandFallingEdgeDelay           
0     003f6232  _PWM_incrementDeadBandRisingEdgeDelay            
0     003f623c  _PWM_init                                        
0     003f6248  _PWM_setActionQual_CntDown_CmpA_PwmA             
0     003f625a  _PWM_setActionQual_CntDown_CmpA_PwmB             
0     003f626c  _PWM_setActionQual_CntDown_CmpB_PwmA             
0     003f627e  _PWM_setActionQual_CntDown_CmpB_PwmB             
0     003f6290  _PWM_setActionQual_CntUp_CmpA_PwmA               
0     003f62a2  _PWM_setActionQual_CntUp_CmpA_PwmB               
0     003f62b4  _PWM_setActionQual_CntUp_CmpB_PwmA               
0     003f62c6  _PWM_setActionQual_CntUp_CmpB_PwmB               
0     003f62d8  _PWM_setActionQual_Period_PwmA                   
0     003f62ea  _PWM_setActionQual_Period_PwmB                   
0     003f62fc  _PWM_setActionQual_Zero_PwmA                     
0     003f630d  _PWM_setActionQual_Zero_PwmB                     
0     003f631e  _PWM_setChoppingClkFreq                          
0     003f632f  _PWM_setChoppingDutyCycle                        
0     003f6340  _PWM_setChoppingPulseWidth                       
0     003f6351  _PWM_setClkDiv                                   
0     003f635d  _PWM_setCount                                    
0     003f6366  _PWM_setCounterMode                              
0     003f6372  _PWM_setDeadBandFallingEdgeDelay                 
0     003f637e  _PWM_setDeadBandInputMode                        
0     003f638f  _PWM_setDeadBandOutputMode                       
0     003f63a0  _PWM_setDeadBandPolarity                         
0     003f63b1  _PWM_setDeadBandRisingEdgeDelay                  
0     003f6418  _PWM_setDigitalCompareAEvent1                    
0     003f6439  _PWM_setDigitalCompareAEvent2                    
0     003f6453  _PWM_setDigitalCompareBEvent1                    
0     003f6474  _PWM_setDigitalCompareBEvent2                    
0     003f63d1  _PWM_setDigitalCompareBlankingPulse              
0     003f63e6  _PWM_setDigitalCompareFilterOffset               
0     003f63bd  _PWM_setDigitalCompareFilterSource               
0     003f63f2  _PWM_setDigitalCompareFilterWindow               
0     003f63fe  _PWM_setDigitalCompareInput                      
0     003f648e  _PWM_setHighSpeedClkDiv                          
0     003f61ec  _PWM_setHrControlMode                            
0     003f6200  _PWM_setHrEdgeMode                               
0     003f6214  _PWM_setHrShadowMode                             
0     003f649a  _PWM_setIntMode                                  
0     003f64ab  _PWM_setIntPeriod                                
0     003f64bc  _PWM_setLoadMode_CmpA                            
0     003f64c8  _PWM_setLoadMode_CmpB                            
0     003f64d5  _PWM_setPeriod                                   
0     003f64de  _PWM_setPeriodHr                                 
0     003f64ff  _PWM_setPeriodLoad                               
0     003f64ea  _PWM_setPhase                                    
0     003f64f3  _PWM_setPhaseDir                                 
0     003f650b  _PWM_setRunMode                                  
0     003f655f  _PWM_setShadowMode_CmpA                          
0     003f656c  _PWM_setShadowMode_CmpB                          
0     003f6517  _PWM_setSocAPeriod                               
0     003f6529  _PWM_setSocAPulseSrc                             
0     003f653b  _PWM_setSocBPeriod                               
0     003f654d  _PWM_setSocBPulseSrc                             
0     003f6579  _PWM_setSwSync                                   
0     003f6581  _PWM_setSyncMode                                 
0     003f658d  _PWM_setTripZoneDCEventSelect_DCAEVT1            
0     003f65a1  _PWM_setTripZoneDCEventSelect_DCAEVT2            
0     003f65b6  _PWM_setTripZoneDCEventSelect_DCBEVT1            
0     003f65cb  _PWM_setTripZoneDCEventSelect_DCBEVT2            
0     003f65e0  _PWM_setTripZoneState_DCAEVT1                    
0     003f65f5  _PWM_setTripZoneState_DCAEVT2                    
0     003f660a  _PWM_setTripZoneState_DCBEVT1                    
0     003f661f  _PWM_setTripZoneState_DCBEVT2                    
0     003f6634  _PWM_setTripZoneState_TZA                        
0     003f6648  _PWM_setTripZoneState_TZB                        
abs   00000000  _RamfuncsLoadSize                                
0     00008000  _RamfuncsLoadStart                               
0     00008000  _RamfuncsRunStart                                
0     003f7575  _SCI_ExchageData                                 
0     003f7561  _SCI_Test                                        
0     003f756e  _SCI_Test1                                       
0     003f667b  _SCI_clearAutoBaudDetect                         
0     003f6691  _SCI_clearRxFifoInt                              
0     003f6686  _SCI_clearRxFifoOvf                              
0     003f669c  _SCI_clearTxFifoInt                              
0     003f66a7  _SCI_disable                                     
0     003f66af  _SCI_disableAutoBaudAlign                        
0     003f66fd  _SCI_disableFifoEnh                              
0     003f66ba  _SCI_disableLoopBack                             
0     003f66c2  _SCI_disableParity                               
0     003f66ca  _SCI_disableRx                                   
0     003f66d2  _SCI_disableRxErrorInt                           
0     003f66da  _SCI_disableRxFifoInt                            
0     003f66e5  _SCI_disableRxInt                                
0     003f66ed  _SCI_disableSleep                                
0     003f66f5  _SCI_disableTx                                   
0     003f6708  _SCI_disableTxFifoInt                            
0     003f6713  _SCI_disableTxInt                                
0     003f671b  _SCI_disableTxWake                               
0     003f6723  _SCI_enable                                      
0     003f672b  _SCI_enableAutoBaudAlign                         
0     003f6779  _SCI_enableFifoEnh                               
0     003f6736  _SCI_enableLoopBack                              
0     003f673e  _SCI_enableParity                                
0     003f6746  _SCI_enableRx                                    
0     003f674e  _SCI_enableRxErrorInt                            
0     003f6766  _SCI_enableRxFifoInt                             
0     003f6756  _SCI_enableRxInt                                 
0     003f675e  _SCI_enableSleep                                 
0     003f6771  _SCI_enableTx                                    
0     003f6784  _SCI_enableTxFifoInt                             
0     003f678f  _SCI_enableTxInt                                 
0     003f6797  _SCI_enableTxWake                                
0     003f679f  _SCI_getDataBlocking                             
0     003f67ac  _SCI_getDataNonBlocking                          
0     003f67c0  _SCI_getRxFifoStatus                             
0     003f67cc  _SCI_getTxFifoStatus                             
0     003f67d8  _SCI_init                                        
0     003f67e4  _SCI_putDataBlocking                             
0     003f67f5  _SCI_putDataNonBlocking                          
0     003f6808  _SCI_reset                                       
0     003f6810  _SCI_resetChannels                               
0     003f6822  _SCI_resetRxFifo                                 
0     003f6834  _SCI_resetTxFifo                                 
0     003f6846  _SCI_setBaudRate                                 
0     003f6854  _SCI_setCharLength                               
0     003f6860  _SCI_setMode                                     
0     003f686c  _SCI_setNumStopBits                              
0     003f6884  _SCI_setParity                                   
0     003f6878  _SCI_setPriority                                 
0     003f68a1  _SCI_setRxFifoIntLevel                           
0     003f6890  _SCI_setTxDelay                                  
0     003f68b2  _SCI_setTxFifoIntLevel                           
1     00008800  _SciReceiveBuf                                   
1     00008889  _SciReceivePoint                                 
1     0000888b  _SciReceivedOk                                   
1     00008840  _SciSendBuf                                      
1     00008888  _SciSendPoint                                    
1     0000888a  _SciSentOk                                       
1     00008882  _Second                                          
0     003f77c0  _System_authorize                                
0     003f75a2  _TIMER_clearFlag                                 
0     003f75ac  _TIMER_disableInt                                
0     003f75b6  _TIMER_enableInt                                 
0     003f75c0  _TIMER_getStatus                                 
0     003f75ca  _TIMER_init                                      
0     003f75d6  _TIMER_reload                                    
0     003f75e0  _TIMER_setDecimationFactor                       
0     003f75f5  _TIMER_setEmulationMode                          
0     003f7604  _TIMER_setPeriod                                 
0     003f760d  _TIMER_setPreScaler                              
0     003f7624  _TIMER_start                                     
0     003f762e  _TIMER_stop                                      
1     00008886  _Temp                                            
1     00008887  _TempC                                           
0     003f7935  _User_Pie_eventConfigure                         
0     003f7919  _User_Pie_functionConfigure                      
0     003f7917  _User_Pie_initial                                
0     003f7918  _User_Pie_pinConfigure                           
0     003f78ca  _User_System_eventConfigure                      
0     003f787a  _User_System_functionConfigure                   
0     003f7878  _User_System_initial                             
0     003f7879  _User_System_pinConfigure                        
0     003f76c8  _WDOG_clearCounter                               
0     003f76d6  _WDOG_disable                                    
0     003f76e6  _WDOG_disableInt                                 
0     003f76f1  _WDOG_disableOverRide                            
0     003f76fc  _WDOG_enable                                     
0     003f770c  _WDOG_enableInt                                  
0     003f7717  _WDOG_enableOverRide                             
0     003f7722  _WDOG_getIntStatus                               
0     003f772b  _WDOG_init                                       
0     003f7737  _WDOG_setCount                                   
0     003f7740  _WDOG_setPreScaler                               
1     00000350  __STACK_END                                      
abs   00000300  __STACK_SIZE                                     
1     00008834  ___TI_cleanup_ptr                                
1     00008836  ___TI_dtors_ptr                                  
1     00008832  ___TI_enable_exit_profile_output                 
abs   ffffffff  ___TI_pprof_out_hndl                             
abs   ffffffff  ___TI_prof_data_size                             
abs   ffffffff  ___TI_prof_data_start                            
abs   ffffffff  ___binit__                                       
abs   ffffffff  ___c_args__                                      
0     003f7a3a  ___cinit__                                       
abs   ffffffff  ___etext__                                       
abs   ffffffff  ___pinit__                                       
abs   ffffffff  ___text__                                        
0     003f79fb  __args_main                                      
1     0000883c  __lock                                           
0     003f7a29  __nop                                            
0     003f7a25  __register_lock                                  
0     003f7a21  __register_unlock                                
1     00000050  __stack                                          
0     003f7a39  __system_post_cinit                              
0     003f7a37  __system_pre_init                                
1     0000883e  __unlock                                         
0     003f7991  _abort                                           
0     003f7824  _c_int00                                         
0     003f79ba  _copy_in                                         
1     00008872  _cpu                                             
1     00008838  _deviceOpen                                      
0     003f7993  _exit                                            
1     0000883a  _ioSci                                           
0     003f7961  _main                                            
0     003f79de  _memcpy                                          
1     0000889a  _myAdc                                           
0     003f7188  _myAdc_ADCINT_isr                                
1     0000889c  _myCap                                           
1     000088a4  _myCapVal1                                       
1     000088a6  _myCapVal2                                       
0     003f7156  _myCap_CAPINT_isr                                
1     0000888c  _myClk                                           
1     00008884  _myCmpA                                          
1     00008885  _myCmpB                                          
1     0000888e  _myCpu                                           
1     00008896  _myGpio                                          
1     00008894  _myPie                                           
1     00008890  _myPll                                           
1     0000889e  _myPwm1                                          
1     000088a0  _myPwm2                                          
0     003f72e8  _mySCIFIFO_eventConfigure                        
0     003f72cd  _mySCIFIFO_functionConfigure                     
0     003f72cb  _mySCIFIFO_initial                               
0     003f72cc  _mySCIFIFO_pinConfigure                          
0     003f7329  _mySCI_Fifo_receiveMessageBlocking               
0     003f731b  _mySCI_Fifo_sendMessageBlocking                  
0     003f71ea  _mySCI_RXINT_isr                                 
0     003f71b8  _mySCI_TXINT_isr                                 
0     003f72ca  _mySCI_eventConfigure                            
0     003f72a3  _mySCI_functionConfigure                         
0     003f7264  _mySCI_initial                                   
0     003f7271  _mySCI_pinConfigure                              
0     003f7303  _mySCI_receiveMessageBlocking                    
0     003f72f5  _mySCI_sendMessageBlocking                       
1     000088a2  _mySci                                           
1     00008898  _myTimer0                                        
0     003f70e8  _myTimer_CpuTimer0_isr                           
1     00008892  _myWDog                                          
abs   ffffffff  binit                                            
0     003f7a3a  cinit                                            
0     003f7ff6  code_start                                       
abs   ffffffff  etext                                            
abs   ffffffff  pinit                                            


GLOBAL SYMBOLS: SORTED BY Symbol Address 

page  address   name                                             
----  -------   ----                                             
0     00008000  _RamfuncsLoadStart                               
0     00008000  _RamfuncsRunStart                                
0     003f6018  _PWM_clearTripZone                               
0     003f6027  _PWM_decrementDeadBandFallingEdgeDelay           
0     003f6031  _PWM_decrementDeadBandRisingEdgeDelay            
0     003f603b  _PWM_disableAutoConvert                          
0     003f6049  _PWM_disableChopping                             
0     003f6054  _PWM_disableCounterLoad                          
0     003f605c  _PWM_disableDeadBand                             
0     003f6066  _PWM_disableDeadBandHalfCycle                    
0     003f6071  _PWM_disableDigitalCompareBlankingWindow         
0     003f607f  _PWM_disableDigitalCompareBlankingWindowInversion
0     003f608d  _PWM_disableHrPeriod                             
0     003f609b  _PWM_disableHrPhaseSync                          
0     003f60a9  _PWM_disableInt                                  
0     003f60b4  _PWM_disableSocAPulse                            
0     003f60bf  _PWM_disableSocBPulse                            
0     003f60ca  _PWM_disableTripZones                            
0     003f60d7  _PWM_disableTripZoneInt                          
0     003f60e7  _PWM_disableTripZoneSrc                          
0     003f60f7  _PWM_enableAutoConvert                           
0     003f6105  _PWM_enableChopping                              
0     003f6110  _PWM_enableCounterLoad                           
0     003f6118  _PWM_enableDeadBandHalfCycle                     
0     003f6123  _PWM_enableDigitalCompareBlankingWindow          
0     003f6131  _PWM_enableDigitalCompareBlankingWindowInversion 
0     003f613f  _PWM_enableHrPeriod                              
0     003f614d  _PWM_enableInt                                   
0     003f6158  _PWM_enableHrPhaseSync                           
0     003f6166  _PWM_enableSocAPulse                             
0     003f6171  _PWM_enableSocBPulse                             
0     003f617c  _PWM_enableTripZoneInt                           
0     003f618b  _PWM_enableTripZoneSrc                           
0     003f619a  _PWM_getDeadBandFallingEdgeDelay                 
0     003f61a4  _PWM_getDeadBandRisingEdgeDelay                  
0     003f61ae  _PWM_getIntCount                                 
0     003f61ba  _PWM_getSocACount                                
0     003f61c8  _PWM_getSocBCount                                
0     003f61d6  _PWM_getShadowStatus_CmpA                        
0     003f61e1  _PWM_getShadowStatus_CmpB                        
0     003f61ec  _PWM_setHrControlMode                            
0     003f6200  _PWM_setHrEdgeMode                               
0     003f6214  _PWM_setHrShadowMode                             
0     003f6228  _PWM_incrementDeadBandFallingEdgeDelay           
0     003f6232  _PWM_incrementDeadBandRisingEdgeDelay            
0     003f623c  _PWM_init                                        
0     003f6248  _PWM_setActionQual_CntDown_CmpA_PwmA             
0     003f625a  _PWM_setActionQual_CntDown_CmpA_PwmB             
0     003f626c  _PWM_setActionQual_CntDown_CmpB_PwmA             
0     003f627e  _PWM_setActionQual_CntDown_CmpB_PwmB             
0     003f6290  _PWM_setActionQual_CntUp_CmpA_PwmA               
0     003f62a2  _PWM_setActionQual_CntUp_CmpA_PwmB               
0     003f62b4  _PWM_setActionQual_CntUp_CmpB_PwmA               
0     003f62c6  _PWM_setActionQual_CntUp_CmpB_PwmB               
0     003f62d8  _PWM_setActionQual_Period_PwmA                   
0     003f62ea  _PWM_setActionQual_Period_PwmB                   
0     003f62fc  _PWM_setActionQual_Zero_PwmA                     
0     003f630d  _PWM_setActionQual_Zero_PwmB                     
0     003f631e  _PWM_setChoppingClkFreq                          
0     003f632f  _PWM_setChoppingDutyCycle                        
0     003f6340  _PWM_setChoppingPulseWidth                       
0     003f6351  _PWM_setClkDiv                                   
0     003f635d  _PWM_setCount                                    
0     003f6366  _PWM_setCounterMode                              
0     003f6372  _PWM_setDeadBandFallingEdgeDelay                 
0     003f637e  _PWM_setDeadBandInputMode                        
0     003f638f  _PWM_setDeadBandOutputMode                       
0     003f63a0  _PWM_setDeadBandPolarity                         
0     003f63b1  _PWM_setDeadBandRisingEdgeDelay                  
0     003f63bd  _PWM_setDigitalCompareFilterSource               
0     003f63d1  _PWM_setDigitalCompareBlankingPulse              
0     003f63e6  _PWM_setDigitalCompareFilterOffset               
0     003f63f2  _PWM_setDigitalCompareFilterWindow               
0     003f63fe  _PWM_setDigitalCompareInput                      
0     003f6418  _PWM_setDigitalCompareAEvent1                    
0     003f6439  _PWM_setDigitalCompareAEvent2                    
0     003f6453  _PWM_setDigitalCompareBEvent1                    
0     003f6474  _PWM_setDigitalCompareBEvent2                    
0     003f648e  _PWM_setHighSpeedClkDiv                          
0     003f649a  _PWM_setIntMode                                  
0     003f64ab  _PWM_setIntPeriod                                
0     003f64bc  _PWM_setLoadMode_CmpA                            
0     003f64c8  _PWM_setLoadMode_CmpB                            
0     003f64d5  _PWM_setPeriod                                   
0     003f64de  _PWM_setPeriodHr                                 
0     003f64ea  _PWM_setPhase                                    
0     003f64f3  _PWM_setPhaseDir                                 
0     003f64ff  _PWM_setPeriodLoad                               
0     003f650b  _PWM_setRunMode                                  
0     003f6517  _PWM_setSocAPeriod                               
0     003f6529  _PWM_setSocAPulseSrc                             
0     003f653b  _PWM_setSocBPeriod                               
0     003f654d  _PWM_setSocBPulseSrc                             
0     003f655f  _PWM_setShadowMode_CmpA                          
0     003f656c  _PWM_setShadowMode_CmpB                          
0     003f6579  _PWM_setSwSync                                   
0     003f6581  _PWM_setSyncMode                                 
0     003f658d  _PWM_setTripZoneDCEventSelect_DCAEVT1            
0     003f65a1  _PWM_setTripZoneDCEventSelect_DCAEVT2            
0     003f65b6  _PWM_setTripZoneDCEventSelect_DCBEVT1            
0     003f65cb  _PWM_setTripZoneDCEventSelect_DCBEVT2            
0     003f65e0  _PWM_setTripZoneState_DCAEVT1                    
0     003f65f5  _PWM_setTripZoneState_DCAEVT2                    
0     003f660a  _PWM_setTripZoneState_DCBEVT1                    
0     003f661f  _PWM_setTripZoneState_DCBEVT2                    
0     003f6634  _PWM_setTripZoneState_TZA                        
0     003f6648  _PWM_setTripZoneState_TZB                        
0     003f667b  _SCI_clearAutoBaudDetect                         
0     003f6686  _SCI_clearRxFifoOvf                              
0     003f6691  _SCI_clearRxFifoInt                              
0     003f669c  _SCI_clearTxFifoInt                              
0     003f66a7  _SCI_disable                                     
0     003f66af  _SCI_disableAutoBaudAlign                        
0     003f66ba  _SCI_disableLoopBack                             
0     003f66c2  _SCI_disableParity                               
0     003f66ca  _SCI_disableRx                                   
0     003f66d2  _SCI_disableRxErrorInt                           
0     003f66da  _SCI_disableRxFifoInt                            
0     003f66e5  _SCI_disableRxInt                                
0     003f66ed  _SCI_disableSleep                                
0     003f66f5  _SCI_disableTx                                   
0     003f66fd  _SCI_disableFifoEnh                              
0     003f6708  _SCI_disableTxFifoInt                            
0     003f6713  _SCI_disableTxInt                                
0     003f671b  _SCI_disableTxWake                               
0     003f6723  _SCI_enable                                      
0     003f672b  _SCI_enableAutoBaudAlign                         
0     003f6736  _SCI_enableLoopBack                              
0     003f673e  _SCI_enableParity                                
0     003f6746  _SCI_enableRx                                    
0     003f674e  _SCI_enableRxErrorInt                            
0     003f6756  _SCI_enableRxInt                                 
0     003f675e  _SCI_enableSleep                                 
0     003f6766  _SCI_enableRxFifoInt                             
0     003f6771  _SCI_enableTx                                    
0     003f6779  _SCI_enableFifoEnh                               
0     003f6784  _SCI_enableTxFifoInt                             
0     003f678f  _SCI_enableTxInt                                 
0     003f6797  _SCI_enableTxWake                                
0     003f679f  _SCI_getDataBlocking                             
0     003f67ac  _SCI_getDataNonBlocking                          
0     003f67c0  _SCI_getRxFifoStatus                             
0     003f67cc  _SCI_getTxFifoStatus                             
0     003f67d8  _SCI_init                                        
0     003f67e4  _SCI_putDataBlocking                             
0     003f67f5  _SCI_putDataNonBlocking                          
0     003f6808  _SCI_reset                                       
0     003f6810  _SCI_resetChannels                               
0     003f6822  _SCI_resetRxFifo                                 
0     003f6834  _SCI_resetTxFifo                                 
0     003f6846  _SCI_setBaudRate                                 
0     003f6854  _SCI_setCharLength                               
0     003f6860  _SCI_setMode                                     
0     003f686c  _SCI_setNumStopBits                              
0     003f6878  _SCI_setPriority                                 
0     003f6884  _SCI_setParity                                   
0     003f6890  _SCI_setTxDelay                                  
0     003f68a1  _SCI_setRxFifoIntLevel                           
0     003f68b2  _SCI_setTxFifoIntLevel                           
0     003f68c3  _CLK_disableAdcClock                             
0     003f68d1  _CLK_disableClkIn                                
0     003f68dc  _CLK_disableCompClock                            
0     003f68e9  _CLK_disableCpuTimerClock                        
0     003f68f9  _CLK_disableCrystalOsc                           
0     003f6904  _CLK_disableEcap1Clock                           
0     003f6912  _CLK_disableGpioInputClock                       
0     003f6920  _CLK_disableHrPwmClock                           
0     003f692e  _CLK_disableI2cClock                             
0     003f693c  _CLK_disableOsc1                                 
0     003f6947  _CLK_disableOsc1HaltMode                         
0     003f6952  _CLK_disableOsc2                                 
0     003f695d  _CLK_disableOsc2HaltMode                         
0     003f6968  _CLK_disablePwmClock                             
0     003f697a  _CLK_disableSciaClock                            
0     003f698a  _CLK_disableSpiaClock                            
0     003f6998  _CLK_disableTbClockSync                          
0     003f69a6  _CLK_disableWatchDogHaltMode                     
0     003f69b1  _CLK_enableAdcClock                              
0     003f69bf  _CLK_enableCompClock                             
0     003f69ce  _CLK_enableCpuTimerClock                         
0     003f69dd  _CLK_enableCrystalOsc                            
0     003f69e8  _CLK_enableEcap1Clock                            
0     003f69f6  _CLK_enableClkIn                                 
0     003f6a01  _CLK_enableGpioInputClock                        
0     003f6a0f  _CLK_enableHrPwmClock                            
0     003f6a1d  _CLK_enableI2cClock                              
0     003f6a2b  _CLK_enableOsc1                                  
0     003f6a36  _CLK_enableOsc1HaltMode                          
0     003f6a41  _CLK_enableOsc2                                  
0     003f6a4c  _CLK_enableOsc2HaltMode                          
0     003f6a57  _CLK_enablePwmClock                              
0     003f6a68  _CLK_enableSciaClock                             
0     003f6a78  _CLK_enableSpiaClock                             
0     003f6a86  _CLK_enableTbClockSync                           
0     003f6a94  _CLK_enableWatchDogHaltMode                      
0     003f6a9f  _CLK_init                                        
0     003f6aab  _CLK_setClkOutPreScaler                          
0     003f6aba  _CLK_setLowSpdPreScaler                          
0     003f6ac9  _CLK_setOscSrc                                   
0     003f6ad8  _CLK_setOsc2Src                                  
0     003f6ae7  _CLK_setTimer2PreScale                           
0     003f6af6  _CLK_setTimer2Src                                
0     003f6b05  _CLK_setWatchDogSrc                              
0     003f6b14  _GPIO_getData                                    
0     003f6b2f  _GPIO_getPortData                                
0     003f6b45  _GPIO_init                                       
0     003f6b51  _GPIO_setDirection                               
0     003f6b86  _GPIO_setPullUp                                  
0     003f6bbb  _GPIO_setExtInt                                  
0     003f6bcd  _GPIO_setHigh                                    
0     003f6bed  _GPIO_setLow                                     
0     003f6c0d  _GPIO_setMode                                    
0     003f6c61  _GPIO_setPortData                                
0     003f6c7b  _GPIO_setQualification                           
0     003f6caa  _GPIO_setQualificationPeriod                     
0     003f6cd7  _GPIO_toggle                                     
0     003f6cf7  _GPIO_lpmSelect                                  
0     003f6d09  _ADC_disable                                     
0     003f6d19  _ADC_disableBandGap                              
0     003f6d29  _ADC_disableInt                                  
0     003f6d47  _ADC_disableRefBuffers                           
0     003f6d57  _ADC_disableTempSensor                           
0     003f6d67  _ADC_enable                                      
0     003f6d77  _ADC_enableBandGap                               
0     003f6d87  _ADC_enableInt                                   
0     003f6da6  _ADC_enableRefBuffers                            
0     003f6db6  _ADC_enableTempSensor                            
0     003f6dc6  _ADC_init                                        
0     003f6dd5  _ADC_powerDown                                   
0     003f6de5  _ADC_powerUp                                     
0     003f6df5  _ADC_reset                                       
0     003f6e05  _ADC_setIntMode                                  
0     003f6e30  _ADC_setIntPulseGenMode                          
0     003f6e48  _ADC_setIntSrc                                   
0     003f6e73  _ADC_setSampleMode                               
0     003f6e91  _ADC_setSocChanNumber                            
0     003f6eaa  _ADC_setSocSampleWindow                          
0     003f6ec3  _ADC_setSocTrigSrc                               
0     003f6edc  _ADC_setVoltRefSrc                               
0     003f6ef4  _PIE_clearAllFlags                               
0     003f6f08  _PIE_clearAllInts                                
0     003f6f10  _PIE_disable                                     
0     003f6f18  _PIE_disableCaptureInt                           
0     003f6f23  _PIE_disableExtInt                               
0     003f6f31  _PIE_disableAllInts                              
0     003f6f45  _PIE_disableInt                                  
0     003f6f56  _PIE_enable                                      
0     003f6f5e  _PIE_enableAdcInt                                
0     003f6f7a  _PIE_enableCaptureInt                            
0     003f6f85  _PIE_enableExtInt                                
0     003f6fa9  _PIE_enableInt                                   
0     003f6fb9  _PIE_enablePwmInt                                
0     003f6fce  _PIE_enablePwmTzInt                              
0     003f6fe3  _PIE_enableTimer0Int                             
0     003f6fee  _PIE_forceInt                                    
0     003f6ffe  _PIE_getExtIntCount                              
0     003f700d  _PIE_getIntEnables                               
0     003f701a  _PIE_getIntFlags                                 
0     003f7027  _PIE_init                                        
0     003f7036  _PIE_registerPieIntHandler                       
0     003f7053  _PIE_registerSystemIntHandler                    
0     003f7069  _PIE_setDefaultIntVectorTable                    
0     003f7084  _PIE_setExtIntPolarity                           
0     003f709a  _PIE_unregisterPieIntHandler                     
0     003f70b7  _PIE_unregisterSystemIntHandler                  
0     003f70cd  _KEY_XINT1_isr                                   
0     003f70e8  _myTimer_CpuTimer0_isr                           
0     003f7127  _LED_EPWM1_isr                                   
0     003f7156  _myCap_CAPINT_isr                                
0     003f7188  _myAdc_ADCINT_isr                                
0     003f71b8  _mySCI_TXINT_isr                                 
0     003f71ea  _mySCI_RXINT_isr                                 
0     003f7264  _mySCI_initial                                   
0     003f7271  _mySCI_pinConfigure                              
0     003f72a3  _mySCI_functionConfigure                         
0     003f72ca  _mySCI_eventConfigure                            
0     003f72cb  _mySCIFIFO_initial                               
0     003f72cc  _mySCIFIFO_pinConfigure                          
0     003f72cd  _mySCIFIFO_functionConfigure                     
0     003f72e8  _mySCIFIFO_eventConfigure                        
0     003f72f5  _mySCI_sendMessageBlocking                       
0     003f7303  _mySCI_receiveMessageBlocking                    
0     003f731b  _mySCI_Fifo_sendMessageBlocking                  
0     003f7329  _mySCI_Fifo_receiveMessageBlocking               
0     003f7343  _CAP_init                                        
0     003f734f  _CAP_disableCaptureLoad                          
0     003f735a  _CAP_disableSyncIn                               
0     003f7365  _CAP_disableInt                                  
0     003f7372  _CAP_disableTimestampCounter                     
0     003f737d  _CAP_enableCaptureLoad                           
0     003f7388  _CAP_enableInt                                   
0     003f7394  _CAP_enableSyncIn                                
0     003f739f  _CAP_enableTimestampCounter                      
0     003f73aa  _CAP_setCapEvtPolarity                           
0     003f73c5  _CAP_setCapEvtReset                              
0     003f73e2  _CAP_setCapContinuous                            
0     003f73ed  _CAP_setCapOneShot                               
0     003f73f8  _CAP_setModeCap                                  
0     003f7403  _CAP_setModeApwm                                 
0     003f740e  _CAP_setStopWrap                                 
0     003f741f  _CAP_setSyncOut                                  
0     003f7430  _PLL_disable                                     
0     003f743b  _PLL_disableClkDetect                            
0     003f7446  _PLL_disableNormRdy                              
0     003f7451  _PLL_disableOsc                                  
0     003f745c  _PLL_enable                                      
0     003f7467  _PLL_enableClkDetect                             
0     003f7472  _PLL_enableNormRdy                               
0     003f747d  _PLL_enableOsc                                   
0     003f7488  _PLL_getMultiplier                               
0     003f7494  _PLL_getClkStatus                                
0     003f749d  _PLL_getDivider                                  
0     003f74a6  _PLL_getLockStatus                               
0     003f74af  _PLL_init                                        
0     003f74bb  _PLL_resetClkDetect                              
0     003f74c6  _PLL_setMultiplier                               
0     003f74d5  _PLL_setDivider                                  
0     003f74e4  _PLL_setup                                       
0     003f7501  _PLL_setLockPeriod                               
0     003f7543  _LED_Control                                     
0     003f7554  _KEY_LED_Control                                 
0     003f7561  _SCI_Test                                        
0     003f756e  _SCI_Test1                                       
0     003f7575  _SCI_ExchageData                                 
0     003f75a2  _TIMER_clearFlag                                 
0     003f75ac  _TIMER_disableInt                                
0     003f75b6  _TIMER_enableInt                                 
0     003f75c0  _TIMER_getStatus                                 
0     003f75ca  _TIMER_init                                      
0     003f75d6  _TIMER_reload                                    
0     003f75e0  _TIMER_setDecimationFactor                       
0     003f75f5  _TIMER_setEmulationMode                          
0     003f7604  _TIMER_setPeriod                                 
0     003f760d  _TIMER_setPreScaler                              
0     003f7624  _TIMER_start                                     
0     003f762e  _TIMER_stop                                      
0     003f76c8  _WDOG_clearCounter                               
0     003f76d6  _WDOG_disable                                    
0     003f76e6  _WDOG_disableInt                                 
0     003f76f1  _WDOG_disableOverRide                            
0     003f76fc  _WDOG_enable                                     
0     003f770c  _WDOG_enableInt                                  
0     003f7717  _WDOG_enableOverRide                             
0     003f7722  _WDOG_getIntStatus                               
0     003f772b  _WDOG_init                                       
0     003f7737  _WDOG_setCount                                   
0     003f7740  _WDOG_setPreScaler                               
0     003f775c  _LED_GPIO_initial                                
0     003f7769  _LED_GPIO_pinConfigure                           
0     003f77be  _LED_GPIO_functionConfigure                      
0     003f77bf  _LED_GPIO_eventConfigure                         
0     003f77c0  _System_authorize                                
0     003f7824  _c_int00                                         
0     003f7878  _User_System_initial                             
0     003f7879  _User_System_pinConfigure                        
0     003f787a  _User_System_functionConfigure                   
0     003f78ca  _User_System_eventConfigure                      
0     003f78cb  _CPU_clearIntFlags                               
0     003f78d1  _CPU_disableDebugInt                             
0     003f78d7  _CPU_disableGlobalInts                           
0     003f78dd  _CPU_disableInt                                  
0     003f78e6  _CPU_disableInts                                 
0     003f78ec  _CPU_disableProtectedRegisterWrite               
0     003f78f2  _CPU_enableDebugInt                              
0     003f78f8  _CPU_enableGlobalInts                            
0     003f78fe  _CPU_enableInt                                   
0     003f7906  _CPU_enableProtectedRegisterWrite                
0     003f790c  _CPU_init                                        
0     003f7917  _User_Pie_initial                                
0     003f7918  _User_Pie_pinConfigure                           
0     003f7919  _User_Pie_functionConfigure                      
0     003f7935  _User_Pie_eventConfigure                         
0     003f7961  _main                                            
0     003f7991  C$$EXIT                                          
0     003f7991  _abort                                           
0     003f7993  _exit                                            
0     003f79ba  _copy_in                                         
0     003f79de  _memcpy                                          
0     003f79fb  __args_main                                      
0     003f7a14  _Delay                                           
0     003f7a21  __register_unlock                                
0     003f7a25  __register_lock                                  
0     003f7a29  __nop                                            
0     003f7a32  _PIE_illegalIsr                                  
0     003f7a37  __system_pre_init                                
0     003f7a39  __system_post_cinit                              
0     003f7a3a  ___cinit__                                       
0     003f7a3a  cinit                                            
0     003f7ff6  code_start                                       
1     00000050  __stack                                          
1     00000350  __STACK_END                                      
1     00008800  _SciReceiveBuf                                   
1     00008832  ___TI_enable_exit_profile_output                 
1     00008834  ___TI_cleanup_ptr                                
1     00008836  ___TI_dtors_ptr                                  
1     00008838  _deviceOpen                                      
1     0000883a  _ioSci                                           
1     0000883c  __lock                                           
1     0000883e  __unlock                                         
1     00008840  _SciSendBuf                                      
1     00008872  _cpu                                             
1     00008880  _Hour                                            
1     00008881  _Minute                                          
1     00008882  _Second                                          
1     00008883  _HalfSecond                                      
1     00008884  _myCmpA                                          
1     00008885  _myCmpB                                          
1     00008886  _Temp                                            
1     00008887  _TempC                                           
1     00008888  _SciSendPoint                                    
1     00008889  _SciReceivePoint                                 
1     0000888a  _SciSentOk                                       
1     0000888b  _SciReceivedOk                                   
1     0000888c  _myClk                                           
1     0000888e  _myCpu                                           
1     00008890  _myPll                                           
1     00008892  _myWDog                                          
1     00008894  _myPie                                           
1     00008896  _myGpio                                          
1     00008898  _myTimer0                                        
1     0000889a  _myAdc                                           
1     0000889c  _myCap                                           
1     0000889e  _myPwm1                                          
1     000088a0  _myPwm2                                          
1     000088a2  _mySci                                           
1     000088a4  _myCapVal1                                       
1     000088a6  _myCapVal2                                       
abs   00000000  _RamfuncsLoadSize                                
abs   00000300  __STACK_SIZE                                     
abs   ffffffff  .text                                            
abs   ffffffff  ___TI_pprof_out_hndl                             
abs   ffffffff  ___TI_prof_data_size                             
abs   ffffffff  ___TI_prof_data_start                            
abs   ffffffff  ___binit__                                       
abs   ffffffff  ___c_args__                                      
abs   ffffffff  ___etext__                                       
abs   ffffffff  ___pinit__                                       
abs   ffffffff  ___text__                                        
abs   ffffffff  binit                                            
abs   ffffffff  etext                                            
abs   ffffffff  pinit                                            

[441 symbols]
