******************************************************************************
             TMS320C2000 Linker PC v18.12.4                    
******************************************************************************
>> Linked Wed Jul 14 10:53:33 2021

OUTPUT FILE NAME:   <chap7_TIMER_1.out>
ENTRY POINT SYMBOL: "_c_int00"  address: 003f6913


MEMORY CONFIGURATION

         name            origin    length      used     unused   attr    fill
----------------------  --------  ---------  --------  --------  ----  --------
PAGE 0:
  PRAML0                00008000   00000800  00000000  00000800  RWIX
  OTP                   003d7800   00000400  00000000  00000400  RWIX
  FLASHD                003f0000   00002000  00000000  00002000  RWIX
  FLASHC                003f2000   00002000  00000000  00002000  RWIX
  FLASHA                003f6000   00001f80  00000bb0  000013d0  RWIX
  CSM_RSVD              003f7f80   00000076  00000000  00000076  RWIX
  BEGIN                 003f7ff6   00000002  00000002  00000000  RWIX
  CSM_PWL_P0            003f7ff8   00000008  00000000  00000008  RWIX
  IQTABLES              003fe000   00000b50  00000000  00000b50  RWIX
  IQTABLES2             003feb50   0000008c  00000000  0000008c  RWIX
  IQTABLES3             003febdc   000000aa  00000000  000000aa  RWIX
  ROM                   003ff27c   00000d44  00000000  00000d44  RWIX
  RESET                 003fffc0   00000002  00000000  00000002  RWIX
  VECTORS               003fffc2   0000003e  00000000  0000003e  RWIX

PAGE 1:
  BOOT_RSVD             00000000   00000050  00000000  00000050  RWIX
  RAMM0                 00000050   000003b0  00000300  000000b0  RWIX
  RAMM1                 00000400   00000400  00000000  00000400  RWIX
  DRAML0                00008800   00000800  00000023  000007dd  RWIX
  FLASHB                003f4000   00002000  00000000  00002000  RWIX


SECTION ALLOCATION MAP

 output                                  attributes/
section   page    origin      length       input sections
--------  ----  ----------  ----------   ----------------
.cinit     0    003f6b92    0000001e     
                  003f6b92    0000000e     rts2800_ml.lib : exit.c.obj (.cinit)
                  003f6ba0    00000005                    : _lock.c.obj (.cinit:__lock)
                  003f6ba5    00000005                    : _lock.c.obj (.cinit:__unlock)
                  003f6baa    00000004     sci_io.obj (.cinit)
                  003f6bae    00000002     --HOLE-- [fill = 0]

.pinit     0    003f6000    00000000     UNINITIALIZED

ramfuncs   0    00008000    00000000     UNINITIALIZED

codestart 
*          0    003f7ff6    00000002     
                  003f7ff6    00000002     F2802x_CodeStartBranch.obj (codestart)

.stack     1    00000050    00000300     UNINITIALIZED
                  00000050    00000300     --HOLE--

.ebss      1    00008800    00000023     UNINITIALIZED
                  00008800    00000010     main.obj (.ebss)
                  00008810    00000006     rts2800_ml.lib : exit.c.obj (.ebss)
                  00008816    00000004     main.obj (.ebss:_LED)
                  0000881a    00000004     sci_io.obj (.ebss)
                  0000881e    00000002     rts2800_ml.lib : _lock.c.obj (.ebss:__lock)
                  00008820    00000002                    : _lock.c.obj (.ebss:__unlock)
                  00008822    00000001     cpu.obj (.ebss)

.reset     0    003fffc0    00000002     DSECT
                  003fffc0    00000002     rts2800_ml.lib : boot28.asm.obj (.reset)

vectors    0    003fffc2    00000000     DSECT

.text      0    003f6000    00000b92     
                  003f6000    00000251     clk.obj (.text)
                  003f6251    000001f5     gpio.obj (.text)
                  003f6446    000001d9     pie.obj (.text)
                  003f661f    000000dd     pll.obj (.text)
                  003f66fc    00000095     timer.obj (.text)
                  003f6791    0000008b     wdog.obj (.text)
                  003f681c    00000081     isr.obj (.text:retain)
                  003f689d    00000076     LED_Gpio.obj (.text)
                  003f6913    00000054     rts2800_ml.lib : boot28.asm.obj (.text)
                  003f6967    0000004c     cpu.obj (.text)
                  003f69b3    00000043     User_System.obj (.text)
                  003f69f6    0000003a     F2802x_Device.obj (.text)
                  003f6a30    00000031     main.obj (.text)
                  003f6a61    0000002e     KEY.obj (.text)
                  003f6a8f    00000029     rts2800_ml.lib : exit.c.obj (.text)
                  003f6ab8    00000026     isr.obj (.text)
                  003f6ade    00000024     rts2800_ml.lib : cpy_tbl.c.obj (.text)
                  003f6b02    00000022     myTimer.obj (.text)
                  003f6b24    0000001f     User_Pie.obj (.text)
                  003f6b43    0000001d     rts2800_ml.lib : memcpy.c.obj (.text)
                  003f6b60    00000019                    : args_main.c.obj (.text)
                  003f6b79    00000009                    : _lock.c.obj (.text)
                  003f6b82    00000008     F2802x_CodeStartBranch.obj (.text)
                  003f6b8a    00000005     pie.obj (.text:retain)
                  003f6b8f    00000002     rts2800_ml.lib : pre_init.c.obj (.text)
                  003f6b91    00000001                    : startup.c.obj (.text)

MODULE SUMMARY

       Module                       code   initialized data   uninitialized data
       ------                       ----   ----------------   ------------------
    .\
       main.obj                     49     0                  20                
    +--+----------------------------+------+------------------+--------------------+
       Total:                       49     0                  20                
                                                                                
    .\Application\
       isr.obj                      167    0                  0                 
    +--+----------------------------+------+------------------+--------------------+
       Total:                       167    0                  0                 
                                                                                
    .\F2802x_Component\
       F2802x_Device.obj            58     0                  0                 
    +--+----------------------------+------+------------------+--------------------+
       Total:                       58     0                  0                 
                                                                                
    .\F2802x_Component\source\
       clk.obj                      593    0                  0                 
       gpio.obj                     501    0                  0                 
       pie.obj                      478    0                  0                 
       pll.obj                      221    0                  0                 
       timer.obj                    149    0                  0                 
       wdog.obj                     139    0                  0                 
       cpu.obj                      76     0                  1                 
       F2802x_CodeStartBranch.obj   10     0                  0                 
       sci_io.obj                   0      4                  4                 
    +--+----------------------------+------+------------------+--------------------+
       Total:                       2167   4                  5                 
                                                                                
    .\User_Component\KEY\
       KEY.obj                      46     0                  0                 
    +--+----------------------------+------+------------------+--------------------+
       Total:                       46     0                  0                 
                                                                                
    .\User_Component\LED_Gpio\
       LED_Gpio.obj                 118    0                  0                 
    +--+----------------------------+------+------------------+--------------------+
       Total:                       118    0                  0                 
                                                                                
    .\User_Component\User_Pie\
       User_Pie.obj                 31     0                  0                 
    +--+----------------------------+------+------------------+--------------------+
       Total:                       31     0                  0                 
                                                                                
    .\User_Component\User_System\
       User_System.obj              67     0                  0                 
    +--+----------------------------+------+------------------+--------------------+
       Total:                       67     0                  0                 
                                                                                
    .\User_Component\myTimer\
       myTimer.obj                  34     0                  0                 
    +--+----------------------------+------+------------------+--------------------+
       Total:                       34     0                  0                 
                                                                                
    E:\ti\ccs930\ccs\tools\compiler\ti-cgt-c2000_18.12.4.LTS\lib\rts2800_ml.lib
       boot28.asm.obj               84     0                  0                 
       exit.c.obj                   41     14                 6                 
       cpy_tbl.c.obj                36     0                  0                 
       memcpy.c.obj                 29     0                  0                 
       args_main.c.obj              25     0                  0                 
       _lock.c.obj                  9      10                 4                 
       pre_init.c.obj               2      0                  0                 
       startup.c.obj                1      0                  0                 
    +--+----------------------------+------+------------------+--------------------+
       Total:                       227    24                 10                
                                                                                
       Stack:                       0      0                  768               
    +--+----------------------------+------+------------------+--------------------+
       Grand Total:                 2964   28                 803               


GLOBAL DATA SYMBOLS: SORTED BY DATA PAGE

address     data page           name
--------    ----------------    ----
00000050       1 (00000040)     __stack

00008800     220 (00008800)     _LED_Count
00008802     220 (00008800)     _myClk
00008804     220 (00008800)     _myCpu
00008806     220 (00008800)     _myPll
00008808     220 (00008800)     _myWDog
0000880a     220 (00008800)     _myPie
0000880c     220 (00008800)     _myGpio
0000880e     220 (00008800)     _myTimer0
00008810     220 (00008800)     ___TI_enable_exit_profile_output
00008812     220 (00008800)     ___TI_cleanup_ptr
00008814     220 (00008800)     ___TI_dtors_ptr
00008816     220 (00008800)     _LED
0000881a     220 (00008800)     _deviceOpen
0000881c     220 (00008800)     _ioSci
0000881e     220 (00008800)     __lock
00008820     220 (00008800)     __unlock
00008822     220 (00008800)     _cpu


GLOBAL SYMBOLS: SORTED ALPHABETICALLY BY Name 

page  address   name                              
----  -------   ----                              
abs   ffffffff  .text                             
0     003f6a8f  C$$EXIT                           
0     003f6000  _CLK_disableAdcClock              
0     003f600e  _CLK_disableClkIn                 
0     003f6019  _CLK_disableCompClock             
0     003f6026  _CLK_disableCpuTimerClock         
0     003f6036  _CLK_disableCrystalOsc            
0     003f6041  _CLK_disableEcap1Clock            
0     003f604f  _CLK_disableGpioInputClock        
0     003f605d  _CLK_disableHrPwmClock            
0     003f606b  _CLK_disableI2cClock              
0     003f6079  _CLK_disableOsc1                  
0     003f6084  _CLK_disableOsc1HaltMode          
0     003f608f  _CLK_disableOsc2                  
0     003f609a  _CLK_disableOsc2HaltMode          
0     003f60a5  _CLK_disablePwmClock              
0     003f60b7  _CLK_disableSciaClock             
0     003f60c7  _CLK_disableSpiaClock             
0     003f60d5  _CLK_disableTbClockSync           
0     003f60e3  _CLK_disableWatchDogHaltMode      
0     003f60ee  _CLK_enableAdcClock               
0     003f6133  _CLK_enableClkIn                  
0     003f60fc  _CLK_enableCompClock              
0     003f610b  _CLK_enableCpuTimerClock          
0     003f611a  _CLK_enableCrystalOsc             
0     003f6125  _CLK_enableEcap1Clock             
0     003f613e  _CLK_enableGpioInputClock         
0     003f614c  _CLK_enableHrPwmClock             
0     003f615a  _CLK_enableI2cClock               
0     003f6168  _CLK_enableOsc1                   
0     003f6173  _CLK_enableOsc1HaltMode           
0     003f617e  _CLK_enableOsc2                   
0     003f6189  _CLK_enableOsc2HaltMode           
0     003f6194  _CLK_enablePwmClock               
0     003f61a5  _CLK_enableSciaClock              
0     003f61b5  _CLK_enableSpiaClock              
0     003f61c3  _CLK_enableTbClockSync            
0     003f61d1  _CLK_enableWatchDogHaltMode       
0     003f61dc  _CLK_init                         
0     003f61e8  _CLK_setClkOutPreScaler           
0     003f61f7  _CLK_setLowSpdPreScaler           
0     003f6215  _CLK_setOsc2Src                   
0     003f6206  _CLK_setOscSrc                    
0     003f6224  _CLK_setTimer2PreScale            
0     003f6233  _CLK_setTimer2Src                 
0     003f6242  _CLK_setWatchDogSrc               
0     003f6967  _CPU_clearIntFlags                
0     003f696d  _CPU_disableDebugInt              
0     003f6973  _CPU_disableGlobalInts            
0     003f6979  _CPU_disableInt                   
0     003f6982  _CPU_disableInts                  
0     003f6988  _CPU_disableProtectedRegisterWrite
0     003f698e  _CPU_enableDebugInt               
0     003f6994  _CPU_enableGlobalInts             
0     003f699a  _CPU_enableInt                    
0     003f69a2  _CPU_enableProtectedRegisterWrite 
0     003f69a8  _CPU_init                         
0     003f6251  _GPIO_getData                     
0     003f626c  _GPIO_getPortData                 
0     003f6282  _GPIO_init                        
0     003f6434  _GPIO_lpmSelect                   
0     003f628e  _GPIO_setDirection                
0     003f62f8  _GPIO_setExtInt                   
0     003f630a  _GPIO_setHigh                     
0     003f632a  _GPIO_setLow                      
0     003f634a  _GPIO_setMode                     
0     003f639e  _GPIO_setPortData                 
0     003f62c3  _GPIO_setPullUp                   
0     003f63b8  _GPIO_setQualification            
0     003f63e7  _GPIO_setQualificationPeriod      
0     003f6414  _GPIO_toggle                      
0     003f681c  _KEY_XINT1_isr                    
0     003f6a80  _KEY_eventConfigure               
0     003f6a7f  _KEY_functionConfigure            
0     003f6a61  _KEY_initial                      
0     003f6a62  _KEY_pinConfigure                 
1     00008816  _LED                              
1     00008800  _LED_Count                        
0     003f6912  _LED_GPIO_eventConfigure          
0     003f6911  _LED_GPIO_functionConfigure       
0     003f68a6  _LED_GPIO_initial                 
0     003f68bc  _LED_GPIO_pinConfigure            
0     003f6446  _PIE_clearAllFlags                
0     003f645a  _PIE_clearAllInts                 
0     003f6462  _PIE_disable                      
0     003f6483  _PIE_disableAllInts               
0     003f646a  _PIE_disableCaptureInt            
0     003f6475  _PIE_disableExtInt                
0     003f6497  _PIE_disableInt                   
0     003f64a8  _PIE_enable                       
0     003f64b0  _PIE_enableAdcInt                 
0     003f64cc  _PIE_enableCaptureInt             
0     003f64d7  _PIE_enableExtInt                 
0     003f64fb  _PIE_enableInt                    
0     003f650b  _PIE_enablePwmInt                 
0     003f6520  _PIE_enablePwmTzInt               
0     003f6535  _PIE_enableTimer0Int              
0     003f6540  _PIE_forceInt                     
0     003f6550  _PIE_getExtIntCount               
0     003f655f  _PIE_getIntEnables                
0     003f656c  _PIE_getIntFlags                  
0     003f6b8a  _PIE_illegalIsr                   
0     003f6579  _PIE_init                         
0     003f6588  _PIE_registerPieIntHandler        
0     003f65a5  _PIE_registerSystemIntHandler     
0     003f65bb  _PIE_setDefaultIntVectorTable     
0     003f65d6  _PIE_setExtIntPolarity            
0     003f65ec  _PIE_unregisterPieIntHandler      
0     003f6609  _PIE_unregisterSystemIntHandler   
0     003f661f  _PLL_disable                      
0     003f662a  _PLL_disableClkDetect             
0     003f6635  _PLL_disableNormRdy               
0     003f6640  _PLL_disableOsc                   
0     003f664b  _PLL_enable                       
0     003f6656  _PLL_enableClkDetect              
0     003f6661  _PLL_enableNormRdy                
0     003f666c  _PLL_enableOsc                    
0     003f6683  _PLL_getClkStatus                 
0     003f668c  _PLL_getDivider                   
0     003f6695  _PLL_getLockStatus                
0     003f6677  _PLL_getMultiplier                
0     003f669e  _PLL_init                         
0     003f66aa  _PLL_resetClkDetect               
0     003f66c4  _PLL_setDivider                   
0     003f66f0  _PLL_setLockPeriod                
0     003f66b5  _PLL_setMultiplier                
0     003f66d3  _PLL_setup                        
abs   00000000  _RamfuncsLoadSize                 
0     00008000  _RamfuncsLoadStart                
0     00008000  _RamfuncsRunStart                 
0     003f69f6  _System_authorize                 
0     003f66fc  _TIMER_clearFlag                  
0     003f6706  _TIMER_disableInt                 
0     003f6710  _TIMER_enableInt                  
0     003f671a  _TIMER_getStatus                  
0     003f6724  _TIMER_init                       
0     003f6730  _TIMER_reload                     
0     003f673a  _TIMER_setDecimationFactor        
0     003f674f  _TIMER_setEmulationMode           
0     003f675e  _TIMER_setPeriod                  
0     003f6767  _TIMER_setPreScaler               
0     003f677e  _TIMER_start                      
0     003f6788  _TIMER_stop                       
0     003f6b30  _User_Pie_eventConfigure          
0     003f6b26  _User_Pie_functionConfigure       
0     003f6b24  _User_Pie_initial                 
0     003f6b25  _User_Pie_pinConfigure            
0     003f69f5  _User_System_eventConfigure       
0     003f69b5  _User_System_functionConfigure    
0     003f69b3  _User_System_initial              
0     003f69b4  _User_System_pinConfigure         
0     003f6791  _WDOG_clearCounter                
0     003f679f  _WDOG_disable                     
0     003f67af  _WDOG_disableInt                  
0     003f67ba  _WDOG_disableOverRide             
0     003f67c5  _WDOG_enable                      
0     003f67d5  _WDOG_enableInt                   
0     003f67e0  _WDOG_enableOverRide              
0     003f67eb  _WDOG_getIntStatus                
0     003f67f4  _WDOG_init                        
0     003f6800  _WDOG_setCount                    
0     003f6809  _WDOG_setPreScaler                
1     00000350  __STACK_END                       
abs   00000300  __STACK_SIZE                      
1     00008812  ___TI_cleanup_ptr                 
1     00008814  ___TI_dtors_ptr                   
1     00008810  ___TI_enable_exit_profile_output  
abs   ffffffff  ___TI_pprof_out_hndl              
abs   ffffffff  ___TI_prof_data_size              
abs   ffffffff  ___TI_prof_data_start             
abs   ffffffff  ___binit__                        
abs   ffffffff  ___c_args__                       
0     003f6b92  ___cinit__                        
abs   ffffffff  ___etext__                        
abs   ffffffff  ___pinit__                        
abs   ffffffff  ___text__                         
0     003f6b60  __args_main                       
1     0000881e  __lock                            
0     003f6b81  __nop                             
0     003f6b7d  __register_lock                   
0     003f6b79  __register_unlock                 
1     00000050  __stack                           
0     003f6b91  __system_post_cinit               
0     003f6b8f  __system_pre_init                 
1     00008820  __unlock                          
0     003f6a8f  _abort                            
0     003f6913  _c_int00                          
0     003f6ade  _copy_in                          
1     00008822  _cpu                              
1     0000881a  _deviceOpen                       
0     003f6a91  _exit                             
1     0000881c  _ioSci                            
0     003f6a36  _main                             
0     003f6b43  _memcpy                           
1     00008802  _myClk                            
1     00008804  _myCpu                            
1     0000880c  _myGpio                           
1     0000880a  _myPie                            
1     00008806  _myPll                            
1     0000880e  _myTimer0                         
0     003f6837  _myTimer_CpuTimer0_isr            
0     003f686a  _myTimer_CpuTimer0_isr1           
0     003f6b23  _myTimer_eventConfigure           
0     003f6b04  _myTimer_functionConfigure        
0     003f6b02  _myTimer_initial                  
0     003f6b03  _myTimer_pinConfigure             
1     00008808  _myWDog                           
abs   ffffffff  binit                             
0     003f6b92  cinit                             
0     003f7ff6  code_start                        
abs   ffffffff  etext                             
abs   ffffffff  pinit                             


GLOBAL SYMBOLS: SORTED BY Symbol Address 

page  address   name                              
----  -------   ----                              
0     00008000  _RamfuncsLoadStart                
0     00008000  _RamfuncsRunStart                 
0     003f6000  _CLK_disableAdcClock              
0     003f600e  _CLK_disableClkIn                 
0     003f6019  _CLK_disableCompClock             
0     003f6026  _CLK_disableCpuTimerClock         
0     003f6036  _CLK_disableCrystalOsc            
0     003f6041  _CLK_disableEcap1Clock            
0     003f604f  _CLK_disableGpioInputClock        
0     003f605d  _CLK_disableHrPwmClock            
0     003f606b  _CLK_disableI2cClock              
0     003f6079  _CLK_disableOsc1                  
0     003f6084  _CLK_disableOsc1HaltMode          
0     003f608f  _CLK_disableOsc2                  
0     003f609a  _CLK_disableOsc2HaltMode          
0     003f60a5  _CLK_disablePwmClock              
0     003f60b7  _CLK_disableSciaClock             
0     003f60c7  _CLK_disableSpiaClock             
0     003f60d5  _CLK_disableTbClockSync           
0     003f60e3  _CLK_disableWatchDogHaltMode      
0     003f60ee  _CLK_enableAdcClock               
0     003f60fc  _CLK_enableCompClock              
0     003f610b  _CLK_enableCpuTimerClock          
0     003f611a  _CLK_enableCrystalOsc             
0     003f6125  _CLK_enableEcap1Clock             
0     003f6133  _CLK_enableClkIn                  
0     003f613e  _CLK_enableGpioInputClock         
0     003f614c  _CLK_enableHrPwmClock             
0     003f615a  _CLK_enableI2cClock               
0     003f6168  _CLK_enableOsc1                   
0     003f6173  _CLK_enableOsc1HaltMode           
0     003f617e  _CLK_enableOsc2                   
0     003f6189  _CLK_enableOsc2HaltMode           
0     003f6194  _CLK_enablePwmClock               
0     003f61a5  _CLK_enableSciaClock              
0     003f61b5  _CLK_enableSpiaClock              
0     003f61c3  _CLK_enableTbClockSync            
0     003f61d1  _CLK_enableWatchDogHaltMode       
0     003f61dc  _CLK_init                         
0     003f61e8  _CLK_setClkOutPreScaler           
0     003f61f7  _CLK_setLowSpdPreScaler           
0     003f6206  _CLK_setOscSrc                    
0     003f6215  _CLK_setOsc2Src                   
0     003f6224  _CLK_setTimer2PreScale            
0     003f6233  _CLK_setTimer2Src                 
0     003f6242  _CLK_setWatchDogSrc               
0     003f6251  _GPIO_getData                     
0     003f626c  _GPIO_getPortData                 
0     003f6282  _GPIO_init                        
0     003f628e  _GPIO_setDirection                
0     003f62c3  _GPIO_setPullUp                   
0     003f62f8  _GPIO_setExtInt                   
0     003f630a  _GPIO_setHigh                     
0     003f632a  _GPIO_setLow                      
0     003f634a  _GPIO_setMode                     
0     003f639e  _GPIO_setPortData                 
0     003f63b8  _GPIO_setQualification            
0     003f63e7  _GPIO_setQualificationPeriod      
0     003f6414  _GPIO_toggle                      
0     003f6434  _GPIO_lpmSelect                   
0     003f6446  _PIE_clearAllFlags                
0     003f645a  _PIE_clearAllInts                 
0     003f6462  _PIE_disable                      
0     003f646a  _PIE_disableCaptureInt            
0     003f6475  _PIE_disableExtInt                
0     003f6483  _PIE_disableAllInts               
0     003f6497  _PIE_disableInt                   
0     003f64a8  _PIE_enable                       
0     003f64b0  _PIE_enableAdcInt                 
0     003f64cc  _PIE_enableCaptureInt             
0     003f64d7  _PIE_enableExtInt                 
0     003f64fb  _PIE_enableInt                    
0     003f650b  _PIE_enablePwmInt                 
0     003f6520  _PIE_enablePwmTzInt               
0     003f6535  _PIE_enableTimer0Int              
0     003f6540  _PIE_forceInt                     
0     003f6550  _PIE_getExtIntCount               
0     003f655f  _PIE_getIntEnables                
0     003f656c  _PIE_getIntFlags                  
0     003f6579  _PIE_init                         
0     003f6588  _PIE_registerPieIntHandler        
0     003f65a5  _PIE_registerSystemIntHandler     
0     003f65bb  _PIE_setDefaultIntVectorTable     
0     003f65d6  _PIE_setExtIntPolarity            
0     003f65ec  _PIE_unregisterPieIntHandler      
0     003f6609  _PIE_unregisterSystemIntHandler   
0     003f661f  _PLL_disable                      
0     003f662a  _PLL_disableClkDetect             
0     003f6635  _PLL_disableNormRdy               
0     003f6640  _PLL_disableOsc                   
0     003f664b  _PLL_enable                       
0     003f6656  _PLL_enableClkDetect              
0     003f6661  _PLL_enableNormRdy                
0     003f666c  _PLL_enableOsc                    
0     003f6677  _PLL_getMultiplier                
0     003f6683  _PLL_getClkStatus                 
0     003f668c  _PLL_getDivider                   
0     003f6695  _PLL_getLockStatus                
0     003f669e  _PLL_init                         
0     003f66aa  _PLL_resetClkDetect               
0     003f66b5  _PLL_setMultiplier                
0     003f66c4  _PLL_setDivider                   
0     003f66d3  _PLL_setup                        
0     003f66f0  _PLL_setLockPeriod                
0     003f66fc  _TIMER_clearFlag                  
0     003f6706  _TIMER_disableInt                 
0     003f6710  _TIMER_enableInt                  
0     003f671a  _TIMER_getStatus                  
0     003f6724  _TIMER_init                       
0     003f6730  _TIMER_reload                     
0     003f673a  _TIMER_setDecimationFactor        
0     003f674f  _TIMER_setEmulationMode           
0     003f675e  _TIMER_setPeriod                  
0     003f6767  _TIMER_setPreScaler               
0     003f677e  _TIMER_start                      
0     003f6788  _TIMER_stop                       
0     003f6791  _WDOG_clearCounter                
0     003f679f  _WDOG_disable                     
0     003f67af  _WDOG_disableInt                  
0     003f67ba  _WDOG_disableOverRide             
0     003f67c5  _WDOG_enable                      
0     003f67d5  _WDOG_enableInt                   
0     003f67e0  _WDOG_enableOverRide              
0     003f67eb  _WDOG_getIntStatus                
0     003f67f4  _WDOG_init                        
0     003f6800  _WDOG_setCount                    
0     003f6809  _WDOG_setPreScaler                
0     003f681c  _KEY_XINT1_isr                    
0     003f6837  _myTimer_CpuTimer0_isr            
0     003f686a  _myTimer_CpuTimer0_isr1           
0     003f68a6  _LED_GPIO_initial                 
0     003f68bc  _LED_GPIO_pinConfigure            
0     003f6911  _LED_GPIO_functionConfigure       
0     003f6912  _LED_GPIO_eventConfigure          
0     003f6913  _c_int00                          
0     003f6967  _CPU_clearIntFlags                
0     003f696d  _CPU_disableDebugInt              
0     003f6973  _CPU_disableGlobalInts            
0     003f6979  _CPU_disableInt                   
0     003f6982  _CPU_disableInts                  
0     003f6988  _CPU_disableProtectedRegisterWrite
0     003f698e  _CPU_enableDebugInt               
0     003f6994  _CPU_enableGlobalInts             
0     003f699a  _CPU_enableInt                    
0     003f69a2  _CPU_enableProtectedRegisterWrite 
0     003f69a8  _CPU_init                         
0     003f69b3  _User_System_initial              
0     003f69b4  _User_System_pinConfigure         
0     003f69b5  _User_System_functionConfigure    
0     003f69f5  _User_System_eventConfigure       
0     003f69f6  _System_authorize                 
0     003f6a36  _main                             
0     003f6a61  _KEY_initial                      
0     003f6a62  _KEY_pinConfigure                 
0     003f6a7f  _KEY_functionConfigure            
0     003f6a80  _KEY_eventConfigure               
0     003f6a8f  C$$EXIT                           
0     003f6a8f  _abort                            
0     003f6a91  _exit                             
0     003f6ade  _copy_in                          
0     003f6b02  _myTimer_initial                  
0     003f6b03  _myTimer_pinConfigure             
0     003f6b04  _myTimer_functionConfigure        
0     003f6b23  _myTimer_eventConfigure           
0     003f6b24  _User_Pie_initial                 
0     003f6b25  _User_Pie_pinConfigure            
0     003f6b26  _User_Pie_functionConfigure       
0     003f6b30  _User_Pie_eventConfigure          
0     003f6b43  _memcpy                           
0     003f6b60  __args_main                       
0     003f6b79  __register_unlock                 
0     003f6b7d  __register_lock                   
0     003f6b81  __nop                             
0     003f6b8a  _PIE_illegalIsr                   
0     003f6b8f  __system_pre_init                 
0     003f6b91  __system_post_cinit               
0     003f6b92  ___cinit__                        
0     003f6b92  cinit                             
0     003f7ff6  code_start                        
1     00000050  __stack                           
1     00000350  __STACK_END                       
1     00008800  _LED_Count                        
1     00008802  _myClk                            
1     00008804  _myCpu                            
1     00008806  _myPll                            
1     00008808  _myWDog                           
1     0000880a  _myPie                            
1     0000880c  _myGpio                           
1     0000880e  _myTimer0                         
1     00008810  ___TI_enable_exit_profile_output  
1     00008812  ___TI_cleanup_ptr                 
1     00008814  ___TI_dtors_ptr                   
1     00008816  _LED                              
1     0000881a  _deviceOpen                       
1     0000881c  _ioSci                            
1     0000881e  __lock                            
1     00008820  __unlock                          
1     00008822  _cpu                              
abs   00000000  _RamfuncsLoadSize                 
abs   00000300  __STACK_SIZE                      
abs   ffffffff  .text                             
abs   ffffffff  ___TI_pprof_out_hndl              
abs   ffffffff  ___TI_prof_data_size              
abs   ffffffff  ___TI_prof_data_start             
abs   ffffffff  ___binit__                        
abs   ffffffff  ___c_args__                       
abs   ffffffff  ___etext__                        
abs   ffffffff  ___pinit__                        
abs   ffffffff  ___text__                         
abs   ffffffff  binit                             
abs   ffffffff  etext                             
abs   ffffffff  pinit                             

[212 symbols]
