<?xml version="1.0" encoding="ISO-8859-1" ?>
<link_info>
   <banner>TMS320C2000 Linker PC v18.12.4.LTS</banner>
   <copyright>Copyright (c) 1996-2018 Texas Instruments Incorporated</copyright>
   <link_time>0x60ee54cc</link_time>
   <link_errors>0x0</link_errors>
   <output_file>2020TESTNO5.out</output_file>
   <entry_point>
      <name>_c_int00</name>
      <address>0x3f709e</address>
   </entry_point>
   <input_file_list>
      <input_file id="fl-2">
         <path>.\</path>
         <kind>object</kind>
         <file>main.obj</file>
         <name>main.obj</name>
      </input_file>
      <input_file id="fl-3">
         <path>.\Application\</path>
         <kind>object</kind>
         <file>app.obj</file>
         <name>app.obj</name>
      </input_file>
      <input_file id="fl-4">
         <path>.\Application\</path>
         <kind>object</kind>
         <file>isr.obj</file>
         <name>isr.obj</name>
      </input_file>
      <input_file id="fl-5">
         <path>.\F2802x_Component\</path>
         <kind>object</kind>
         <file>F2802x_Device.obj</file>
         <name>F2802x_Device.obj</name>
      </input_file>
      <input_file id="fl-6">
         <path>.\F2802x_Component\source\</path>
         <kind>object</kind>
         <file>F2802x_CodeStartBranch.obj</file>
         <name>F2802x_CodeStartBranch.obj</name>
      </input_file>
      <input_file id="fl-7">
         <path>.\F2802x_Component\source\</path>
         <kind>object</kind>
         <file>adc.obj</file>
         <name>adc.obj</name>
      </input_file>
      <input_file id="fl-8">
         <path>.\F2802x_Component\source\</path>
         <kind>object</kind>
         <file>cap.obj</file>
         <name>cap.obj</name>
      </input_file>
      <input_file id="fl-9">
         <path>.\F2802x_Component\source\</path>
         <kind>object</kind>
         <file>clk.obj</file>
         <name>clk.obj</name>
      </input_file>
      <input_file id="fl-a">
         <path>.\F2802x_Component\source\</path>
         <kind>object</kind>
         <file>comp.obj</file>
         <name>comp.obj</name>
      </input_file>
      <input_file id="fl-b">
         <path>.\F2802x_Component\source\</path>
         <kind>object</kind>
         <file>cpu.obj</file>
         <name>cpu.obj</name>
      </input_file>
      <input_file id="fl-c">
         <path>.\F2802x_Component\source\</path>
         <kind>object</kind>
         <file>flash.obj</file>
         <name>flash.obj</name>
      </input_file>
      <input_file id="fl-d">
         <path>.\F2802x_Component\source\</path>
         <kind>object</kind>
         <file>gpio.obj</file>
         <name>gpio.obj</name>
      </input_file>
      <input_file id="fl-e">
         <path>.\F2802x_Component\source\</path>
         <kind>object</kind>
         <file>osc.obj</file>
         <name>osc.obj</name>
      </input_file>
      <input_file id="fl-f">
         <path>.\F2802x_Component\source\</path>
         <kind>object</kind>
         <file>pie.obj</file>
         <name>pie.obj</name>
      </input_file>
      <input_file id="fl-10">
         <path>.\F2802x_Component\source\</path>
         <kind>object</kind>
         <file>pll.obj</file>
         <name>pll.obj</name>
      </input_file>
      <input_file id="fl-11">
         <path>.\F2802x_Component\source\</path>
         <kind>object</kind>
         <file>pwm.obj</file>
         <name>pwm.obj</name>
      </input_file>
      <input_file id="fl-12">
         <path>.\F2802x_Component\source\</path>
         <kind>object</kind>
         <file>pwr.obj</file>
         <name>pwr.obj</name>
      </input_file>
      <input_file id="fl-13">
         <path>.\F2802x_Component\source\</path>
         <kind>object</kind>
         <file>sci.obj</file>
         <name>sci.obj</name>
      </input_file>
      <input_file id="fl-14">
         <path>.\F2802x_Component\source\</path>
         <kind>object</kind>
         <file>sci_io.obj</file>
         <name>sci_io.obj</name>
      </input_file>
      <input_file id="fl-15">
         <path>.\F2802x_Component\source\</path>
         <kind>object</kind>
         <file>spi.obj</file>
         <name>spi.obj</name>
      </input_file>
      <input_file id="fl-16">
         <path>.\F2802x_Component\source\</path>
         <kind>object</kind>
         <file>timer.obj</file>
         <name>timer.obj</name>
      </input_file>
      <input_file id="fl-17">
         <path>.\F2802x_Component\source\</path>
         <kind>object</kind>
         <file>wdog.obj</file>
         <name>wdog.obj</name>
      </input_file>
      <input_file id="fl-18">
         <path>.\User_Component\Delay\</path>
         <kind>object</kind>
         <file>Delay.obj</file>
         <name>Delay.obj</name>
      </input_file>
      <input_file id="fl-19">
         <path>.\User_Component\Example\</path>
         <kind>object</kind>
         <file>example.obj</file>
         <name>example.obj</name>
      </input_file>
      <input_file id="fl-1a">
         <path>.\User_Component\LED_Gpio\</path>
         <kind>object</kind>
         <file>LED_Gpio.obj</file>
         <name>LED_Gpio.obj</name>
      </input_file>
      <input_file id="fl-1b">
         <path>.\User_Component\LED_Pwm\</path>
         <kind>object</kind>
         <file>LED_Pwm.obj</file>
         <name>LED_Pwm.obj</name>
      </input_file>
      <input_file id="fl-1c">
         <path>.\User_Component\User_CAP\</path>
         <kind>object</kind>
         <file>User_CAP.obj</file>
         <name>User_CAP.obj</name>
      </input_file>
      <input_file id="fl-1d">
         <path>.\User_Component\User_Pie\</path>
         <kind>object</kind>
         <file>User_Pie.obj</file>
         <name>User_Pie.obj</name>
      </input_file>
      <input_file id="fl-1e">
         <path>.\User_Component\User_System\</path>
         <kind>object</kind>
         <file>User_System.obj</file>
         <name>User_System.obj</name>
      </input_file>
      <input_file id="fl-1f">
         <path>.\User_Component\key_GPIO\</path>
         <kind>object</kind>
         <file>key_Gpio.obj</file>
         <name>key_Gpio.obj</name>
      </input_file>
      <input_file id="fl-20">
         <path>.\User_Component\myTimer\</path>
         <kind>object</kind>
         <file>myTimer.obj</file>
         <name>myTimer.obj</name>
      </input_file>
      <input_file id="fl-28">
         <kind>object</kind>
         <file>&lt;internal&gt;</file>
         <name>&lt;internal&gt;</name>
      </input_file>
      <input_file id="fl-34">
         <path>E:\ti\ccs930\ccs\tools\compiler\ti-cgt-c2000_18.12.4.LTS\lib\</path>
         <kind>archive</kind>
         <file>rts2800_ml.lib</file>
         <name>boot28.asm.obj</name>
      </input_file>
      <input_file id="fl-35">
         <path>E:\ti\ccs930\ccs\tools\compiler\ti-cgt-c2000_18.12.4.LTS\lib\</path>
         <kind>archive</kind>
         <file>rts2800_ml.lib</file>
         <name>cpy_tbl.c.obj</name>
      </input_file>
      <input_file id="fl-36">
         <path>E:\ti\ccs930\ccs\tools\compiler\ti-cgt-c2000_18.12.4.LTS\lib\</path>
         <kind>archive</kind>
         <file>rts2800_ml.lib</file>
         <name>memcpy.c.obj</name>
      </input_file>
      <input_file id="fl-37">
         <path>E:\ti\ccs930\ccs\tools\compiler\ti-cgt-c2000_18.12.4.LTS\lib\</path>
         <kind>archive</kind>
         <file>rts2800_ml.lib</file>
         <name>pre_init.c.obj</name>
      </input_file>
      <input_file id="fl-38">
         <path>E:\ti\ccs930\ccs\tools\compiler\ti-cgt-c2000_18.12.4.LTS\lib\</path>
         <kind>archive</kind>
         <file>rts2800_ml.lib</file>
         <name>startup.c.obj</name>
      </input_file>
      <input_file id="fl-39">
         <path>E:\ti\ccs930\ccs\tools\compiler\ti-cgt-c2000_18.12.4.LTS\lib\</path>
         <kind>archive</kind>
         <file>rts2800_ml.lib</file>
         <name>exit.c.obj</name>
      </input_file>
      <input_file id="fl-3a">
         <path>E:\ti\ccs930\ccs\tools\compiler\ti-cgt-c2000_18.12.4.LTS\lib\</path>
         <kind>archive</kind>
         <file>rts2800_ml.lib</file>
         <name>_lock.c.obj</name>
      </input_file>
      <input_file id="fl-3b">
         <path>E:\ti\ccs930\ccs\tools\compiler\ti-cgt-c2000_18.12.4.LTS\lib\</path>
         <kind>archive</kind>
         <file>rts2800_ml.lib</file>
         <name>args_main.c.obj</name>
      </input_file>
   </input_file_list>
   <object_component_list>
      <object_component id="oc-d0">
         <name>.cinit</name>
         <load_address>0x3f72e8</load_address>
         <run_address>0x3f72e8</run_address>
         <size>0xe</size>
         <input_file_ref idref="fl-39"/>
      </object_component>
      <object_component id="oc-e9">
         <name>.cinit:__lock</name>
         <load_address>0x3f72f6</load_address>
         <run_address>0x3f72f6</run_address>
         <size>0x5</size>
         <input_file_ref idref="fl-3a"/>
      </object_component>
      <object_component id="oc-f0">
         <name>.cinit:__unlock</name>
         <load_address>0x3f72fb</load_address>
         <run_address>0x3f72fb</run_address>
         <size>0x5</size>
         <input_file_ref idref="fl-3a"/>
      </object_component>
      <object_component id="oc-76">
         <name>.cinit</name>
         <load_address>0x3f7300</load_address>
         <run_address>0x3f7300</run_address>
         <size>0x4</size>
         <input_file_ref idref="fl-14"/>
      </object_component>
      <object_component id="oc-f7">
         <name>.text</name>
         <load_address>0x3f6000</load_address>
         <run_address>0x3f6000</run_address>
         <size>0x645</size>
         <input_file_ref idref="fl-11"/>
      </object_component>
      <object_component id="oc-f3">
         <name>.text</name>
         <load_address>0x3f6645</load_address>
         <run_address>0x3f6645</run_address>
         <size>0x251</size>
         <input_file_ref idref="fl-9"/>
      </object_component>
      <object_component id="oc-f6">
         <name>.text</name>
         <load_address>0x3f6896</load_address>
         <run_address>0x3f6896</run_address>
         <size>0x1f5</size>
         <input_file_ref idref="fl-d"/>
      </object_component>
      <object_component id="oc-f5">
         <name>.text</name>
         <load_address>0x3f6a8b</load_address>
         <run_address>0x3f6a8b</run_address>
         <size>0x1d9</size>
         <input_file_ref idref="fl-f"/>
      </object_component>
      <object_component id="oc-f8">
         <name>.text</name>
         <load_address>0x3f6c64</load_address>
         <run_address>0x3f6c64</run_address>
         <size>0xed</size>
         <input_file_ref idref="fl-8"/>
      </object_component>
      <object_component id="oc-f4">
         <name>.text</name>
         <load_address>0x3f6d51</load_address>
         <run_address>0x3f6d51</run_address>
         <size>0xdd</size>
         <input_file_ref idref="fl-10"/>
      </object_component>
      <object_component id="oc-fa">
         <name>.text</name>
         <load_address>0x3f6e2e</load_address>
         <run_address>0x3f6e2e</run_address>
         <size>0x95</size>
         <input_file_ref idref="fl-16"/>
      </object_component>
      <object_component id="oc-f2">
         <name>.text</name>
         <load_address>0x3f6ec3</load_address>
         <run_address>0x3f6ec3</run_address>
         <size>0x8b</size>
         <input_file_ref idref="fl-17"/>
      </object_component>
      <object_component id="oc-22">
         <name>.text:retain</name>
         <load_address>0x3f6f4e</load_address>
         <run_address>0x3f6f4e</run_address>
         <size>0x7c</size>
         <input_file_ref idref="fl-4"/>
      </object_component>
      <object_component id="oc-ec">
         <name>.text</name>
         <load_address>0x3f6fca</load_address>
         <run_address>0x3f6fca</run_address>
         <size>0x6b</size>
         <input_file_ref idref="fl-1b"/>
      </object_component>
      <object_component id="oc-ed">
         <name>.text</name>
         <load_address>0x3f7035</load_address>
         <run_address>0x3f7035</run_address>
         <size>0x69</size>
         <input_file_ref idref="fl-1c"/>
      </object_component>
      <object_component id="oc-15">
         <name>.text</name>
         <load_address>0x3f709e</load_address>
         <run_address>0x3f709e</run_address>
         <size>0x54</size>
         <input_file_ref idref="fl-34"/>
      </object_component>
      <object_component id="oc-eb">
         <name>.text</name>
         <load_address>0x3f70f2</load_address>
         <run_address>0x3f70f2</run_address>
         <size>0x53</size>
         <input_file_ref idref="fl-1e"/>
      </object_component>
      <object_component id="oc-ea">
         <name>.text</name>
         <load_address>0x3f7145</load_address>
         <run_address>0x3f7145</run_address>
         <size>0x4c</size>
         <input_file_ref idref="fl-b"/>
      </object_component>
      <object_component id="oc-f1">
         <name>.text</name>
         <load_address>0x3f7191</load_address>
         <run_address>0x3f7191</run_address>
         <size>0x4a</size>
         <input_file_ref idref="fl-5"/>
      </object_component>
      <object_component id="oc-e7">
         <name>.text</name>
         <load_address>0x3f71db</load_address>
         <run_address>0x3f71db</run_address>
         <size>0x29</size>
         <input_file_ref idref="fl-2"/>
      </object_component>
      <object_component id="oc-e4">
         <name>.text</name>
         <load_address>0x3f7204</load_address>
         <run_address>0x3f7204</run_address>
         <size>0x29</size>
         <input_file_ref idref="fl-39"/>
      </object_component>
      <object_component id="oc-e5">
         <name>.text</name>
         <load_address>0x3f722d</load_address>
         <run_address>0x3f722d</run_address>
         <size>0x28</size>
         <input_file_ref idref="fl-4"/>
      </object_component>
      <object_component id="oc-e1">
         <name>.text</name>
         <load_address>0x3f7255</load_address>
         <run_address>0x3f7255</run_address>
         <size>0x24</size>
         <input_file_ref idref="fl-35"/>
      </object_component>
      <object_component id="oc-ee">
         <name>.text</name>
         <load_address>0x3f7279</load_address>
         <run_address>0x3f7279</run_address>
         <size>0x20</size>
         <input_file_ref idref="fl-1d"/>
      </object_component>
      <object_component id="oc-e6">
         <name>.text</name>
         <load_address>0x3f7299</load_address>
         <run_address>0x3f7299</run_address>
         <size>0x1d</size>
         <input_file_ref idref="fl-36"/>
      </object_component>
      <object_component id="oc-e3">
         <name>.text</name>
         <load_address>0x3f72b6</load_address>
         <run_address>0x3f72b6</run_address>
         <size>0x19</size>
         <input_file_ref idref="fl-3b"/>
      </object_component>
      <object_component id="oc-ef">
         <name>.text</name>
         <load_address>0x3f72cf</load_address>
         <run_address>0x3f72cf</run_address>
         <size>0x9</size>
         <input_file_ref idref="fl-3a"/>
      </object_component>
      <object_component id="oc-2c">
         <name>.text</name>
         <load_address>0x3f72d8</load_address>
         <run_address>0x3f72d8</run_address>
         <size>0x8</size>
         <input_file_ref idref="fl-6"/>
      </object_component>
      <object_component id="oc-5c">
         <name>.text:retain</name>
         <load_address>0x3f72e0</load_address>
         <run_address>0x3f72e0</run_address>
         <size>0x5</size>
         <input_file_ref idref="fl-f"/>
      </object_component>
      <object_component id="oc-e0">
         <name>.text</name>
         <load_address>0x3f72e5</load_address>
         <run_address>0x3f72e5</run_address>
         <size>0x2</size>
         <input_file_ref idref="fl-37"/>
      </object_component>
      <object_component id="oc-e2">
         <name>.text</name>
         <load_address>0x3f72e7</load_address>
         <run_address>0x3f72e7</run_address>
         <size>0x1</size>
         <input_file_ref idref="fl-38"/>
      </object_component>
      <object_component id="oc-2d">
         <name>codestart</name>
         <load_address>0x3f7ff6</load_address>
         <run_address>0x3f7ff6</run_address>
         <size>0x2</size>
         <input_file_ref idref="fl-6"/>
      </object_component>
      <object_component id="oc-b5">
         <name>.stack</name>
         <uninitialized>true</uninitialized>
         <run_address>0x50</run_address>
         <size>0x0</size>
         <input_file_ref idref="fl-34"/>
      </object_component>
      <object_component id="oc-119">
         <name>.stack</name>
         <uninitialized>true</uninitialized>
         <run_address>0x50</run_address>
         <size>0x0</size>
      </object_component>
      <object_component id="oc-17">
         <name>.ebss</name>
         <uninitialized>true</uninitialized>
         <run_address>0x8800</run_address>
         <size>0x2c</size>
         <input_file_ref idref="fl-2"/>
      </object_component>
      <object_component id="oc-47">
         <name>.ebss</name>
         <uninitialized>true</uninitialized>
         <run_address>0x883a</run_address>
         <size>0x1</size>
         <input_file_ref idref="fl-b"/>
      </object_component>
      <object_component id="oc-77">
         <name>.ebss</name>
         <uninitialized>true</uninitialized>
         <run_address>0x8832</run_address>
         <size>0x4</size>
         <input_file_ref idref="fl-14"/>
      </object_component>
      <object_component id="oc-d1">
         <name>.ebss</name>
         <uninitialized>true</uninitialized>
         <run_address>0x882c</run_address>
         <size>0x6</size>
         <input_file_ref idref="fl-39"/>
      </object_component>
      <object_component id="oc-e8">
         <name>.ebss:__lock</name>
         <uninitialized>true</uninitialized>
         <run_address>0x8836</run_address>
         <size>0x2</size>
         <input_file_ref idref="fl-3a"/>
      </object_component>
      <object_component id="oc-f9">
         <name>.ebss:__unlock</name>
         <uninitialized>true</uninitialized>
         <run_address>0x8838</run_address>
         <size>0x2</size>
         <input_file_ref idref="fl-3a"/>
      </object_component>
      <object_component id="oc-b6">
         <name>.reset</name>
         <load_address>0x3fffc0</load_address>
         <run_address>0x3fffc0</run_address>
         <size>0x2</size>
         <input_file_ref idref="fl-34"/>
      </object_component>
      <object_component id="oc-16">
         <name>.debug_info</name>
         <load_address>0x0</load_address>
         <run_address>0x0</run_address>
         <size>0x24f5</size>
         <input_file_ref idref="fl-2"/>
      </object_component>
      <object_component id="oc-1c">
         <name>.debug_info</name>
         <load_address>0x24f5</load_address>
         <run_address>0x24f5</run_address>
         <size>0xb74</size>
         <input_file_ref idref="fl-3"/>
      </object_component>
      <object_component id="oc-21">
         <name>.debug_info</name>
         <load_address>0x3069</load_address>
         <run_address>0x3069</run_address>
         <size>0x1ca9</size>
         <input_file_ref idref="fl-4"/>
      </object_component>
      <object_component id="oc-27">
         <name>.debug_info</name>
         <load_address>0x4d12</load_address>
         <run_address>0x4d12</run_address>
         <size>0x1c17</size>
         <input_file_ref idref="fl-5"/>
      </object_component>
      <object_component id="oc-2f">
         <name>.debug_info</name>
         <load_address>0x6929</load_address>
         <run_address>0x6929</run_address>
         <size>0x159</size>
         <input_file_ref idref="fl-6"/>
      </object_component>
      <object_component id="oc-32">
         <name>.debug_info</name>
         <load_address>0x6a82</load_address>
         <run_address>0x6a82</run_address>
         <size>0x1b84</size>
         <input_file_ref idref="fl-7"/>
      </object_component>
      <object_component id="oc-37">
         <name>.debug_info</name>
         <load_address>0x8606</load_address>
         <run_address>0x8606</run_address>
         <size>0x1699</size>
         <input_file_ref idref="fl-8"/>
      </object_component>
      <object_component id="oc-3c">
         <name>.debug_info</name>
         <load_address>0x9c9f</load_address>
         <run_address>0x9c9f</run_address>
         <size>0x30cd</size>
         <input_file_ref idref="fl-9"/>
      </object_component>
      <object_component id="oc-41">
         <name>.debug_info</name>
         <load_address>0xcd6c</load_address>
         <run_address>0xcd6c</run_address>
         <size>0x540</size>
         <input_file_ref idref="fl-a"/>
      </object_component>
      <object_component id="oc-46">
         <name>.debug_info</name>
         <load_address>0xd2ac</load_address>
         <run_address>0xd2ac</run_address>
         <size>0xd76</size>
         <input_file_ref idref="fl-b"/>
      </object_component>
      <object_component id="oc-4c">
         <name>.debug_info</name>
         <load_address>0xe022</load_address>
         <run_address>0xe022</run_address>
         <size>0xb59</size>
         <input_file_ref idref="fl-c"/>
      </object_component>
      <object_component id="oc-51">
         <name>.debug_info</name>
         <load_address>0xeb7b</load_address>
         <run_address>0xeb7b</run_address>
         <size>0x252e</size>
         <input_file_ref idref="fl-d"/>
      </object_component>
      <object_component id="oc-56">
         <name>.debug_info</name>
         <load_address>0x110a9</load_address>
         <run_address>0x110a9</run_address>
         <size>0x429</size>
         <input_file_ref idref="fl-e"/>
      </object_component>
      <object_component id="oc-5b">
         <name>.debug_info</name>
         <load_address>0x114d2</load_address>
         <run_address>0x114d2</run_address>
         <size>0x3a61</size>
         <input_file_ref idref="fl-f"/>
      </object_component>
      <object_component id="oc-61">
         <name>.debug_info</name>
         <load_address>0x14f33</load_address>
         <run_address>0x14f33</run_address>
         <size>0x1641</size>
         <input_file_ref idref="fl-10"/>
      </object_component>
      <object_component id="oc-66">
         <name>.debug_info</name>
         <load_address>0x16574</load_address>
         <run_address>0x16574</run_address>
         <size>0x9038</size>
         <input_file_ref idref="fl-11"/>
      </object_component>
      <object_component id="oc-6b">
         <name>.debug_info</name>
         <load_address>0x1f5ac</load_address>
         <run_address>0x1f5ac</run_address>
         <size>0xabb</size>
         <input_file_ref idref="fl-12"/>
      </object_component>
      <object_component id="oc-70">
         <name>.debug_info</name>
         <load_address>0x20067</load_address>
         <run_address>0x20067</run_address>
         <size>0x903</size>
         <input_file_ref idref="fl-13"/>
      </object_component>
      <object_component id="oc-75">
         <name>.debug_info</name>
         <load_address>0x2096a</load_address>
         <run_address>0x2096a</run_address>
         <size>0x5b7</size>
         <input_file_ref idref="fl-14"/>
      </object_component>
      <object_component id="oc-7c">
         <name>.debug_info</name>
         <load_address>0x20f21</load_address>
         <run_address>0x20f21</run_address>
         <size>0xa55</size>
         <input_file_ref idref="fl-15"/>
      </object_component>
      <object_component id="oc-81">
         <name>.debug_info</name>
         <load_address>0x21976</load_address>
         <run_address>0x21976</run_address>
         <size>0xfd7</size>
         <input_file_ref idref="fl-16"/>
      </object_component>
      <object_component id="oc-86">
         <name>.debug_info</name>
         <load_address>0x2294d</load_address>
         <run_address>0x2294d</run_address>
         <size>0xf49</size>
         <input_file_ref idref="fl-17"/>
      </object_component>
      <object_component id="oc-8b">
         <name>.debug_info</name>
         <load_address>0x23896</load_address>
         <run_address>0x23896</run_address>
         <size>0x2e1</size>
         <input_file_ref idref="fl-18"/>
      </object_component>
      <object_component id="oc-90">
         <name>.debug_info</name>
         <load_address>0x23b77</load_address>
         <run_address>0x23b77</run_address>
         <size>0x187</size>
         <input_file_ref idref="fl-19"/>
      </object_component>
      <object_component id="oc-92">
         <name>.debug_info</name>
         <load_address>0x23cfe</load_address>
         <run_address>0x23cfe</run_address>
         <size>0x14de</size>
         <input_file_ref idref="fl-1a"/>
      </object_component>
      <object_component id="oc-97">
         <name>.debug_info</name>
         <load_address>0x251dc</load_address>
         <run_address>0x251dc</run_address>
         <size>0x24e0</size>
         <input_file_ref idref="fl-1b"/>
      </object_component>
      <object_component id="oc-9c">
         <name>.debug_info</name>
         <load_address>0x276bc</load_address>
         <run_address>0x276bc</run_address>
         <size>0x1ca7</size>
         <input_file_ref idref="fl-1c"/>
      </object_component>
      <object_component id="oc-a1">
         <name>.debug_info</name>
         <load_address>0x29363</load_address>
         <run_address>0x29363</run_address>
         <size>0x1f64</size>
         <input_file_ref idref="fl-1d"/>
      </object_component>
      <object_component id="oc-a6">
         <name>.debug_info</name>
         <load_address>0x2b2c7</load_address>
         <run_address>0x2b2c7</run_address>
         <size>0x1c9a</size>
         <input_file_ref idref="fl-1e"/>
      </object_component>
      <object_component id="oc-ab">
         <name>.debug_info</name>
         <load_address>0x2cf61</load_address>
         <run_address>0x2cf61</run_address>
         <size>0x2602</size>
         <input_file_ref idref="fl-1f"/>
      </object_component>
      <object_component id="oc-b0">
         <name>.debug_info</name>
         <load_address>0x2f563</load_address>
         <run_address>0x2f563</run_address>
         <size>0x4a3</size>
         <input_file_ref idref="fl-20"/>
      </object_component>
      <object_component id="oc-b7">
         <name>.debug_info</name>
         <load_address>0x2fa06</load_address>
         <run_address>0x2fa06</run_address>
         <size>0x172</size>
         <input_file_ref idref="fl-34"/>
      </object_component>
      <object_component id="oc-bb">
         <name>.debug_info</name>
         <load_address>0x2fb78</load_address>
         <run_address>0x2fb78</run_address>
         <size>0x4f9</size>
         <input_file_ref idref="fl-35"/>
      </object_component>
      <object_component id="oc-c0">
         <name>.debug_info</name>
         <load_address>0x30071</load_address>
         <run_address>0x30071</run_address>
         <size>0x3d2</size>
         <input_file_ref idref="fl-36"/>
      </object_component>
      <object_component id="oc-c5">
         <name>.debug_info</name>
         <load_address>0x30443</load_address>
         <run_address>0x30443</run_address>
         <size>0x345</size>
         <input_file_ref idref="fl-37"/>
      </object_component>
      <object_component id="oc-ca">
         <name>.debug_info</name>
         <load_address>0x30788</load_address>
         <run_address>0x30788</run_address>
         <size>0x342</size>
         <input_file_ref idref="fl-38"/>
      </object_component>
      <object_component id="oc-cf">
         <name>.debug_info</name>
         <load_address>0x30aca</load_address>
         <run_address>0x30aca</run_address>
         <size>0x4dc</size>
         <input_file_ref idref="fl-39"/>
      </object_component>
      <object_component id="oc-d6">
         <name>.debug_info</name>
         <load_address>0x30fa6</load_address>
         <run_address>0x30fa6</run_address>
         <size>0x464</size>
         <input_file_ref idref="fl-3a"/>
      </object_component>
      <object_component id="oc-db">
         <name>.debug_info</name>
         <load_address>0x3140a</load_address>
         <run_address>0x3140a</run_address>
         <size>0x3ff</size>
         <input_file_ref idref="fl-3b"/>
      </object_component>
      <object_component id="oc-11b">
         <name>.debug_info</name>
         <load_address>0x31809</load_address>
         <run_address>0x31809</run_address>
         <size>0x99</size>
      </object_component>
      <object_component id="oc-18">
         <name>.debug_frame</name>
         <load_address>0x0</load_address>
         <run_address>0x0</run_address>
         <size>0x50</size>
         <input_file_ref idref="fl-2"/>
      </object_component>
      <object_component id="oc-1d">
         <name>.debug_frame</name>
         <load_address>0x50</load_address>
         <run_address>0x50</run_address>
         <size>0x20</size>
         <input_file_ref idref="fl-3"/>
      </object_component>
      <object_component id="oc-23">
         <name>.debug_frame</name>
         <load_address>0x70</load_address>
         <run_address>0x70</run_address>
         <size>0x18c</size>
         <input_file_ref idref="fl-4"/>
      </object_component>
      <object_component id="oc-28">
         <name>.debug_frame</name>
         <load_address>0x1fc</load_address>
         <run_address>0x1fc</run_address>
         <size>0x38</size>
         <input_file_ref idref="fl-5"/>
      </object_component>
      <object_component id="oc-33">
         <name>.debug_frame</name>
         <load_address>0x234</load_address>
         <run_address>0x234</run_address>
         <size>0x20</size>
         <input_file_ref idref="fl-7"/>
      </object_component>
      <object_component id="oc-38">
         <name>.debug_frame</name>
         <load_address>0x254</load_address>
         <run_address>0x254</run_address>
         <size>0x1fc</size>
         <input_file_ref idref="fl-8"/>
      </object_component>
      <object_component id="oc-3d">
         <name>.debug_frame</name>
         <load_address>0x450</load_address>
         <run_address>0x450</run_address>
         <size>0x4f0</size>
         <input_file_ref idref="fl-9"/>
      </object_component>
      <object_component id="oc-42">
         <name>.debug_frame</name>
         <load_address>0x940</load_address>
         <run_address>0x940</run_address>
         <size>0x20</size>
         <input_file_ref idref="fl-a"/>
      </object_component>
      <object_component id="oc-48">
         <name>.debug_frame</name>
         <load_address>0x960</load_address>
         <run_address>0x960</run_address>
         <size>0x154</size>
         <input_file_ref idref="fl-b"/>
      </object_component>
      <object_component id="oc-4d">
         <name>.debug_frame</name>
         <load_address>0xab4</load_address>
         <run_address>0xab4</run_address>
         <size>0x20</size>
         <input_file_ref idref="fl-c"/>
      </object_component>
      <object_component id="oc-52">
         <name>.debug_frame</name>
         <load_address>0xad4</load_address>
         <run_address>0xad4</run_address>
         <size>0x1a8</size>
         <input_file_ref idref="fl-d"/>
      </object_component>
      <object_component id="oc-57">
         <name>.debug_frame</name>
         <load_address>0xc7c</load_address>
         <run_address>0xc7c</run_address>
         <size>0x20</size>
         <input_file_ref idref="fl-e"/>
      </object_component>
      <object_component id="oc-5d">
         <name>.debug_frame</name>
         <load_address>0xc9c</load_address>
         <run_address>0xc9c</run_address>
         <size>0x310</size>
         <input_file_ref idref="fl-f"/>
      </object_component>
      <object_component id="oc-62">
         <name>.debug_frame</name>
         <load_address>0xfac</load_address>
         <run_address>0xfac</run_address>
         <size>0x218</size>
         <input_file_ref idref="fl-10"/>
      </object_component>
      <object_component id="oc-67">
         <name>.debug_frame</name>
         <load_address>0x11c4</load_address>
         <run_address>0x11c4</run_address>
         <size>0xb9c</size>
         <input_file_ref idref="fl-11"/>
      </object_component>
      <object_component id="oc-6c">
         <name>.debug_frame</name>
         <load_address>0x1d60</load_address>
         <run_address>0x1d60</run_address>
         <size>0x20</size>
         <input_file_ref idref="fl-12"/>
      </object_component>
      <object_component id="oc-71">
         <name>.debug_frame</name>
         <load_address>0x1d80</load_address>
         <run_address>0x1d80</run_address>
         <size>0x20</size>
         <input_file_ref idref="fl-13"/>
      </object_component>
      <object_component id="oc-78">
         <name>.debug_frame</name>
         <load_address>0x1da0</load_address>
         <run_address>0x1da0</run_address>
         <size>0x20</size>
         <input_file_ref idref="fl-14"/>
      </object_component>
      <object_component id="oc-7d">
         <name>.debug_frame</name>
         <load_address>0x1dc0</load_address>
         <run_address>0x1dc0</run_address>
         <size>0x20</size>
         <input_file_ref idref="fl-15"/>
      </object_component>
      <object_component id="oc-82">
         <name>.debug_frame</name>
         <load_address>0x1de0</load_address>
         <run_address>0x1de0</run_address>
         <size>0x170</size>
         <input_file_ref idref="fl-16"/>
      </object_component>
      <object_component id="oc-87">
         <name>.debug_frame</name>
         <load_address>0x1f50</load_address>
         <run_address>0x1f50</run_address>
         <size>0x154</size>
         <input_file_ref idref="fl-17"/>
      </object_component>
      <object_component id="oc-8c">
         <name>.debug_frame</name>
         <load_address>0x20a4</load_address>
         <run_address>0x20a4</run_address>
         <size>0x20</size>
         <input_file_ref idref="fl-18"/>
      </object_component>
      <object_component id="oc-93">
         <name>.debug_frame</name>
         <load_address>0x20c4</load_address>
         <run_address>0x20c4</run_address>
         <size>0x20</size>
         <input_file_ref idref="fl-1a"/>
      </object_component>
      <object_component id="oc-98">
         <name>.debug_frame</name>
         <load_address>0x20e4</load_address>
         <run_address>0x20e4</run_address>
         <size>0x9c</size>
         <input_file_ref idref="fl-1b"/>
      </object_component>
      <object_component id="oc-9d">
         <name>.debug_frame</name>
         <load_address>0x2180</load_address>
         <run_address>0x2180</run_address>
         <size>0x80</size>
         <input_file_ref idref="fl-1c"/>
      </object_component>
      <object_component id="oc-a2">
         <name>.debug_frame</name>
         <load_address>0x2200</load_address>
         <run_address>0x2200</run_address>
         <size>0x80</size>
         <input_file_ref idref="fl-1d"/>
      </object_component>
      <object_component id="oc-a7">
         <name>.debug_frame</name>
         <load_address>0x2280</load_address>
         <run_address>0x2280</run_address>
         <size>0x80</size>
         <input_file_ref idref="fl-1e"/>
      </object_component>
      <object_component id="oc-ac">
         <name>.debug_frame</name>
         <load_address>0x2300</load_address>
         <run_address>0x2300</run_address>
         <size>0x20</size>
         <input_file_ref idref="fl-1f"/>
      </object_component>
      <object_component id="oc-b1">
         <name>.debug_frame</name>
         <load_address>0x2320</load_address>
         <run_address>0x2320</run_address>
         <size>0x20</size>
         <input_file_ref idref="fl-20"/>
      </object_component>
      <object_component id="oc-bc">
         <name>.debug_frame</name>
         <load_address>0x2340</load_address>
         <run_address>0x2340</run_address>
         <size>0x58</size>
         <input_file_ref idref="fl-35"/>
      </object_component>
      <object_component id="oc-c1">
         <name>.debug_frame</name>
         <load_address>0x2398</load_address>
         <run_address>0x2398</run_address>
         <size>0x38</size>
         <input_file_ref idref="fl-36"/>
      </object_component>
      <object_component id="oc-c6">
         <name>.debug_frame</name>
         <load_address>0x23d0</load_address>
         <run_address>0x23d0</run_address>
         <size>0x38</size>
         <input_file_ref idref="fl-37"/>
      </object_component>
      <object_component id="oc-cb">
         <name>.debug_frame</name>
         <load_address>0x2408</load_address>
         <run_address>0x2408</run_address>
         <size>0x38</size>
         <input_file_ref idref="fl-38"/>
      </object_component>
      <object_component id="oc-d2">
         <name>.debug_frame</name>
         <load_address>0x2440</load_address>
         <run_address>0x2440</run_address>
         <size>0x58</size>
         <input_file_ref idref="fl-39"/>
      </object_component>
      <object_component id="oc-d7">
         <name>.debug_frame</name>
         <load_address>0x2498</load_address>
         <run_address>0x2498</run_address>
         <size>0x68</size>
         <input_file_ref idref="fl-3a"/>
      </object_component>
      <object_component id="oc-dc">
         <name>.debug_frame</name>
         <load_address>0x2500</load_address>
         <run_address>0x2500</run_address>
         <size>0x38</size>
         <input_file_ref idref="fl-3b"/>
      </object_component>
      <object_component id="oc-19">
         <name>.debug_line</name>
         <load_address>0x0</load_address>
         <run_address>0x0</run_address>
         <size>0xb6</size>
         <input_file_ref idref="fl-2"/>
      </object_component>
      <object_component id="oc-1e">
         <name>.debug_line</name>
         <load_address>0xb6</load_address>
         <run_address>0xb6</run_address>
         <size>0xbf</size>
         <input_file_ref idref="fl-3"/>
      </object_component>
      <object_component id="oc-24">
         <name>.debug_line</name>
         <load_address>0x175</load_address>
         <run_address>0x175</run_address>
         <size>0x18d</size>
         <input_file_ref idref="fl-4"/>
      </object_component>
      <object_component id="oc-29">
         <name>.debug_line</name>
         <load_address>0x302</load_address>
         <run_address>0x302</run_address>
         <size>0x66</size>
         <input_file_ref idref="fl-5"/>
      </object_component>
      <object_component id="oc-2e">
         <name>.debug_line</name>
         <load_address>0x368</load_address>
         <run_address>0x368</run_address>
         <size>0x77</size>
         <input_file_ref idref="fl-6"/>
      </object_component>
      <object_component id="oc-34">
         <name>.debug_line</name>
         <load_address>0x3df</load_address>
         <run_address>0x3df</run_address>
         <size>0x41</size>
         <input_file_ref idref="fl-7"/>
      </object_component>
      <object_component id="oc-39">
         <name>.debug_line</name>
         <load_address>0x420</load_address>
         <run_address>0x420</run_address>
         <size>0x22e</size>
         <input_file_ref idref="fl-8"/>
      </object_component>
      <object_component id="oc-3e">
         <name>.debug_line</name>
         <load_address>0x64e</load_address>
         <run_address>0x64e</run_address>
         <size>0x5a4</size>
         <input_file_ref idref="fl-9"/>
      </object_component>
      <object_component id="oc-43">
         <name>.debug_line</name>
         <load_address>0xbf2</load_address>
         <run_address>0xbf2</run_address>
         <size>0x42</size>
         <input_file_ref idref="fl-a"/>
      </object_component>
      <object_component id="oc-49">
         <name>.debug_line</name>
         <load_address>0xc34</load_address>
         <run_address>0xc34</run_address>
         <size>0x15a</size>
         <input_file_ref idref="fl-b"/>
      </object_component>
      <object_component id="oc-4e">
         <name>.debug_line</name>
         <load_address>0xd8e</load_address>
         <run_address>0xd8e</run_address>
         <size>0x43</size>
         <input_file_ref idref="fl-c"/>
      </object_component>
      <object_component id="oc-53">
         <name>.debug_line</name>
         <load_address>0xdd1</load_address>
         <run_address>0xdd1</run_address>
         <size>0x2b8</size>
         <input_file_ref idref="fl-d"/>
      </object_component>
      <object_component id="oc-58">
         <name>.debug_line</name>
         <load_address>0x1089</load_address>
         <run_address>0x1089</run_address>
         <size>0x82</size>
         <input_file_ref idref="fl-e"/>
      </object_component>
      <object_component id="oc-5e">
         <name>.debug_line</name>
         <load_address>0x110b</load_address>
         <run_address>0x110b</run_address>
         <size>0x3b3</size>
         <input_file_ref idref="fl-f"/>
      </object_component>
      <object_component id="oc-63">
         <name>.debug_line</name>
         <load_address>0x14be</load_address>
         <run_address>0x14be</run_address>
         <size>0x271</size>
         <input_file_ref idref="fl-10"/>
      </object_component>
      <object_component id="oc-68">
         <name>.debug_line</name>
         <load_address>0x172f</load_address>
         <run_address>0x172f</run_address>
         <size>0xca5</size>
         <input_file_ref idref="fl-11"/>
      </object_component>
      <object_component id="oc-6d">
         <name>.debug_line</name>
         <load_address>0x23d4</load_address>
         <run_address>0x23d4</run_address>
         <size>0x41</size>
         <input_file_ref idref="fl-12"/>
      </object_component>
      <object_component id="oc-72">
         <name>.debug_line</name>
         <load_address>0x2415</load_address>
         <run_address>0x2415</run_address>
         <size>0x82</size>
         <input_file_ref idref="fl-13"/>
      </object_component>
      <object_component id="oc-79">
         <name>.debug_line</name>
         <load_address>0x2497</load_address>
         <run_address>0x2497</run_address>
         <size>0x85</size>
         <input_file_ref idref="fl-14"/>
      </object_component>
      <object_component id="oc-7e">
         <name>.debug_line</name>
         <load_address>0x251c</load_address>
         <run_address>0x251c</run_address>
         <size>0x41</size>
         <input_file_ref idref="fl-15"/>
      </object_component>
      <object_component id="oc-83">
         <name>.debug_line</name>
         <load_address>0x255d</load_address>
         <run_address>0x255d</run_address>
         <size>0x19e</size>
         <input_file_ref idref="fl-16"/>
      </object_component>
      <object_component id="oc-88">
         <name>.debug_line</name>
         <load_address>0x26fb</load_address>
         <run_address>0x26fb</run_address>
         <size>0x19a</size>
         <input_file_ref idref="fl-17"/>
      </object_component>
      <object_component id="oc-8d">
         <name>.debug_line</name>
         <load_address>0x2895</load_address>
         <run_address>0x2895</run_address>
         <size>0x40</size>
         <input_file_ref idref="fl-18"/>
      </object_component>
      <object_component id="oc-94">
         <name>.debug_line</name>
         <load_address>0x28d5</load_address>
         <run_address>0x28d5</run_address>
         <size>0x8b</size>
         <input_file_ref idref="fl-1a"/>
      </object_component>
      <object_component id="oc-99">
         <name>.debug_line</name>
         <load_address>0x2960</load_address>
         <run_address>0x2960</run_address>
         <size>0x10f</size>
         <input_file_ref idref="fl-1b"/>
      </object_component>
      <object_component id="oc-9e">
         <name>.debug_line</name>
         <load_address>0x2a6f</load_address>
         <run_address>0x2a6f</run_address>
         <size>0xb5</size>
         <input_file_ref idref="fl-1c"/>
      </object_component>
      <object_component id="oc-a3">
         <name>.debug_line</name>
         <load_address>0x2b24</load_address>
         <run_address>0x2b24</run_address>
         <size>0x9f</size>
         <input_file_ref idref="fl-1d"/>
      </object_component>
      <object_component id="oc-a8">
         <name>.debug_line</name>
         <load_address>0x2bc3</load_address>
         <run_address>0x2bc3</run_address>
         <size>0xb2</size>
         <input_file_ref idref="fl-1e"/>
      </object_component>
      <object_component id="oc-ad">
         <name>.debug_line</name>
         <load_address>0x2c75</load_address>
         <run_address>0x2c75</run_address>
         <size>0x8b</size>
         <input_file_ref idref="fl-1f"/>
      </object_component>
      <object_component id="oc-b2">
         <name>.debug_line</name>
         <load_address>0x2d00</load_address>
         <run_address>0x2d00</run_address>
         <size>0x44</size>
         <input_file_ref idref="fl-20"/>
      </object_component>
      <object_component id="oc-b8">
         <name>.debug_line</name>
         <load_address>0x2d44</load_address>
         <run_address>0x2d44</run_address>
         <size>0x7d</size>
         <input_file_ref idref="fl-34"/>
      </object_component>
      <object_component id="oc-bd">
         <name>.debug_line</name>
         <load_address>0x2dc1</load_address>
         <run_address>0x2dc1</run_address>
         <size>0x50</size>
         <input_file_ref idref="fl-35"/>
      </object_component>
      <object_component id="oc-c2">
         <name>.debug_line</name>
         <load_address>0x2e11</load_address>
         <run_address>0x2e11</run_address>
         <size>0x62</size>
         <input_file_ref idref="fl-36"/>
      </object_component>
      <object_component id="oc-c7">
         <name>.debug_line</name>
         <load_address>0x2e73</load_address>
         <run_address>0x2e73</run_address>
         <size>0x3e</size>
         <input_file_ref idref="fl-37"/>
      </object_component>
      <object_component id="oc-cc">
         <name>.debug_line</name>
         <load_address>0x2eb1</load_address>
         <run_address>0x2eb1</run_address>
         <size>0x3a</size>
         <input_file_ref idref="fl-38"/>
      </object_component>
      <object_component id="oc-d3">
         <name>.debug_line</name>
         <load_address>0x2eeb</load_address>
         <run_address>0x2eeb</run_address>
         <size>0x65</size>
         <input_file_ref idref="fl-39"/>
      </object_component>
      <object_component id="oc-d8">
         <name>.debug_line</name>
         <load_address>0x2f50</load_address>
         <run_address>0x2f50</run_address>
         <size>0x5e</size>
         <input_file_ref idref="fl-3a"/>
      </object_component>
      <object_component id="oc-dd">
         <name>.debug_line</name>
         <load_address>0x2fae</load_address>
         <run_address>0x2fae</run_address>
         <size>0x55</size>
         <input_file_ref idref="fl-3b"/>
      </object_component>
      <object_component id="oc-1a">
         <name>.debug_abbrev</name>
         <load_address>0x0</load_address>
         <run_address>0x0</run_address>
         <size>0x15f</size>
         <input_file_ref idref="fl-2"/>
      </object_component>
      <object_component id="oc-1f">
         <name>.debug_abbrev</name>
         <load_address>0x15f</load_address>
         <run_address>0x15f</run_address>
         <size>0x18c</size>
         <input_file_ref idref="fl-3"/>
      </object_component>
      <object_component id="oc-25">
         <name>.debug_abbrev</name>
         <load_address>0x2eb</load_address>
         <run_address>0x2eb</run_address>
         <size>0x17e</size>
         <input_file_ref idref="fl-4"/>
      </object_component>
      <object_component id="oc-2a">
         <name>.debug_abbrev</name>
         <load_address>0x469</load_address>
         <run_address>0x469</run_address>
         <size>0x123</size>
         <input_file_ref idref="fl-5"/>
      </object_component>
      <object_component id="oc-30">
         <name>.debug_abbrev</name>
         <load_address>0x58c</load_address>
         <run_address>0x58c</run_address>
         <size>0x21</size>
         <input_file_ref idref="fl-6"/>
      </object_component>
      <object_component id="oc-35">
         <name>.debug_abbrev</name>
         <load_address>0x5ad</load_address>
         <run_address>0x5ad</run_address>
         <size>0x191</size>
         <input_file_ref idref="fl-7"/>
      </object_component>
      <object_component id="oc-3a">
         <name>.debug_abbrev</name>
         <load_address>0x73e</load_address>
         <run_address>0x73e</run_address>
         <size>0x114</size>
         <input_file_ref idref="fl-8"/>
      </object_component>
      <object_component id="oc-3f">
         <name>.debug_abbrev</name>
         <load_address>0x852</load_address>
         <run_address>0x852</run_address>
         <size>0x174</size>
         <input_file_ref idref="fl-9"/>
      </object_component>
      <object_component id="oc-44">
         <name>.debug_abbrev</name>
         <load_address>0x9c6</load_address>
         <run_address>0x9c6</run_address>
         <size>0xf7</size>
         <input_file_ref idref="fl-a"/>
      </object_component>
      <object_component id="oc-4a">
         <name>.debug_abbrev</name>
         <load_address>0xabd</load_address>
         <run_address>0xabd</run_address>
         <size>0x11b</size>
         <input_file_ref idref="fl-b"/>
      </object_component>
      <object_component id="oc-4f">
         <name>.debug_abbrev</name>
         <load_address>0xbd8</load_address>
         <run_address>0xbd8</run_address>
         <size>0x16e</size>
         <input_file_ref idref="fl-c"/>
      </object_component>
      <object_component id="oc-54">
         <name>.debug_abbrev</name>
         <load_address>0xd46</load_address>
         <run_address>0xd46</run_address>
         <size>0x16d</size>
         <input_file_ref idref="fl-d"/>
      </object_component>
      <object_component id="oc-59">
         <name>.debug_abbrev</name>
         <load_address>0xeb3</load_address>
         <run_address>0xeb3</run_address>
         <size>0x14d</size>
         <input_file_ref idref="fl-e"/>
      </object_component>
      <object_component id="oc-5f">
         <name>.debug_abbrev</name>
         <load_address>0x1000</load_address>
         <run_address>0x1000</run_address>
         <size>0x1b2</size>
         <input_file_ref idref="fl-f"/>
      </object_component>
      <object_component id="oc-64">
         <name>.debug_abbrev</name>
         <load_address>0x11b2</load_address>
         <run_address>0x11b2</run_address>
         <size>0x182</size>
         <input_file_ref idref="fl-10"/>
      </object_component>
      <object_component id="oc-69">
         <name>.debug_abbrev</name>
         <load_address>0x1334</load_address>
         <run_address>0x1334</run_address>
         <size>0x176</size>
         <input_file_ref idref="fl-11"/>
      </object_component>
      <object_component id="oc-6e">
         <name>.debug_abbrev</name>
         <load_address>0x14aa</load_address>
         <run_address>0x14aa</run_address>
         <size>0x11d</size>
         <input_file_ref idref="fl-12"/>
      </object_component>
      <object_component id="oc-73">
         <name>.debug_abbrev</name>
         <load_address>0x15c7</load_address>
         <run_address>0x15c7</run_address>
         <size>0x1a9</size>
         <input_file_ref idref="fl-13"/>
      </object_component>
      <object_component id="oc-7a">
         <name>.debug_abbrev</name>
         <load_address>0x1770</load_address>
         <run_address>0x1770</run_address>
         <size>0x152</size>
         <input_file_ref idref="fl-14"/>
      </object_component>
      <object_component id="oc-7f">
         <name>.debug_abbrev</name>
         <load_address>0x18c2</load_address>
         <run_address>0x18c2</run_address>
         <size>0x14d</size>
         <input_file_ref idref="fl-15"/>
      </object_component>
      <object_component id="oc-84">
         <name>.debug_abbrev</name>
         <load_address>0x1a0f</load_address>
         <run_address>0x1a0f</run_address>
         <size>0x112</size>
         <input_file_ref idref="fl-16"/>
      </object_component>
      <object_component id="oc-89">
         <name>.debug_abbrev</name>
         <load_address>0x1b21</load_address>
         <run_address>0x1b21</run_address>
         <size>0x11d</size>
         <input_file_ref idref="fl-17"/>
      </object_component>
      <object_component id="oc-8e">
         <name>.debug_abbrev</name>
         <load_address>0x1c3e</load_address>
         <run_address>0x1c3e</run_address>
         <size>0x9a</size>
         <input_file_ref idref="fl-18"/>
      </object_component>
      <object_component id="oc-91">
         <name>.debug_abbrev</name>
         <load_address>0x1cd8</load_address>
         <run_address>0x1cd8</run_address>
         <size>0x21</size>
         <input_file_ref idref="fl-19"/>
      </object_component>
      <object_component id="oc-95">
         <name>.debug_abbrev</name>
         <load_address>0x1cf9</load_address>
         <run_address>0x1cf9</run_address>
         <size>0x155</size>
         <input_file_ref idref="fl-1a"/>
      </object_component>
      <object_component id="oc-9a">
         <name>.debug_abbrev</name>
         <load_address>0x1e4e</load_address>
         <run_address>0x1e4e</run_address>
         <size>0x157</size>
         <input_file_ref idref="fl-1b"/>
      </object_component>
      <object_component id="oc-9f">
         <name>.debug_abbrev</name>
         <load_address>0x1fa5</load_address>
         <run_address>0x1fa5</run_address>
         <size>0x104</size>
         <input_file_ref idref="fl-1c"/>
      </object_component>
      <object_component id="oc-a4">
         <name>.debug_abbrev</name>
         <load_address>0x20a9</load_address>
         <run_address>0x20a9</run_address>
         <size>0x14a</size>
         <input_file_ref idref="fl-1d"/>
      </object_component>
      <object_component id="oc-a9">
         <name>.debug_abbrev</name>
         <load_address>0x21f3</load_address>
         <run_address>0x21f3</run_address>
         <size>0x14a</size>
         <input_file_ref idref="fl-1e"/>
      </object_component>
      <object_component id="oc-ae">
         <name>.debug_abbrev</name>
         <load_address>0x233d</load_address>
         <run_address>0x233d</run_address>
         <size>0x17f</size>
         <input_file_ref idref="fl-1f"/>
      </object_component>
      <object_component id="oc-b3">
         <name>.debug_abbrev</name>
         <load_address>0x24bc</load_address>
         <run_address>0x24bc</run_address>
         <size>0xde</size>
         <input_file_ref idref="fl-20"/>
      </object_component>
      <object_component id="oc-b9">
         <name>.debug_abbrev</name>
         <load_address>0x259a</load_address>
         <run_address>0x259a</run_address>
         <size>0x46</size>
         <input_file_ref idref="fl-34"/>
      </object_component>
      <object_component id="oc-be">
         <name>.debug_abbrev</name>
         <load_address>0x25e0</load_address>
         <run_address>0x25e0</run_address>
         <size>0xe3</size>
         <input_file_ref idref="fl-35"/>
      </object_component>
      <object_component id="oc-c3">
         <name>.debug_abbrev</name>
         <load_address>0x26c3</load_address>
         <run_address>0x26c3</run_address>
         <size>0xa8</size>
         <input_file_ref idref="fl-36"/>
      </object_component>
      <object_component id="oc-c8">
         <name>.debug_abbrev</name>
         <load_address>0x276b</load_address>
         <run_address>0x276b</run_address>
         <size>0x68</size>
         <input_file_ref idref="fl-37"/>
      </object_component>
      <object_component id="oc-cd">
         <name>.debug_abbrev</name>
         <load_address>0x27d3</load_address>
         <run_address>0x27d3</run_address>
         <size>0x66</size>
         <input_file_ref idref="fl-38"/>
      </object_component>
      <object_component id="oc-d4">
         <name>.debug_abbrev</name>
         <load_address>0x2839</load_address>
         <run_address>0x2839</run_address>
         <size>0x130</size>
         <input_file_ref idref="fl-39"/>
      </object_component>
      <object_component id="oc-d9">
         <name>.debug_abbrev</name>
         <load_address>0x2969</load_address>
         <run_address>0x2969</run_address>
         <size>0xb2</size>
         <input_file_ref idref="fl-3a"/>
      </object_component>
      <object_component id="oc-de">
         <name>.debug_abbrev</name>
         <load_address>0x2a1b</load_address>
         <run_address>0x2a1b</run_address>
         <size>0xee</size>
         <input_file_ref idref="fl-3b"/>
      </object_component>
      <object_component id="oc-11c">
         <name>.debug_abbrev</name>
         <load_address>0x2b09</load_address>
         <run_address>0x2b09</run_address>
         <size>0xf</size>
      </object_component>
      <object_component id="oc-1b">
         <name>.debug_aranges</name>
         <load_address>0x0</load_address>
         <run_address>0x0</run_address>
         <size>0x28</size>
         <input_file_ref idref="fl-2"/>
      </object_component>
      <object_component id="oc-20">
         <name>.debug_aranges</name>
         <load_address>0x28</load_address>
         <run_address>0x28</run_address>
         <size>0x18</size>
         <input_file_ref idref="fl-3"/>
      </object_component>
      <object_component id="oc-26">
         <name>.debug_aranges</name>
         <load_address>0x40</load_address>
         <run_address>0x40</run_address>
         <size>0x50</size>
         <input_file_ref idref="fl-4"/>
      </object_component>
      <object_component id="oc-2b">
         <name>.debug_aranges</name>
         <load_address>0x90</load_address>
         <run_address>0x90</run_address>
         <size>0x20</size>
         <input_file_ref idref="fl-5"/>
      </object_component>
      <object_component id="oc-31">
         <name>.debug_aranges</name>
         <load_address>0xb0</load_address>
         <run_address>0xb0</run_address>
         <size>0x28</size>
         <input_file_ref idref="fl-6"/>
      </object_component>
      <object_component id="oc-36">
         <name>.debug_aranges</name>
         <load_address>0xd8</load_address>
         <run_address>0xd8</run_address>
         <size>0x18</size>
         <input_file_ref idref="fl-7"/>
      </object_component>
      <object_component id="oc-3b">
         <name>.debug_aranges</name>
         <load_address>0xf0</load_address>
         <run_address>0xf0</run_address>
         <size>0xa0</size>
         <input_file_ref idref="fl-8"/>
      </object_component>
      <object_component id="oc-40">
         <name>.debug_aranges</name>
         <load_address>0x190</load_address>
         <run_address>0x190</run_address>
         <size>0x178</size>
         <input_file_ref idref="fl-9"/>
      </object_component>
      <object_component id="oc-45">
         <name>.debug_aranges</name>
         <load_address>0x308</load_address>
         <run_address>0x308</run_address>
         <size>0x18</size>
         <input_file_ref idref="fl-a"/>
      </object_component>
      <object_component id="oc-4b">
         <name>.debug_aranges</name>
         <load_address>0x320</load_address>
         <run_address>0x320</run_address>
         <size>0x70</size>
         <input_file_ref idref="fl-b"/>
      </object_component>
      <object_component id="oc-50">
         <name>.debug_aranges</name>
         <load_address>0x390</load_address>
         <run_address>0x390</run_address>
         <size>0x18</size>
         <input_file_ref idref="fl-c"/>
      </object_component>
      <object_component id="oc-55">
         <name>.debug_aranges</name>
         <load_address>0x3a8</load_address>
         <run_address>0x3a8</run_address>
         <size>0x88</size>
         <input_file_ref idref="fl-d"/>
      </object_component>
      <object_component id="oc-5a">
         <name>.debug_aranges</name>
         <load_address>0x430</load_address>
         <run_address>0x430</run_address>
         <size>0x18</size>
         <input_file_ref idref="fl-e"/>
      </object_component>
      <object_component id="oc-60">
         <name>.debug_aranges</name>
         <load_address>0x448</load_address>
         <run_address>0x448</run_address>
         <size>0xf0</size>
         <input_file_ref idref="fl-f"/>
      </object_component>
      <object_component id="oc-65">
         <name>.debug_aranges</name>
         <load_address>0x538</load_address>
         <run_address>0x538</run_address>
         <size>0xa8</size>
         <input_file_ref idref="fl-10"/>
      </object_component>
      <object_component id="oc-6a">
         <name>.debug_aranges</name>
         <load_address>0x5e0</load_address>
         <run_address>0x5e0</run_address>
         <size>0x360</size>
         <input_file_ref idref="fl-11"/>
      </object_component>
      <object_component id="oc-6f">
         <name>.debug_aranges</name>
         <load_address>0x940</load_address>
         <run_address>0x940</run_address>
         <size>0x18</size>
         <input_file_ref idref="fl-12"/>
      </object_component>
      <object_component id="oc-74">
         <name>.debug_aranges</name>
         <load_address>0x958</load_address>
         <run_address>0x958</run_address>
         <size>0x18</size>
         <input_file_ref idref="fl-13"/>
      </object_component>
      <object_component id="oc-7b">
         <name>.debug_aranges</name>
         <load_address>0x970</load_address>
         <run_address>0x970</run_address>
         <size>0x18</size>
         <input_file_ref idref="fl-14"/>
      </object_component>
      <object_component id="oc-80">
         <name>.debug_aranges</name>
         <load_address>0x988</load_address>
         <run_address>0x988</run_address>
         <size>0x18</size>
         <input_file_ref idref="fl-15"/>
      </object_component>
      <object_component id="oc-85">
         <name>.debug_aranges</name>
         <load_address>0x9a0</load_address>
         <run_address>0x9a0</run_address>
         <size>0x78</size>
         <input_file_ref idref="fl-16"/>
      </object_component>
      <object_component id="oc-8a">
         <name>.debug_aranges</name>
         <load_address>0xa18</load_address>
         <run_address>0xa18</run_address>
         <size>0x70</size>
         <input_file_ref idref="fl-17"/>
      </object_component>
      <object_component id="oc-8f">
         <name>.debug_aranges</name>
         <load_address>0xa88</load_address>
         <run_address>0xa88</run_address>
         <size>0x18</size>
         <input_file_ref idref="fl-18"/>
      </object_component>
      <object_component id="oc-96">
         <name>.debug_aranges</name>
         <load_address>0xaa0</load_address>
         <run_address>0xaa0</run_address>
         <size>0x18</size>
         <input_file_ref idref="fl-1a"/>
      </object_component>
      <object_component id="oc-9b">
         <name>.debug_aranges</name>
         <load_address>0xab8</load_address>
         <run_address>0xab8</run_address>
         <size>0x40</size>
         <input_file_ref idref="fl-1b"/>
      </object_component>
      <object_component id="oc-a0">
         <name>.debug_aranges</name>
         <load_address>0xaf8</load_address>
         <run_address>0xaf8</run_address>
         <size>0x38</size>
         <input_file_ref idref="fl-1c"/>
      </object_component>
      <object_component id="oc-a5">
         <name>.debug_aranges</name>
         <load_address>0xb30</load_address>
         <run_address>0xb30</run_address>
         <size>0x38</size>
         <input_file_ref idref="fl-1d"/>
      </object_component>
      <object_component id="oc-aa">
         <name>.debug_aranges</name>
         <load_address>0xb68</load_address>
         <run_address>0xb68</run_address>
         <size>0x38</size>
         <input_file_ref idref="fl-1e"/>
      </object_component>
      <object_component id="oc-af">
         <name>.debug_aranges</name>
         <load_address>0xba0</load_address>
         <run_address>0xba0</run_address>
         <size>0x18</size>
         <input_file_ref idref="fl-1f"/>
      </object_component>
      <object_component id="oc-b4">
         <name>.debug_aranges</name>
         <load_address>0xbb8</load_address>
         <run_address>0xbb8</run_address>
         <size>0x18</size>
         <input_file_ref idref="fl-20"/>
      </object_component>
      <object_component id="oc-ba">
         <name>.debug_aranges</name>
         <load_address>0xbd0</load_address>
         <run_address>0xbd0</run_address>
         <size>0x20</size>
         <input_file_ref idref="fl-34"/>
      </object_component>
      <object_component id="oc-bf">
         <name>.debug_aranges</name>
         <load_address>0xbf0</load_address>
         <run_address>0xbf0</run_address>
         <size>0x20</size>
         <input_file_ref idref="fl-35"/>
      </object_component>
      <object_component id="oc-c4">
         <name>.debug_aranges</name>
         <load_address>0xc10</load_address>
         <run_address>0xc10</run_address>
         <size>0x20</size>
         <input_file_ref idref="fl-36"/>
      </object_component>
      <object_component id="oc-c9">
         <name>.debug_aranges</name>
         <load_address>0xc30</load_address>
         <run_address>0xc30</run_address>
         <size>0x20</size>
         <input_file_ref idref="fl-37"/>
      </object_component>
      <object_component id="oc-ce">
         <name>.debug_aranges</name>
         <load_address>0xc50</load_address>
         <run_address>0xc50</run_address>
         <size>0x20</size>
         <input_file_ref idref="fl-38"/>
      </object_component>
      <object_component id="oc-d5">
         <name>.debug_aranges</name>
         <load_address>0xc70</load_address>
         <run_address>0xc70</run_address>
         <size>0x28</size>
         <input_file_ref idref="fl-39"/>
      </object_component>
      <object_component id="oc-da">
         <name>.debug_aranges</name>
         <load_address>0xc98</load_address>
         <run_address>0xc98</run_address>
         <size>0x30</size>
         <input_file_ref idref="fl-3a"/>
      </object_component>
      <object_component id="oc-df">
         <name>.debug_aranges</name>
         <load_address>0xcc8</load_address>
         <run_address>0xcc8</run_address>
         <size>0x20</size>
         <input_file_ref idref="fl-3b"/>
      </object_component>
   </object_component_list>
   <logical_group_list>
      <logical_group id="lg-2" display="no" color="cyan">
         <name>.cinit</name>
         <load_address>0x3f72e8</load_address>
         <run_address>0x3f72e8</run_address>
         <size>0x1e</size>
         <contents>
            <object_component_ref idref="oc-d0"/>
            <object_component_ref idref="oc-e9"/>
            <object_component_ref idref="oc-f0"/>
            <object_component_ref idref="oc-76"/>
         </contents>
      </logical_group>
      <logical_group id="lg-3" display="no" color="cyan">
         <name>.pinit</name>
         <run_address>0x0</run_address>
         <size>0x0</size>
         <contents>
         </contents>
      </logical_group>
      <logical_group id="lg-11a" display="no" color="cyan">
         <name>.text</name>
         <load_address>0x3f6000</load_address>
         <run_address>0x3f6000</run_address>
         <size>0x12e8</size>
         <contents>
            <object_component_ref idref="oc-f7"/>
            <object_component_ref idref="oc-f3"/>
            <object_component_ref idref="oc-f6"/>
            <object_component_ref idref="oc-f5"/>
            <object_component_ref idref="oc-f8"/>
            <object_component_ref idref="oc-f4"/>
            <object_component_ref idref="oc-fa"/>
            <object_component_ref idref="oc-f2"/>
            <object_component_ref idref="oc-22"/>
            <object_component_ref idref="oc-ec"/>
            <object_component_ref idref="oc-ed"/>
            <object_component_ref idref="oc-15"/>
            <object_component_ref idref="oc-eb"/>
            <object_component_ref idref="oc-ea"/>
            <object_component_ref idref="oc-f1"/>
            <object_component_ref idref="oc-e7"/>
            <object_component_ref idref="oc-e4"/>
            <object_component_ref idref="oc-e5"/>
            <object_component_ref idref="oc-e1"/>
            <object_component_ref idref="oc-ee"/>
            <object_component_ref idref="oc-e6"/>
            <object_component_ref idref="oc-e3"/>
            <object_component_ref idref="oc-ef"/>
            <object_component_ref idref="oc-2c"/>
            <object_component_ref idref="oc-5c"/>
            <object_component_ref idref="oc-e0"/>
            <object_component_ref idref="oc-e2"/>
         </contents>
      </logical_group>
      <split_section id="lg-4" display="no" color="cyan">
         <name>.text</name>
         <contents>
            <logical_group_ref idref="lg-11a"/>
         </contents>
      </split_section>
      <logical_group id="lg-5" display="no" color="cyan">
         <name>codestart</name>
         <load_address>0x3f7ff6</load_address>
         <run_address>0x3f7ff6</run_address>
         <size>0x2</size>
         <contents>
            <object_component_ref idref="oc-2d"/>
         </contents>
      </logical_group>
      <logical_group id="lg-6" display="no" color="cyan">
         <name>ramfuncs</name>
         <run_address>0x8000</run_address>
         <size>0x0</size>
         <contents>
         </contents>
      </logical_group>
      <logical_group id="lg-7" display="no" color="cyan">
         <name>csmpasswds</name>
         <run_address>0x0</run_address>
         <size>0x0</size>
         <contents>
         </contents>
      </logical_group>
      <logical_group id="lg-8" display="no" color="cyan">
         <name>csm_rsvd</name>
         <run_address>0x0</run_address>
         <size>0x0</size>
         <contents>
         </contents>
      </logical_group>
      <logical_group id="lg-9" display="no" color="cyan">
         <name>.stack</name>
         <run_address>0x50</run_address>
         <size>0x300</size>
         <contents>
            <object_component_ref idref="oc-b5"/>
            <object_component_ref idref="oc-119"/>
         </contents>
      </logical_group>
      <logical_group id="lg-a" display="no" color="cyan">
         <name>.ebss</name>
         <run_address>0x8800</run_address>
         <size>0x3b</size>
         <contents>
            <object_component_ref idref="oc-17"/>
            <object_component_ref idref="oc-47"/>
            <object_component_ref idref="oc-77"/>
            <object_component_ref idref="oc-d1"/>
            <object_component_ref idref="oc-e8"/>
            <object_component_ref idref="oc-f9"/>
         </contents>
      </logical_group>
      <logical_group id="lg-b" display="no" color="cyan">
         <name>.esysmem</name>
         <run_address>0x0</run_address>
         <size>0x0</size>
         <contents>
         </contents>
      </logical_group>
      <logical_group id="lg-c" display="no" color="cyan">
         <name>.sysmem</name>
         <run_address>0x0</run_address>
         <size>0x0</size>
         <contents>
         </contents>
      </logical_group>
      <logical_group id="lg-d" display="no" color="cyan">
         <name>.cio</name>
         <run_address>0x0</run_address>
         <size>0x0</size>
         <contents>
         </contents>
      </logical_group>
      <logical_group id="lg-e" display="no" color="cyan">
         <name>.econst</name>
         <run_address>0x0</run_address>
         <size>0x0</size>
         <contents>
         </contents>
      </logical_group>
      <logical_group id="lg-f" display="no" color="cyan">
         <name>.switch</name>
         <run_address>0x0</run_address>
         <size>0x0</size>
         <contents>
         </contents>
      </logical_group>
      <logical_group id="lg-10" display="no" color="cyan">
         <name>IQmath</name>
         <run_address>0x0</run_address>
         <size>0x0</size>
         <contents>
         </contents>
      </logical_group>
      <logical_group id="lg-11" display="no" color="cyan">
         <name>IQmathTables</name>
         <run_address>0x0</run_address>
         <size>0x0</size>
         <contents>
         </contents>
      </logical_group>
      <logical_group id="lg-12" display="no" color="cyan">
         <name>.reset</name>
         <load_address>0x3fffc0</load_address>
         <run_address>0x3fffc0</run_address>
         <size>0x2</size>
         <contents>
            <object_component_ref idref="oc-b6"/>
         </contents>
      </logical_group>
      <logical_group id="lg-13" display="no" color="cyan">
         <name>vectors</name>
         <run_address>0x3fffc2</run_address>
         <size>0x0</size>
         <contents>
         </contents>
      </logical_group>
      <logical_group id="lg-10d" display="never" color="cyan">
         <name>.debug_info</name>
         <load_address>0x0</load_address>
         <run_address>0x0</run_address>
         <size>0x318a2</size>
         <contents>
            <object_component_ref idref="oc-16"/>
            <object_component_ref idref="oc-1c"/>
            <object_component_ref idref="oc-21"/>
            <object_component_ref idref="oc-27"/>
            <object_component_ref idref="oc-2f"/>
            <object_component_ref idref="oc-32"/>
            <object_component_ref idref="oc-37"/>
            <object_component_ref idref="oc-3c"/>
            <object_component_ref idref="oc-41"/>
            <object_component_ref idref="oc-46"/>
            <object_component_ref idref="oc-4c"/>
            <object_component_ref idref="oc-51"/>
            <object_component_ref idref="oc-56"/>
            <object_component_ref idref="oc-5b"/>
            <object_component_ref idref="oc-61"/>
            <object_component_ref idref="oc-66"/>
            <object_component_ref idref="oc-6b"/>
            <object_component_ref idref="oc-70"/>
            <object_component_ref idref="oc-75"/>
            <object_component_ref idref="oc-7c"/>
            <object_component_ref idref="oc-81"/>
            <object_component_ref idref="oc-86"/>
            <object_component_ref idref="oc-8b"/>
            <object_component_ref idref="oc-90"/>
            <object_component_ref idref="oc-92"/>
            <object_component_ref idref="oc-97"/>
            <object_component_ref idref="oc-9c"/>
            <object_component_ref idref="oc-a1"/>
            <object_component_ref idref="oc-a6"/>
            <object_component_ref idref="oc-ab"/>
            <object_component_ref idref="oc-b0"/>
            <object_component_ref idref="oc-b7"/>
            <object_component_ref idref="oc-bb"/>
            <object_component_ref idref="oc-c0"/>
            <object_component_ref idref="oc-c5"/>
            <object_component_ref idref="oc-ca"/>
            <object_component_ref idref="oc-cf"/>
            <object_component_ref idref="oc-d6"/>
            <object_component_ref idref="oc-db"/>
            <object_component_ref idref="oc-11b"/>
         </contents>
      </logical_group>
      <logical_group id="lg-10f" display="never" color="cyan">
         <name>.debug_frame</name>
         <load_address>0x0</load_address>
         <run_address>0x0</run_address>
         <size>0x2538</size>
         <contents>
            <object_component_ref idref="oc-18"/>
            <object_component_ref idref="oc-1d"/>
            <object_component_ref idref="oc-23"/>
            <object_component_ref idref="oc-28"/>
            <object_component_ref idref="oc-33"/>
            <object_component_ref idref="oc-38"/>
            <object_component_ref idref="oc-3d"/>
            <object_component_ref idref="oc-42"/>
            <object_component_ref idref="oc-48"/>
            <object_component_ref idref="oc-4d"/>
            <object_component_ref idref="oc-52"/>
            <object_component_ref idref="oc-57"/>
            <object_component_ref idref="oc-5d"/>
            <object_component_ref idref="oc-62"/>
            <object_component_ref idref="oc-67"/>
            <object_component_ref idref="oc-6c"/>
            <object_component_ref idref="oc-71"/>
            <object_component_ref idref="oc-78"/>
            <object_component_ref idref="oc-7d"/>
            <object_component_ref idref="oc-82"/>
            <object_component_ref idref="oc-87"/>
            <object_component_ref idref="oc-8c"/>
            <object_component_ref idref="oc-93"/>
            <object_component_ref idref="oc-98"/>
            <object_component_ref idref="oc-9d"/>
            <object_component_ref idref="oc-a2"/>
            <object_component_ref idref="oc-a7"/>
            <object_component_ref idref="oc-ac"/>
            <object_component_ref idref="oc-b1"/>
            <object_component_ref idref="oc-bc"/>
            <object_component_ref idref="oc-c1"/>
            <object_component_ref idref="oc-c6"/>
            <object_component_ref idref="oc-cb"/>
            <object_component_ref idref="oc-d2"/>
            <object_component_ref idref="oc-d7"/>
            <object_component_ref idref="oc-dc"/>
         </contents>
      </logical_group>
      <logical_group id="lg-111" display="never" color="cyan">
         <name>.debug_line</name>
         <load_address>0x0</load_address>
         <run_address>0x0</run_address>
         <size>0x3003</size>
         <contents>
            <object_component_ref idref="oc-19"/>
            <object_component_ref idref="oc-1e"/>
            <object_component_ref idref="oc-24"/>
            <object_component_ref idref="oc-29"/>
            <object_component_ref idref="oc-2e"/>
            <object_component_ref idref="oc-34"/>
            <object_component_ref idref="oc-39"/>
            <object_component_ref idref="oc-3e"/>
            <object_component_ref idref="oc-43"/>
            <object_component_ref idref="oc-49"/>
            <object_component_ref idref="oc-4e"/>
            <object_component_ref idref="oc-53"/>
            <object_component_ref idref="oc-58"/>
            <object_component_ref idref="oc-5e"/>
            <object_component_ref idref="oc-63"/>
            <object_component_ref idref="oc-68"/>
            <object_component_ref idref="oc-6d"/>
            <object_component_ref idref="oc-72"/>
            <object_component_ref idref="oc-79"/>
            <object_component_ref idref="oc-7e"/>
            <object_component_ref idref="oc-83"/>
            <object_component_ref idref="oc-88"/>
            <object_component_ref idref="oc-8d"/>
            <object_component_ref idref="oc-94"/>
            <object_component_ref idref="oc-99"/>
            <object_component_ref idref="oc-9e"/>
            <object_component_ref idref="oc-a3"/>
            <object_component_ref idref="oc-a8"/>
            <object_component_ref idref="oc-ad"/>
            <object_component_ref idref="oc-b2"/>
            <object_component_ref idref="oc-b8"/>
            <object_component_ref idref="oc-bd"/>
            <object_component_ref idref="oc-c2"/>
            <object_component_ref idref="oc-c7"/>
            <object_component_ref idref="oc-cc"/>
            <object_component_ref idref="oc-d3"/>
            <object_component_ref idref="oc-d8"/>
[...]
         <value>0x3f6059</value>
         <object_component_ref idref="oc-f7"/>
      </symbol>
      <symbol id="sm-204">
         <name>_PWM_setHrEdgeMode</name>
         <value>0x3f61e8</value>
         <object_component_ref idref="oc-f7"/>
      </symbol>
      <symbol id="sm-205">
         <name>_PWM_setDeadBandOutputMode</name>
         <value>0x3f6377</value>
         <object_component_ref idref="oc-f7"/>
      </symbol>
      <symbol id="sm-206">
         <name>_PWM_setActionQual_CntUp_CmpA_PwmB</name>
         <value>0x3f628a</value>
         <object_component_ref idref="oc-f7"/>
      </symbol>
      <symbol id="sm-207">
         <name>_PWM_setActionQual_CntUp_CmpA_PwmA</name>
         <value>0x3f6278</value>
         <object_component_ref idref="oc-f7"/>
      </symbol>
      <symbol id="sm-208">
         <name>_PWM_setActionQual_CntUp_CmpB_PwmB</name>
         <value>0x3f62ae</value>
         <object_component_ref idref="oc-f7"/>
      </symbol>
      <symbol id="sm-209">
         <name>_PWM_setActionQual_CntUp_CmpB_PwmA</name>
         <value>0x3f629c</value>
         <object_component_ref idref="oc-f7"/>
      </symbol>
      <symbol id="sm-20a">
         <name>_PWM_setSyncMode</name>
         <value>0x3f6569</value>
         <object_component_ref idref="oc-f7"/>
      </symbol>
      <symbol id="sm-20b">
         <name>_PWM_getDeadBandRisingEdgeDelay</name>
         <value>0x3f618c</value>
         <object_component_ref idref="oc-f7"/>
      </symbol>
      <symbol id="sm-20c">
         <name>_PWM_clearTripZone</name>
         <value>0x3f6000</value>
         <object_component_ref idref="oc-f7"/>
      </symbol>
      <symbol id="sm-20d">
         <name>_PWM_setSocBPulseSrc</name>
         <value>0x3f6535</value>
         <object_component_ref idref="oc-f7"/>
      </symbol>
      <symbol id="sm-20e">
         <name>_PWM_getDeadBandFallingEdgeDelay</name>
         <value>0x3f6182</value>
         <object_component_ref idref="oc-f7"/>
      </symbol>
      <symbol id="sm-20f">
         <name>_PWM_disableInt</name>
         <value>0x3f6091</value>
         <object_component_ref idref="oc-f7"/>
      </symbol>
      <symbol id="sm-210">
         <name>_PWM_setIntPeriod</name>
         <value>0x3f6493</value>
         <object_component_ref idref="oc-f7"/>
      </symbol>
      <symbol id="sm-211">
         <name>_PWM_enableHrPeriod</name>
         <value>0x3f6127</value>
         <object_component_ref idref="oc-f7"/>
      </symbol>
      <symbol id="sm-212">
         <name>_PWM_enableDeadBandHalfCycle</name>
         <value>0x3f6100</value>
         <object_component_ref idref="oc-f7"/>
      </symbol>
      <symbol id="sm-213">
         <name>_PWM_setDeadBandInputMode</name>
         <value>0x3f6366</value>
         <object_component_ref idref="oc-f7"/>
      </symbol>
      <symbol id="sm-214">
         <name>_PWM_setSocBPeriod</name>
         <value>0x3f6523</value>
         <object_component_ref idref="oc-f7"/>
      </symbol>
      <symbol id="sm-215">
         <name>_PWM_decrementDeadBandFallingEdgeDelay</name>
         <value>0x3f600f</value>
         <object_component_ref idref="oc-f7"/>
      </symbol>
      <symbol id="sm-216">
         <name>_PWM_disableChopping</name>
         <value>0x3f6031</value>
         <object_component_ref idref="oc-f7"/>
      </symbol>
      <symbol id="sm-217">
         <name>_PWM_setPeriodLoad</name>
         <value>0x3f64e7</value>
         <object_component_ref idref="oc-f7"/>
      </symbol>
      <symbol id="sm-218">
         <name>_PWM_enableSocAPulse</name>
         <value>0x3f614e</value>
         <object_component_ref idref="oc-f7"/>
      </symbol>
      <symbol id="sm-219">
         <name>_PWM_enableSocBPulse</name>
         <value>0x3f6159</value>
         <object_component_ref idref="oc-f7"/>
      </symbol>
      <symbol id="sm-21a">
         <name>_PWM_disableSocBPulse</name>
         <value>0x3f60a7</value>
         <object_component_ref idref="oc-f7"/>
      </symbol>
      <symbol id="sm-21b">
         <name>_PWM_disableSocAPulse</name>
         <value>0x3f609c</value>
         <object_component_ref idref="oc-f7"/>
      </symbol>
      <symbol id="sm-21c">
         <name>_PWM_setClkDiv</name>
         <value>0x3f6339</value>
         <object_component_ref idref="oc-f7"/>
      </symbol>
      <symbol id="sm-21d">
         <name>_PWM_setChoppingClkFreq</name>
         <value>0x3f6306</value>
         <object_component_ref idref="oc-f7"/>
      </symbol>
      <symbol id="sm-21e">
         <name>_PWM_enableTripZoneSrc</name>
         <value>0x3f6173</value>
         <object_component_ref idref="oc-f7"/>
      </symbol>
      <symbol id="sm-21f">
         <name>_PWM_disableTripZoneInt</name>
         <value>0x3f60bf</value>
         <object_component_ref idref="oc-f7"/>
      </symbol>
      <symbol id="sm-220">
         <name>_PWM_enableHrPhaseSync</name>
         <value>0x3f6140</value>
         <object_component_ref idref="oc-f7"/>
      </symbol>
      <symbol id="sm-221">
         <name>_PWM_disableHrPhaseSync</name>
         <value>0x3f6083</value>
         <object_component_ref idref="oc-f7"/>
      </symbol>
      <symbol id="sm-222">
         <name>_PWM_enableInt</name>
         <value>0x3f6135</value>
         <object_component_ref idref="oc-f7"/>
      </symbol>
      <symbol id="sm-223">
         <name>_PWM_setHrShadowMode</name>
         <value>0x3f61fc</value>
         <object_component_ref idref="oc-f7"/>
      </symbol>
      <symbol id="sm-224">
         <name>_PWM_enableAutoConvert</name>
         <value>0x3f60df</value>
         <object_component_ref idref="oc-f7"/>
      </symbol>
      <symbol id="sm-225">
         <name>_PWM_setDigitalCompareBlankingPulse</name>
         <value>0x3f63b9</value>
         <object_component_ref idref="oc-f7"/>
      </symbol>
      <symbol id="sm-226">
         <name>_PWM_setCounterMode</name>
         <value>0x3f634e</value>
         <object_component_ref idref="oc-f7"/>
      </symbol>
      <symbol id="sm-227">
         <name>_PWM_getIntCount</name>
         <value>0x3f6196</value>
         <object_component_ref idref="oc-f7"/>
      </symbol>
      <symbol id="sm-228">
         <name>_PWM_enableChopping</name>
         <value>0x3f60ed</value>
         <object_component_ref idref="oc-f7"/>
      </symbol>
      <symbol id="sm-229">
         <name>_PWM_disableDeadBandHalfCycle</name>
         <value>0x3f604e</value>
         <object_component_ref idref="oc-f7"/>
      </symbol>
      <symbol id="sm-22a">
         <name>_PWM_disableAutoConvert</name>
         <value>0x3f6023</value>
         <object_component_ref idref="oc-f7"/>
      </symbol>
      <symbol id="sm-22b">
         <name>_PWM_setTripZoneDCEventSelect_DCBEVT2</name>
         <value>0x3f65b3</value>
         <object_component_ref idref="oc-f7"/>
      </symbol>
      <symbol id="sm-22c">
         <name>_PWM_setTripZoneDCEventSelect_DCBEVT1</name>
         <value>0x3f659e</value>
         <object_component_ref idref="oc-f7"/>
      </symbol>
      <symbol id="sm-22d">
         <name>_PWM_setDeadBandRisingEdgeDelay</name>
         <value>0x3f6399</value>
         <object_component_ref idref="oc-f7"/>
      </symbol>
      <symbol id="sm-22e">
         <name>_PWM_setDigitalCompareBEvent2</name>
         <value>0x3f645c</value>
         <object_component_ref idref="oc-f7"/>
      </symbol>
      <symbol id="sm-22f">
         <name>_PWM_setDigitalCompareBEvent1</name>
         <value>0x3f643b</value>
         <object_component_ref idref="oc-f7"/>
      </symbol>
      <symbol id="sm-230">
         <name>_PWM_disableTripZoneSrc</name>
         <value>0x3f60cf</value>
         <object_component_ref idref="oc-f7"/>
      </symbol>
      <symbol id="sm-231">
         <name>_PWM_setChoppingDutyCycle</name>
         <value>0x3f6317</value>
         <object_component_ref idref="oc-f7"/>
      </symbol>
      <symbol id="sm-232">
         <name>_PWM_setChoppingPulseWidth</name>
         <value>0x3f6328</value>
         <object_component_ref idref="oc-f7"/>
      </symbol>
      <symbol id="sm-233">
         <name>_PWM_setSwSync</name>
         <value>0x3f6561</value>
         <object_component_ref idref="oc-f7"/>
      </symbol>
      <symbol id="sm-234">
         <name>_PWM_setSocAPulseSrc</name>
         <value>0x3f6511</value>
         <object_component_ref idref="oc-f7"/>
      </symbol>
      <symbol id="sm-235">
         <name>_PWM_setDigitalCompareFilterWindow</name>
         <value>0x3f63da</value>
         <object_component_ref idref="oc-f7"/>
      </symbol>
      <symbol id="sm-236">
         <name>_PWM_setActionQual_CntDown_CmpA_PwmB</name>
         <value>0x3f6242</value>
         <object_component_ref idref="oc-f7"/>
      </symbol>
      <symbol id="sm-237">
         <name>_PWM_setActionQual_CntDown_CmpA_PwmA</name>
         <value>0x3f6230</value>
         <object_component_ref idref="oc-f7"/>
      </symbol>
      <symbol id="sm-238">
         <name>_PWM_setActionQual_CntDown_CmpB_PwmB</name>
         <value>0x3f6266</value>
         <object_component_ref idref="oc-f7"/>
      </symbol>
      <symbol id="sm-239">
         <name>_PWM_setActionQual_CntDown_CmpB_PwmA</name>
         <value>0x3f6254</value>
         <object_component_ref idref="oc-f7"/>
      </symbol>
      <symbol id="sm-23a">
         <name>_PWM_setCount</name>
         <value>0x3f6345</value>
         <object_component_ref idref="oc-f7"/>
      </symbol>
      <symbol id="sm-23b">
         <name>_PWM_enableTripZoneInt</name>
         <value>0x3f6164</value>
         <object_component_ref idref="oc-f7"/>
      </symbol>
      <symbol id="sm-23c">
         <name>_PWM_setTripZoneState_DCBEVT1</name>
         <value>0x3f65f2</value>
         <object_component_ref idref="oc-f7"/>
      </symbol>
      <symbol id="sm-23d">
         <name>_PWM_setTripZoneState_DCBEVT2</name>
         <value>0x3f6607</value>
         <object_component_ref idref="oc-f7"/>
      </symbol>
      <symbol id="sm-23e">
         <name>_PWM_setActionQual_Period_PwmA</name>
         <value>0x3f62c0</value>
         <object_component_ref idref="oc-f7"/>
      </symbol>
      <symbol id="sm-23f">
         <name>_PWM_setActionQual_Period_PwmB</name>
         <value>0x3f62d2</value>
         <object_component_ref idref="oc-f7"/>
      </symbol>
      <symbol id="sm-25f">
         <name>_ioSci</name>
         <value>0x8834</value>
         <object_component_ref idref="oc-77"/>
      </symbol>
      <symbol id="sm-260">
         <name>_deviceOpen</name>
         <value>0x8832</value>
         <object_component_ref idref="oc-77"/>
      </symbol>
      <symbol id="sm-277">
         <name>_TIMER_setEmulationMode</name>
         <value>0x3f6e81</value>
         <object_component_ref idref="oc-fa"/>
      </symbol>
      <symbol id="sm-278">
         <name>_TIMER_disableInt</name>
         <value>0x3f6e38</value>
         <object_component_ref idref="oc-fa"/>
      </symbol>
      <symbol id="sm-279">
         <name>_TIMER_start</name>
         <value>0x3f6eb0</value>
         <object_component_ref idref="oc-fa"/>
      </symbol>
      <symbol id="sm-27a">
         <name>_TIMER_setPreScaler</name>
         <value>0x3f6e99</value>
         <object_component_ref idref="oc-fa"/>
      </symbol>
      <symbol id="sm-27b">
         <name>_TIMER_setPeriod</name>
         <value>0x3f6e90</value>
         <object_component_ref idref="oc-fa"/>
      </symbol>
      <symbol id="sm-27c">
         <name>_TIMER_setDecimationFactor</name>
         <value>0x3f6e6c</value>
         <object_component_ref idref="oc-fa"/>
      </symbol>
      <symbol id="sm-27d">
         <name>_TIMER_getStatus</name>
         <value>0x3f6e4c</value>
         <object_component_ref idref="oc-fa"/>
      </symbol>
      <symbol id="sm-27e">
         <name>_TIMER_init</name>
         <value>0x3f6e56</value>
         <object_component_ref idref="oc-fa"/>
      </symbol>
      <symbol id="sm-27f">
         <name>_TIMER_clearFlag</name>
         <value>0x3f6e2e</value>
         <object_component_ref idref="oc-fa"/>
      </symbol>
      <symbol id="sm-280">
         <name>_TIMER_reload</name>
         <value>0x3f6e62</value>
         <object_component_ref idref="oc-fa"/>
      </symbol>
      <symbol id="sm-281">
         <name>_TIMER_enableInt</name>
         <value>0x3f6e42</value>
         <object_component_ref idref="oc-fa"/>
      </symbol>
      <symbol id="sm-282">
         <name>_TIMER_stop</name>
         <value>0x3f6eba</value>
         <object_component_ref idref="oc-fa"/>
      </symbol>
      <symbol id="sm-290">
         <name>_WDOG_disableInt</name>
         <value>0x3f6ee1</value>
         <object_component_ref idref="oc-f2"/>
      </symbol>
      <symbol id="sm-291">
         <name>_WDOG_setPreScaler</name>
         <value>0x3f6f3b</value>
         <object_component_ref idref="oc-f2"/>
      </symbol>
      <symbol id="sm-292">
         <name>_WDOG_enableInt</name>
         <value>0x3f6f07</value>
         <object_component_ref idref="oc-f2"/>
      </symbol>
      <symbol id="sm-293">
         <name>_WDOG_enable</name>
         <value>0x3f6ef7</value>
         <object_component_ref idref="oc-f2"/>
      </symbol>
      <symbol id="sm-294">
         <name>_WDOG_setCount</name>
         <value>0x3f6f32</value>
         <object_component_ref idref="oc-f2"/>
      </symbol>
      <symbol id="sm-295">
         <name>_WDOG_init</name>
         <value>0x3f6f26</value>
         <object_component_ref idref="oc-f2"/>
      </symbol>
      <symbol id="sm-296">
         <name>_WDOG_getIntStatus</name>
         <value>0x3f6f1d</value>
         <object_component_ref idref="oc-f2"/>
      </symbol>
      <symbol id="sm-297">
         <name>_WDOG_disable</name>
         <value>0x3f6ed1</value>
         <object_component_ref idref="oc-f2"/>
      </symbol>
      <symbol id="sm-298">
         <name>_WDOG_enableOverRide</name>
         <value>0x3f6f12</value>
         <object_component_ref idref="oc-f2"/>
      </symbol>
      <symbol id="sm-299">
         <name>_WDOG_disableOverRide</name>
         <value>0x3f6eec</value>
         <object_component_ref idref="oc-f2"/>
      </symbol>
      <symbol id="sm-29a">
         <name>_WDOG_clearCounter</name>
         <value>0x3f6ec3</value>
         <object_component_ref idref="oc-f2"/>
      </symbol>
      <symbol id="sm-2bd">
         <name>_LED_PWM_eventConfigure</name>
         <value>0x3f7034</value>
         <object_component_ref idref="oc-ec"/>
      </symbol>
      <symbol id="sm-2be">
         <name>_LED_PWM_initial</name>
         <value>0x3f6fd6</value>
         <object_component_ref idref="oc-ec"/>
      </symbol>
      <symbol id="sm-2bf">
         <name>_LED_PWM_pinConfigure</name>
         <value>0x3f6fd7</value>
         <object_component_ref idref="oc-ec"/>
      </symbol>
      <symbol id="sm-2c0">
         <name>_LED_PWM_functionConfigure</name>
         <value>0x3f6fed</value>
         <object_component_ref idref="oc-ec"/>
      </symbol>
      <symbol id="sm-2cc">
         <name>_myCap_functionConfigure</name>
         <value>0x3f705d</value>
         <object_component_ref idref="oc-ed"/>
      </symbol>
      <symbol id="sm-2cd">
         <name>_myCap_initial</name>
         <value>0x3f7035</value>
         <object_component_ref idref="oc-ed"/>
      </symbol>
      <symbol id="sm-2ce">
         <name>_myCap_pinConfigure</name>
         <value>0x3f7040</value>
         <object_component_ref idref="oc-ed"/>
      </symbol>
      <symbol id="sm-2cf">
         <name>_myCap_eventConfigure</name>
         <value>0x3f7098</value>
         <object_component_ref idref="oc-ed"/>
      </symbol>
      <symbol id="sm-2db">
         <name>_User_Pie_initial</name>
         <value>0x3f7279</value>
         <object_component_ref idref="oc-ee"/>
      </symbol>
      <symbol id="sm-2dc">
         <name>_User_Pie_functionConfigure</name>
         <value>0x3f727b</value>
         <object_component_ref idref="oc-ee"/>
      </symbol>
      <symbol id="sm-2dd">
         <name>_User_Pie_pinConfigure</name>
         <value>0x3f727a</value>
         <object_component_ref idref="oc-ee"/>
      </symbol>
      <symbol id="sm-2de">
         <name>_User_Pie_eventConfigure</name>
         <value>0x3f7285</value>
         <object_component_ref idref="oc-ee"/>
      </symbol>
      <symbol id="sm-2ea">
         <name>_User_System_eventConfigure</name>
         <value>0x3f7144</value>
         <object_component_ref idref="oc-eb"/>
      </symbol>
      <symbol id="sm-2eb">
         <name>_User_System_pinConfigure</name>
         <value>0x3f70f3</value>
         <object_component_ref idref="oc-eb"/>
      </symbol>
      <symbol id="sm-2ec">
         <name>_User_System_initial</name>
         <value>0x3f70f2</value>
         <object_component_ref idref="oc-eb"/>
      </symbol>
      <symbol id="sm-2ed">
         <name>_User_System_functionConfigure</name>
         <value>0x3f70f4</value>
         <object_component_ref idref="oc-eb"/>
      </symbol>
      <symbol id="sm-31a">
         <name>_c_int00</name>
         <value>0x3f709e</value>
         <object_component_ref idref="oc-15"/>
      </symbol>
      <symbol id="sm-31b">
         <name>__stack</name>
         <value>0x50</value>
         <object_component_ref idref="oc-b5"/>
      </symbol>
      <symbol id="sm-32a">
         <name>_copy_in</name>
         <value>0x3f7255</value>
         <object_component_ref idref="oc-e1"/>
      </symbol>
      <symbol id="sm-33b">
         <name>_memcpy</name>
         <value>0x3f7299</value>
         <object_component_ref idref="oc-e6"/>
      </symbol>
      <symbol id="sm-347">
         <name>__system_pre_init</name>
         <value>0x3f72e5</value>
         <object_component_ref idref="oc-e0"/>
      </symbol>
      <symbol id="sm-354">
         <name>__system_post_cinit</name>
         <value>0x3f72e7</value>
         <object_component_ref idref="oc-e2"/>
      </symbol>
      <symbol id="sm-368">
         <name>C$$EXIT</name>
         <value>0x3f7204</value>
         <object_component_ref idref="oc-e4"/>
      </symbol>
      <symbol id="sm-369">
         <name>_exit</name>
         <value>0x3f7206</value>
         <object_component_ref idref="oc-e4"/>
      </symbol>
      <symbol id="sm-36a">
         <name>___TI_cleanup_ptr</name>
         <value>0x882e</value>
         <object_component_ref idref="oc-d1"/>
      </symbol>
      <symbol id="sm-36b">
         <name>___TI_enable_exit_profile_output</name>
         <value>0x882c</value>
         <object_component_ref idref="oc-d1"/>
      </symbol>
      <symbol id="sm-36c">
         <name>_abort</name>
         <value>0x3f7204</value>
         <object_component_ref idref="oc-e4"/>
      </symbol>
      <symbol id="sm-36d">
         <name>___TI_dtors_ptr</name>
         <value>0x8830</value>
         <object_component_ref idref="oc-d1"/>
      </symbol>
      <symbol id="sm-381">
         <name>__unlock</name>
         <value>0x8838</value>
         <object_component_ref idref="oc-f9"/>
      </symbol>
      <symbol id="sm-382">
         <name>__lock</name>
         <value>0x8836</value>
         <object_component_ref idref="oc-e8"/>
      </symbol>
      <symbol id="sm-383">
         <name>__register_lock</name>
         <value>0x3f72d3</value>
         <object_component_ref idref="oc-ef"/>
      </symbol>
      <symbol id="sm-384">
         <name>__nop</name>
         <value>0x3f72d7</value>
         <object_component_ref idref="oc-ef"/>
      </symbol>
      <symbol id="sm-385">
         <name>__register_unlock</name>
         <value>0x3f72cf</value>
         <object_component_ref idref="oc-ef"/>
      </symbol>
      <symbol id="sm-394">
         <name>__args_main</name>
         <value>0x3f72b6</value>
         <object_component_ref idref="oc-e3"/>
      </symbol>
   </symbol_table>
   <title>Link successful</title>
</link_info>
